{
  "status": "completed",
  "stage": "3B",
  "training_years": [
    1990,
    1991,
    1992,
    1993,
    1994,
    1995,
    1996,
    1997,
    1998,
    1999,
    2000,
    2001,
    2002,
    2003,
    2004,
    2005,
    2006,
    2007,
    2008
  ],
  "actors": 161,
  "parameters": 58,
  "draws": 3000,
  "seed": 2009301,
  "nsub": 0,
  "simOnly": false,
  "simulator_calls": 3000,
  "phase3_entries": 1,
  "optimization_entries": 0,
  "newton_checks": 1,
  "coefficients_identical_at_every_simulator_call": true,
  "coefficients_identical_after": true,
  "fixed_flags_identical": true,
  "observed_targets_identical": true,
  "original": {
    "draws": 1000,
    "maximum_absolute_t": 0.07587932310910743,
    "overall": 0.2613440047985902,
    "individual_pass": true,
    "overall_pass": false
  },
  "fresh_prefix": {
    "draws": 1000,
    "maximum_absolute_t": 0.0942296442808812,
    "overall": 0.26208269327212586,
    "individual_pass": true,
    "overall_pass": false
  },
  "fresh_full": {
    "draws": 3000,
    "maximum_absolute_t": 0.05091503518965382,
    "overall": 0.19081938270781293,
    "individual_pass": true,
    "overall_pass": true
  },
  "historical_fit_accepted": false,
  "fresh_native_diagnostics": {
    "valid": true,
    "maximum_absolute_t_ratio": 0.05091503518965382,
    "overall_maximum_convergence": 0.19081938270781293,
    "t_ratios": [
      -0.023903650977258342,
      0.031157258252784332,
      -0.03701643337211721,
      -0.01633863052199101,
      0.018162896447896627,
      -0.023780618352945104,
      0.01003318728964402,
      -0.01600533515945119,
      0.003340307419027321,
      -0.003561668584183656,
      0.01977189714871539,
      0.005322657519368532,
      -0.01016463073411539,
      0.017686335871844726,
      0.030658784978477654,
      0.003766550844899433,
      0.01083395484434873,
      -0.037653286711706015,
      0.0032254934823160793,
      0.03726690147702942,
      0.03244747174849816,
      -0.035459349716302345,
      0.01046369028738968,
      0.004453318139683378,
      0.002514956346317949,
      -0.023303204812907877,
      0.009961853092896433,
      -0.015290614110652172,
      0.011776141800451742,
      -0.017384070739205,
      -0.006751407505446916,
      0.004236205216006157,
      0.001319824628601616,
      0.04963440990568765,
      -0.04309124863091771,
      0.003052539210478693,
      0.005316649375073598,
      0.006846979875379384,
      -0.02937124943008803,
      -0.02433962078957762,
      -0.01963185128188604,
      -0.05091503518965382,
      -0.040692782964109976,
      0.021128257772842676,
      0.020082838601882605,
      -0.01719189579516209,
      0.008300529756837304,
      0.0003508392412957686,
      -0.045587749458262126,
      -0.005937830925241596,
      -0.008015920465839202,
      0.042688764708207774,
      -0.04543498459013737,
      0.020989652906255464,
      0.023475721814711324,
      -0.020596941661783937,
      -0.015165693424039721,
      0.005470979236063881
    ],
    "estimates": [
      0.04708822079903541,
      0.13952032976401443,
      0.4297404848900026,
      0.3477927215340455,
      0.32340792080606867,
      0.31832000918515085,
      0.39776901596252473,
      0.3085642206442121,
      0.3268870676838705,
      0.2745249963418704,
      0.3228020814621039,
      0.44639410121677076,
      0.3538811765279471,
      0.32360174372267525,
      0.28985774430120614,
      0.5159422368530107,
      0.3421491460818473,
      0.3962698005341864,
      -5.537395692724511,
      0.15839745095270064,
      0.057236223009883125,
      -0.8576149250858432,
      1.0931303683454128,
      -0.6065382604886647,
      0.07087754784121958,
      -3.3897351416678756,
      -0.0559390540022195,
      1.4515840611661313,
      0.799071401745604,
      0.9339627613771004,
      1.2964572315301648,
      1.350425247260172,
      1.1915306023764387,
      0.6969388480477422,
      0.5621270751819533,
      0.47628554815555524,
      0.5214741538400244,
      0.3722498412167183,
      1.7115278372356442,
      0.5829261800396226,
      1.3128685474660216,
      0.32121150283882416,
      0.2947503294477335,
      1.0850819919270336,
      0.4074787397793119,
      0.3523566878705642,
      0.40673637863825685,
      -1.1716601012900836,
      -0.027762192832477616,
      0.08873782237549595,
      -0.020653164885987087,
      -0.4487919416133955,
      -2.2396411684080277,
      0.8752066023950256,
      -0.010892108252889918,
      0.2574936970471824,
      0.13711461332200747,
      7.130777332941632
    ],
    "standard_errors": [
      0.022203385529688452,
      0.03483047816945889,
      0.07864441749339361,
      0.04938646067204239,
      0.0599612481007197,
      0.05746784595641148,
      0.06453619309513031,
      0.05618331206030176,
      0.05324487573831936,
      0.0479590069565702,
      0.055014165538562865,
      0.0652212429812403,
      0.05546082358163317,
      0.052427203230975564,
      0.04828783127454488,
      0.06713033520089744,
      0.05192763480221153,
      0.053758546334046184,
      0.21606735470214536,
      0.05161147844460764,
      0.005119356571641542,
      0.06960208305812302,
      0.13425820030014146,
      0.06958286478757492,
      0.02977349037981074,
      0.3467337429482606,
      0.05776378191692606,
      0.23477575883628146,
      0.06714686418003687,
      0.1768049783099457,
      0.2578152253600917,
      0.2619929476393728,
      0.22333321750142077,
      0.13356389094215482,
      0.1215558122974014,
      0.10464293882637458,
      0.10929307857542539,
      0.08342173476201856,
      0.3774823243361732,
      0.11081231015034193,
      0.23906683849584712,
      0.07983084108561143,
      0.07690242330296629,
      0.20976206836236844,
      0.10385990123646219,
      0.08624060588308345,
      0.09563569654353737,
      0.07845949546103957,
      0.023533628947017576,
      0.023237956780611496,
      0.007285106334008818,
      0.13407682401372017,
      0.8742500504179094,
      0.1638937725707835,
      0.0035706593957439514,
      0.19059125860694928,
      0.09133626958177836,
      2.927337566050179
    ],
    "native_ok": true,
    "termination": "OK",
    "phase3_complete": true,
    "phase3_iterations": 3000,
    "covariance_all_finite": true,
    "covariance_message": "",
    "divergence": {
      "present": true,
      "shape_valid": true,
      "any": false,
      "indices": []
    },
    "fixed_parameters": {
      "present": true,
      "shape_valid": true,
      "any": false,
      "indices": []
    },
    "newly_fixed_parameters": {
      "present": false,
      "shape_valid": true,
      "any": false,
      "indices": []
    },
    "covariance_minimum_eigenvalue": 3.858705098998502e-06,
    "covariance_condition_number": 2223210.4909888287,
    "finite_identified": true
  },
  "native_elapsed_seconds": 722.326,
  "warnings": [],
  "source_function_verification": {
    "siena07": {
      "source": "R/siena07.r",
      "loaded_body_and_formals_match": true
    },
    "robmon": {
      "source": "R/robmon.r",
      "loaded_body_and_formals_match": true
    },
    "initializeFRAN": {
      "source": "R/initializeFRAN.r",
      "loaded_body_and_formals_match": true
    },
    "simstats0c": {
      "source": "R/simstatsc.r",
      "loaded_body_and_formals_match": true
    },
    "terminateFRAN": {
      "source": "R/terminateFRAN.r",
      "loaded_body_and_formals_match": true
    },
    "phase3": {
      "source": "R/phase3.r",
      "loaded_body_and_formals_match": true
    },
    "phase3.2": {
      "source": "R/phase3.r",
      "loaded_body_and_formals_match": true
    },
    "CalculateDerivative3": {
      "source": "R/phase3.r",
      "loaded_body_and_formals_match": true
    },
    "PotentialNR": {
      "source": "R/phase3.r",
      "loaded_body_and_formals_match": true
    }
  },
  "reconstruction": {
    "max_t_error": 0,
    "max_covariance_error": 0,
    "overall_error": 0
  },
  "new_refits": 0,
  "new_forecasts": 0,
  "target_packets_read": 0,
  "raw_archives_read": 0,
  "interpretation": "One new diagnostic batch at unchanged theta. Prefix and full estimates are nested, not independent repetitions. No variability estimate or historical acceptance update; primary fitting policy unchanged."
}
