Warning message:
package ‘jsonlite’ was built under R version 4.2.3 
$status
[1] "complete"

$pooled
$pooled$pr_auc
[1] 0.9356303

$pooled$brier
[1] 0.00409273

$pooled$spending_rmse
[1] 0.362443

$pooled$formation_pr_auc
[1] 0.03342794

$pooled$dissolution_pr_auc
[1] 0.02196225


$delete_one_batch
$delete_one_batch[[1]]
$delete_one_batch[[1]]$pr_auc
[1] 0.9358564

$delete_one_batch[[1]]$brier
[1] 0.004090224

$delete_one_batch[[1]]$spending_rmse
[1] 0.3628484

$delete_one_batch[[1]]$formation_pr_auc
[1] 0.03369776

$delete_one_batch[[1]]$dissolution_pr_auc
[1] 0.02211826


$delete_one_batch[[2]]
$delete_one_batch[[2]]$pr_auc
[1] 0.935997

$delete_one_batch[[2]]$brier
[1] 0.004094703

$delete_one_batch[[2]]$spending_rmse
[1] 0.3620869

$delete_one_batch[[2]]$formation_pr_auc
[1] 0.03331534

$delete_one_batch[[2]]$dissolution_pr_auc
[1] 0.02228411


$delete_one_batch[[3]]
$delete_one_batch[[3]]$pr_auc
[1] 0.9360307

$delete_one_batch[[3]]$brier
[1] 0.004097768

$delete_one_batch[[3]]$spending_rmse
[1] 0.3619676

$delete_one_batch[[3]]$formation_pr_auc
[1] 0.03330391

$delete_one_batch[[3]]$dissolution_pr_auc
[1] 0.02185613


$delete_one_batch[[4]]
$delete_one_batch[[4]]$pr_auc
[1] 0.9359506

$delete_one_batch[[4]]$brier
[1] 0.004091456

$delete_one_batch[[4]]$spending_rmse
[1] 0.3628031

$delete_one_batch[[4]]$formation_pr_auc
[1] 0.03336326

$delete_one_batch[[4]]$dissolution_pr_auc
[1] 0.02198548


$delete_one_batch[[5]]
$delete_one_batch[[5]]$pr_auc
[1] 0.9362028

$delete_one_batch[[5]]$brier
[1] 0.004090789

$delete_one_batch[[5]]$spending_rmse
[1] 0.3625516

$delete_one_batch[[5]]$formation_pr_auc
[1] 0.0346014

$delete_one_batch[[5]]$dissolution_pr_auc
[1] 0.02202491



$batches
$batches[[1]]
$batches[[1]]$pr_auc
[1] 0.9367957

$batches[[1]]$brier
[1] 0.004107607

$batches[[1]]$spending_rmse
[1] 0.3609904

$batches[[1]]$formation_pr_auc
[1] 0.03274557

$batches[[1]]$dissolution_pr_auc
[1] 0.02199327


$batches[[2]]
$batches[[2]]$pr_auc
[1] 0.9362884

$batches[[2]]$brier
[1] 0.004089879

$batches[[2]]$spending_rmse
[1] 0.3640191

$batches[[2]]$formation_pr_auc
[1] 0.03304431

$batches[[2]]$dissolution_pr_auc
[1] 0.02125313


$batches[[3]]
$batches[[3]]$pr_auc
[1] 0.9365156

$batches[[3]]$brier
[1] 0.004078369

$batches[[3]]$spending_rmse
[1] 0.3645313

$batches[[3]]$formation_pr_auc
[1] 0.03519382

$batches[[3]]$dissolution_pr_auc
[1] 0.02284451


$batches[[4]]
$batches[[4]]$pr_auc
[1] 0.9383771

$batches[[4]]$brier
[1] 0.004102817

$batches[[4]]$spending_rmse
[1] 0.3611582

$batches[[4]]$formation_pr_auc
[1] 0.03329438

$batches[[4]]$dissolution_pr_auc
[1] 0.02287305


$batches[[5]]
$batches[[5]]$pr_auc
[1] 0.9366567

$batches[[5]]$brier
[1] 0.004105623

$batches[[5]]$spending_rmse
[1] 0.3621972

$batches[[5]]$formation_pr_auc
[1] 0.03118376

$batches[[5]]$dissolution_pr_auc
[1] 0.02249156



$eligibility_sha256
[1] "3e51b26e7feee1dda91b8fd2b9db0693e637428df9e02e9a3c2f56fbd9eef1cd"

$dyads
[1] 12720

$spending_countries
[1] 152

$primary_endpoints
[1] 5000

$uncertainty
[1] "Conditional simulation precision only; five-block jackknife is approximate, especially for PR-AUC ties"

$structural_checks
$structural_checks[[1]]
$structural_checks[[1]]$scope
[1] "Network restricted to the common eligible dyad mask; inactive and invalid edges absent in both observed and simulated graphs"

$structural_checks[[1]]$interpretation
[1] "Descriptive predictive envelopes, not independent-dyad significance tests or coefficient uncertainty"

$structural_checks[[1]]$observed
$structural_checks[[1]]$observed$ties
[1] 484

$structural_checks[[1]]$observed$triangles
[1] 751

$structural_checks[[1]]$observed$clustering
[1] 0.2694654

$structural_checks[[1]]$observed$degree_variance
[1] 74.18734


$structural_checks[[1]]$simulated
$structural_checks[[1]]$simulated[[1]]
$structural_checks[[1]]$simulated[[1]]$statistic
[1] "ties"

$structural_checks[[1]]$simulated[[1]]$finite_simulations
[1] 1000

$structural_checks[[1]]$simulated[[1]]$mean
[1] 503.672

$structural_checks[[1]]$simulated[[1]]$quantiles_025_50_975
[1] 486 504 522


$structural_checks[[1]]$simulated[[2]]
$structural_checks[[1]]$simulated[[2]]$statistic
[1] "triangles"

$structural_checks[[1]]$simulated[[2]]$finite_simulations
[1] 1000

$structural_checks[[1]]$simulated[[2]]$mean
[1] 892.201

$structural_checks[[1]]$simulated[[2]]$quantiles_025_50_975
[1] 826.000 891.000 967.025


$structural_checks[[1]]$simulated[[3]]
$structural_checks[[1]]$simulated[[3]]$statistic
[1] "clustering"

$structural_checks[[1]]$simulated[[3]]$finite_simulations
[1] 1000

$structural_checks[[1]]$simulated[[3]]$mean
[1] 0.2918239

$structural_checks[[1]]$simulated[[3]]$quantiles_025_50_975
[1] 0.2786695 0.2914781 0.3054700


$structural_checks[[1]]$simulated[[4]]
$structural_checks[[1]]$simulated[[4]]$statistic
[1] "degree_variance"

$structural_checks[[1]]$simulated[[4]]$finite_simulations
[1] 1000

$structural_checks[[1]]$simulated[[4]]$mean
[1] 81.53912

$structural_checks[[1]]$simulated[[4]]$quantiles_025_50_975
[1] 76.97123 81.47034 86.55072




$structural_checks[[2]]
$structural_checks[[2]]$scope
[1] "Network restricted to the common eligible dyad mask; inactive and invalid edges absent in both observed and simulated graphs"

$structural_checks[[2]]$interpretation
[1] "Descriptive predictive envelopes, not independent-dyad significance tests or coefficient uncertainty"

$structural_checks[[2]]$observed
$structural_checks[[2]]$observed$ties
[1] 484

$structural_checks[[2]]$observed$triangles
[1] 751

$structural_checks[[2]]$observed$clustering
[1] 0.2694654

$structural_checks[[2]]$observed$degree_variance
[1] 74.18734


$structural_checks[[2]]$simulated
$structural_checks[[2]]$simulated[[1]]
$structural_checks[[2]]$simulated[[1]]$statistic
[1] "ties"

$structural_checks[[2]]$simulated[[1]]$finite_simulations
[1] 1000

$structural_checks[[2]]$simulated[[1]]$mean
[1] 503.976

$structural_checks[[2]]$simulated[[1]]$quantiles_025_50_975
[1] 487 504 522


$structural_checks[[2]]$simulated[[2]]
$structural_checks[[2]]$simulated[[2]]$statistic
[1] "triangles"

$structural_checks[[2]]$simulated[[2]]$finite_simulations
[1] 1000

$structural_checks[[2]]$simulated[[2]]$mean
[1] 893.962

$structural_checks[[2]]$simulated[[2]]$quantiles_025_50_975
[1] 832 892 974


$structural_checks[[2]]$simulated[[3]]
$structural_checks[[2]]$simulated[[3]]$statistic
[1] "clustering"

$structural_checks[[2]]$simulated[[3]]$finite_simulations
[1] 1000

$structural_checks[[2]]$simulated[[3]]$mean
[1] 0.2921153

$structural_checks[[2]]$simulated[[3]]$quantiles_025_50_975
[1] 0.2797336 0.2916844 0.3072570


$structural_checks[[2]]$simulated[[4]]
$structural_checks[[2]]$simulated[[4]]$statistic
[1] "degree_variance"

$structural_checks[[2]]$simulated[[4]]$finite_simulations
[1] 1000

$structural_checks[[2]]$simulated[[4]]$mean
[1] 81.60566

$structural_checks[[2]]$simulated[[4]]$quantiles_025_50_975
[1] 76.96826 81.51498 86.97540




$structural_checks[[3]]
$structural_checks[[3]]$scope
[1] "Network restricted to the common eligible dyad mask; inactive and invalid edges absent in both observed and simulated graphs"

$structural_checks[[3]]$interpretation
[1] "Descriptive predictive envelopes, not independent-dyad significance tests or coefficient uncertainty"

$structural_checks[[3]]$observed
$structural_checks[[3]]$observed$ties
[1] 484

$structural_checks[[3]]$observed$triangles
[1] 751

$structural_checks[[3]]$observed$clustering
[1] 0.2694654

$structural_checks[[3]]$observed$degree_variance
[1] 74.18734


$structural_checks[[3]]$simulated
$structural_checks[[3]]$simulated[[1]]
$structural_checks[[3]]$simulated[[1]]$statistic
[1] "ties"

$structural_checks[[3]]$simulated[[1]]$finite_simulations
[1] 1000

$structural_checks[[3]]$simulated[[1]]$mean
[1] 503.381

$structural_checks[[3]]$simulated[[1]]$quantiles_025_50_975
[1] 487 503 519


$structural_checks[[3]]$simulated[[2]]
$structural_checks[[3]]$simulated[[2]]$statistic
[1] "triangles"

$structural_checks[[3]]$simulated[[2]]$finite_simulations
[1] 1000

$structural_checks[[3]]$simulated[[2]]$mean
[1] 890.372

$structural_checks[[3]]$simulated[[2]]$quantiles_025_50_975
[1] 829.975 887.000 969.000


$structural_checks[[3]]$simulated[[3]]
$structural_checks[[3]]$simulated[[3]]$statistic
[1] "clustering"

$structural_checks[[3]]$simulated[[3]]$finite_simulations
[1] 1000

$structural_checks[[3]]$simulated[[3]]$mean
[1] 0.2917124

$structural_checks[[3]]$simulated[[3]]$quantiles_025_50_975
[1] 0.2782937 0.2914826 0.3062500


$structural_checks[[3]]$simulated[[4]]
$structural_checks[[3]]$simulated[[4]]$statistic
[1] "degree_variance"

$structural_checks[[3]]$simulated[[4]]$finite_simulations
[1] 1000

$structural_checks[[3]]$simulated[[4]]$mean
[1] 81.3869

$structural_checks[[3]]$simulated[[4]]$quantiles_025_50_975
[1] 77.17313 81.28863 86.06839




$structural_checks[[4]]
$structural_checks[[4]]$scope
[1] "Network restricted to the common eligible dyad mask; inactive and invalid edges absent in both observed and simulated graphs"

$structural_checks[[4]]$interpretation
[1] "Descriptive predictive envelopes, not independent-dyad significance tests or coefficient uncertainty"

$structural_checks[[4]]$observed
$structural_checks[[4]]$observed$ties
[1] 484

$structural_checks[[4]]$observed$triangles
[1] 751

$structural_checks[[4]]$observed$clustering
[1] 0.2694654

$structural_checks[[4]]$observed$degree_variance
[1] 74.18734


$structural_checks[[4]]$simulated
$structural_checks[[4]]$simulated[[1]]
$structural_checks[[4]]$simulated[[1]]$statistic
[1] "ties"

$structural_checks[[4]]$simulated[[1]]$finite_simulations
[1] 1000

$structural_checks[[4]]$simulated[[1]]$mean
[1] 503.764

$structural_checks[[4]]$simulated[[1]]$quantiles_025_50_975
[1] 488.0 503.5 521.0


$structural_checks[[4]]$simulated[[2]]
$structural_checks[[4]]$simulated[[2]]$statistic
[1] "triangles"

$structural_checks[[4]]$simulated[[2]]$finite_simulations
[1] 1000

$structural_checks[[4]]$simulated[[2]]$mean
[1] 891.123

$structural_checks[[4]]$simulated[[2]]$quantiles_025_50_975
[1] 827.000 890.000 967.025


$structural_checks[[4]]$simulated[[3]]
$structural_checks[[4]]$simulated[[3]]$statistic
[1] "clustering"

$structural_checks[[4]]$simulated[[3]]$finite_simulations
[1] 1000

$structural_checks[[4]]$simulated[[3]]$mean
[1] 0.2915119

$structural_checks[[4]]$simulated[[3]]$quantiles_025_50_975
[1] 0.2782484 0.2914707 0.3049920


$structural_checks[[4]]$simulated[[4]]
$structural_checks[[4]]$simulated[[4]]$statistic
[1] "degree_variance"

$structural_checks[[4]]$simulated[[4]]$finite_simulations
[1] 1000

$structural_checks[[4]]$simulated[[4]]$mean
[1] 81.50685

$structural_checks[[4]]$simulated[[4]]$quantiles_025_50_975
[1] 77.14850 81.47341 86.46227




$structural_checks[[5]]
$structural_checks[[5]]$scope
[1] "Network restricted to the common eligible dyad mask; inactive and invalid edges absent in both observed and simulated graphs"

$structural_checks[[5]]$interpretation
[1] "Descriptive predictive envelopes, not independent-dyad significance tests or coefficient uncertainty"

$structural_checks[[5]]$observed
$structural_checks[[5]]$observed$ties
[1] 484

$structural_checks[[5]]$observed$triangles
[1] 751

$structural_checks[[5]]$observed$clustering
[1] 0.2694654

$structural_checks[[5]]$observed$degree_variance
[1] 74.18734


$structural_checks[[5]]$simulated
$structural_checks[[5]]$simulated[[1]]
$structural_checks[[5]]$simulated[[1]]$statistic
[1] "ties"

$structural_checks[[5]]$simulated[[1]]$finite_simulations
[1] 1000

$structural_checks[[5]]$simulated[[1]]$mean
[1] 504.112

$structural_checks[[5]]$simulated[[1]]$quantiles_025_50_975
[1] 486.975 504.000 523.000


$structural_checks[[5]]$simulated[[2]]
$structural_checks[[5]]$simulated[[2]]$statistic
[1] "triangles"

$structural_checks[[5]]$simulated[[2]]$finite_simulations
[1] 1000

$structural_checks[[5]]$simulated[[2]]$mean
[1] 892.331

$structural_checks[[5]]$simulated[[2]]$quantiles_025_50_975
[1] 824.975 891.000 965.000


$structural_checks[[5]]$simulated[[3]]
$structural_checks[[5]]$simulated[[3]]$statistic
[1] "clustering"

$structural_checks[[5]]$simulated[[3]]$finite_simulations
[1] 1000

$structural_checks[[5]]$simulated[[3]]$mean
[1] 0.2915669

$structural_checks[[5]]$simulated[[3]]$quantiles_025_50_975
[1] 0.2781990 0.2914453 0.3054653


$structural_checks[[5]]$simulated[[4]]
$structural_checks[[5]]$simulated[[4]]$statistic
[1] "degree_variance"

$structural_checks[[5]]$simulated[[4]]$finite_simulations
[1] 1000

$structural_checks[[5]]$simulated[[4]]$mean
[1] 81.59161

$structural_checks[[5]]$simulated[[4]]$quantiles_025_50_975
[1] 76.89860 81.57842 86.35602





Warning message:
package ‘PRROC’ was built under R version 4.2.3 
