$target
[1] 2007

$simulations
[1] 1000

$seed
[1] 2007105

$primary
$primary$n
[1] 12720

$primary$positives
[1] 484

$primary$negatives
[1] 12236

$primary$pr_auc
[1] 0.9371355

$primary$roc_auc
[1] 0.9878785

$primary$brier
[1] 0.004102077

$primary$limitation
NULL


$formation
$formation$n
[1] 12262

$formation$positives
[1] 37

$formation$negatives
[1] 12225

$formation$pr_auc
[1] 0.04072551

$formation$roc_auc
[1] 0.847887

$formation$brier
[1] 0.003129639

$formation$limitation
NULL


$dissolution
$dissolution$n
[1] 458

$dissolution$positives
[1] 11

$dissolution$negatives
[1] 447

$dissolution$pr_auc
[1] 0.02114021

$dissolution$roc_auc
[1] 0.4774253

$dissolution$brier
[1] 0.03013708

$dissolution$limitation
NULL


$persistence
$persistence$n
[1] 12720

$persistence$positives
[1] 484

$persistence$negatives
[1] 12236

$persistence$pr_auc
[1] 0.9108378

$persistence$roc_auc
[1] 0.9613274

$persistence$brier
[1] 0.003773585

$persistence$limitation
NULL


$spending
$spending$n
[1] 152

$spending$units
[1] "ordinal categories 1-11"

$spending$rmse
[1] 0.3630664


$network_diagnostics
$network_diagnostics$expected_ties
[1] 499.28

$network_diagnostics$observed_ties
[1] 484

$network_diagnostics$expected_density
[1] 0.03925157

$network_diagnostics$observed_density
[1] 0.03805031

$network_diagnostics$degree_rmse
[1] 1.15975


$structural_predictive_checks
$structural_predictive_checks$scope
[1] "Network restricted to the common eligible dyad mask; inactive and invalid edges absent in both observed and simulated graphs"

$structural_predictive_checks$interpretation
[1] "Descriptive predictive envelopes, not independent-dyad significance tests or coefficient uncertainty"

$structural_predictive_checks$observed
$structural_predictive_checks$observed$ties
[1] 484

$structural_predictive_checks$observed$triangles
[1] 751

$structural_predictive_checks$observed$clustering
[1] 0.2694654

$structural_predictive_checks$observed$degree_variance
[1] 74.18734


$structural_predictive_checks$simulated
$structural_predictive_checks$simulated[[1]]
$structural_predictive_checks$simulated[[1]]$statistic
[1] "ties"

$structural_predictive_checks$simulated[[1]]$finite_simulations
[1] 1000

$structural_predictive_checks$simulated[[1]]$mean
[1] 499.28

$structural_predictive_checks$simulated[[1]]$quantiles_025_50_975
[1] 483 499 517


$structural_predictive_checks$simulated[[2]]
$structural_predictive_checks$simulated[[2]]$statistic
[1] "triangles"

$structural_predictive_checks$simulated[[2]]$finite_simulations
[1] 1000

$structural_predictive_checks$simulated[[2]]$mean
[1] 877.027

$structural_predictive_checks$simulated[[2]]$quantiles_025_50_975
[1] 800.975 875.000 958.050


$structural_predictive_checks$simulated[[3]]
$structural_predictive_checks$simulated[[3]]$statistic
[1] "clustering"

$structural_predictive_checks$simulated[[3]]$finite_simulations
[1] 1000

$structural_predictive_checks$simulated[[3]]$mean
[1] 0.2850043

$structural_predictive_checks$simulated[[3]]$quantiles_025_50_975
[1] 0.2690767 0.2850291 0.3029602


$structural_predictive_checks$simulated[[4]]
$structural_predictive_checks$simulated[[4]]$statistic
[1] "degree_variance"

$structural_predictive_checks$simulated[[4]]$finite_simulations
[1] 1000

$structural_predictive_checks$simulated[[4]]$mean
[1] 82.90751

$structural_predictive_checks$simulated[[4]]$quantiles_025_50_975
[1] 78.06923 82.81634 88.61843




$eligibility
$eligibility$total_unordered_pairs
[1] 12880

$eligibility$eligible
[1] 12720

$eligibility$excluded_inactive
[1] 160

$eligibility$excluded_target_missing_or_structural
[1] 0

$eligibility$excluded_origin_missing_or_structural
[1] 0

$eligibility$origin_actors
[1] 160

$eligibility$target_present_in_sample
[1] 160

$eligibility$entered_since_origin_in_training_sample
character(0)

$eligibility$left_since_origin_in_training_sample
character(0)

$eligibility$target_actors_outside_training_sample
 [1] "40"  "110" "520" "531" "581" "620" "700" "731" "860" "910" "940"


