Warning message:
package ‘jsonlite’ was built under R version 4.2.3 
Tracing function "phase1.1" in package "namespace:RSiena"
Tracing function "phase1.2" in package "namespace:RSiena"
Tracing function "phase2.1" in package "namespace:RSiena"
Tracing function "proc2subphase" in package "namespace:RSiena"
Tracing function "maxlikec" in package "namespace:RSiena"
Tracing function "phase3" in package "namespace:RSiena"
Tracing function "simstats0c" in package "namespace:RSiena"
Tracing function "phase3.2" in package "namespace:RSiena"
Tracing function "PotentialNR" in package "namespace:RSiena"
STEP3C: 250/3000 draws; theta unchanged; elapsed 41.0 s
STEP3C: 500/3000 draws; theta unchanged; elapsed 79.6 s
STEP3C: 750/3000 draws; theta unchanged; elapsed 118.4 s
STEP3C: 1000/3000 draws; theta unchanged; elapsed 157.0 s
STEP3C: 1250/3000 draws; theta unchanged; elapsed 195.8 s
STEP3C: 1500/3000 draws; theta unchanged; elapsed 234.7 s
STEP3C: 1750/3000 draws; theta unchanged; elapsed 273.5 s
STEP3C: 2000/3000 draws; theta unchanged; elapsed 312.1 s
STEP3C: 2250/3000 draws; theta unchanged; elapsed 351.0 s
STEP3C: 2500/3000 draws; theta unchanged; elapsed 389.6 s
STEP3C: 2750/3000 draws; theta unchanged; elapsed 428.0 s
STEP3C: 3000/3000 draws; theta unchanged; elapsed 467.1 s
Untracing function "PotentialNR" in package "namespace:RSiena"
Untracing function "phase3.2" in package "namespace:RSiena"
Untracing function "simstats0c" in package "namespace:RSiena"
Untracing function "phase3" in package "namespace:RSiena"
Untracing function "maxlikec" in package "namespace:RSiena"
Untracing function "proc2subphase" in package "namespace:RSiena"
Untracing function "phase2.1" in package "namespace:RSiena"
Untracing function "phase1.2" in package "namespace:RSiena"
Untracing function "phase1.1" in package "namespace:RSiena"
{
  "status": "completed",
  "stage": "3C",
  "fit": "attempt3",
  "seed": 2009304,
  "draws": 3000,
  "replications": 1,
  "training_years": [1990, 1991, 1992, 1993, 1994, 1995, 1996, 1997, 1998, 1999, 2000, 2001, 2002, 2003, 2004, 2005, 2006, 2007, 2008],
  "actors": 161,
  "parameters": 58,
  "nsub": 0,
  "simOnly": false,
  "coefficients_identical": true,
  "original_fixed_flags_preserved": true,
  "historical_attempt_accepted": false,
  "new_refits": 0,
  "new_forecasts": 0,
  "target_packets_read": 0,
  "raw_archives_read": 0,
  "step4_started": false,
  "guard": {
    "status": "completed",
    "phase3_entries": 1,
    "simulator_entries": 3000,
    "simulator_exits": 3000,
    "forbidden_entries": 0,
    "potential_nr_calls": 1,
    "postprocessing_entries": 1,
    "checked_every_simulator_call": true,
    "seed": 2009304,
    "nsub": 0,
    "n3": 3000,
    "simOnly": false,
    "warnings": [],
    "elapsed_seconds": 471.93700000000001
  },
  "original_diagnostic": {
    "draws": 1000,
    "maximum_absolute_t": 0.07587932310910743,
    "overall": 0.26134400479859027
  },
  "fresh_first_1000": {
    "draws": 1000,
    "maximum_absolute_t": 0.085431942084985474,
    "overall": 0.27183692606291043,
    "individual_pass": true,
    "overall_pass": false
  },
  "fresh_full_3000": {
    "draws": 3000,
    "maximum_absolute_t": 0.058876144084114443,
    "overall": 0.19514899039008324,
    "individual_pass": true,
    "overall_pass": true
  },
  "native_diagnostics": {
    "valid": true,
    "maximum_absolute_t_ratio": 0.058876144084114443,
    "overall_maximum_convergence": 0.19514899039008329,
    "t_ratios": [0.029177629847402475, 0.015462095913239599, -0.034247937579354876, 0.024857955574275933, 0.0034977103031226162, -0.0041239376074796007, 0.015888153452438401, -0.018201660262515747, 0.0049611079816513472, -0.036616509374718935, 0.0098019037886085941, -0.012170768700232914, 0.0092161414382113428, 0.028936181282403085, 0.01453613699368999, -0.0081481412960564253, 0.023204243101112208, -0.019172136660628249, 0.0382944345182991, 0.034816717766684768, 0.02592361076355279, -0.058876144084114443, 0.015885835667766593, 0.00054667869592856758, 0.014006483625087511, -0.030829914865786852, 0.03540305944483798, -0.038971456724839086, 0.034872484260792841, -0.0010010104395425494, -0.014115001452476813, -0.044169478470420763, -0.010045153513188779, 0.021788968858298473, -0.045157388341598576, 0.031055989352306614, -0.02641441652815699, -0.018675671040860362, 0.010967796688629744, -0.00067802793407041302, -0.040544242836013641, 0.010382026039941823, -0.006393985773458016, 0.0095002619621573636, -0.014779063744697967, 0.010957550682786955, 0.04601545401746221, -0.0032269293623893797, -0.0060422903411109169, -0.0044375620047503207, -0.002969934776613658, -0.0054437982198398058, -0.040044100752080737, 0.0041287170550147363, 0.018560122771923839, -0.010828659330275383, 0.028510361673890317, 2.0094608130630154e-05],
    "estimates": [0.047088220799035407, 0.13952032976401443, 0.42974048489000261, 0.3477927215340455, 0.32340792080606867, 0.31832000918515085, 0.39776901596252473, 0.30856422064421207, 0.32688706768387049, 0.27452499634187039, 0.32280208146210387, 0.44639410121677076, 0.35388117652794709, 0.32360174372267525, 0.28985774430120614, 0.51594223685301066, 0.34214914608184732, 0.39626980053418642, -5.5373956927245107, 0.15839745095270064, 0.057236223009883125, -0.85761492508584325, 1.0931303683454128, -0.60653826048866466, 0.070877547841219579, -3.3897351416678756, -0.055939054002219497, 1.4515840611661313, 0.79907140174560398, 0.93396276137710044, 1.2964572315301648, 1.3504252472601721, 1.1915306023764387, 0.6969388480477422, 0.56212707518195326, 0.47628554815555524, 0.52147415384002438, 0.37224984121671828, 1.7115278372356442, 0.5829261800396226, 1.3128685474660216, 0.32121150283882416, 0.29475032944773349, 1.0850819919270336, 0.40747873977931193, 0.35235668787056418, 0.40673637863825685, -1.1716601012900836, -0.027762192832477616, 0.088737822375495948, -0.020653164885987087, -0.44879194161339547, -2.2396411684080277, 0.87520660239502557, -0.010892108252889918, 0.25749369704718239, 0.13711461332200747, 7.1307773329416317],
    "standard_errors": [0.022361912900440199, 0.03471724789862262, 0.07799903655507763, 0.051366741248402438, 0.059350870162419807, 0.057989233322135063, 0.064339410145760806, 0.053638760919450454, 0.054100616060747585, 0.049936806888247399, 0.05398321532844369, 0.064347224077750689, 0.052396786547714132, 0.053282667031562723, 0.047307664344658239, 0.067400471851582405, 0.050544424338260938, 0.055591924912322503, 0.22248086337916403, 0.051927633665163488, 0.0050516547490993737, 0.071748593248740319, 0.13369477367609769, 0.069850811062250981, 0.030376295580665198, 0.35859462566639022, 0.056996319405966285, 0.24159802017577323, 0.068438118279478072, 0.18662898568615063, 0.24119053033835514, 0.243623053451751, 0.22306134291139992, 0.13185192007418534, 0.11102933068196291, 0.096667518982257672, 0.10727785650474224, 0.084737240419913651, 0.33184746085937689, 0.11236383149481256, 0.24690855185971769, 0.077229809371282557, 0.073247632511864141, 0.20924836810004693, 0.10241666358874586, 0.093450386749186501, 0.096093903644798778, 0.077027274413598579, 0.02334848916678936, 0.023464145451625212, 0.0074181300282697522, 0.13670146847805187, 0.86772389435659669, 0.16162511405593644, 0.0035139398600646911, 0.19241700754576885, 0.092323404856118063, 2.9635404611320353],
    "native_ok": true,
    "termination": "OK",
    "phase3_complete": true,
    "phase3_iterations": 3000,
    "covariance_all_finite": true,
    "covariance_message": "",
    "divergence": {
      "present": true,
      "shape_valid": true,
      "any": false,
      "indices": []
    },
    "fixed_parameters": {
      "present": true,
      "shape_valid": true,
      "any": false,
      "indices": []
    },
    "newly_fixed_parameters": {
      "present": false,
      "shape_valid": true,
      "any": false,
      "indices": []
    },
    "covariance_minimum_eigenvalue": 3.8768024058872332e-06,
    "covariance_condition_number": 2270181.2287910604,
    "finite_identified": true
  },
  "source_function_verification": {
    "siena07": {
      "source": "R/siena07.r",
      "loaded_body_and_formals_match": true
    },
    "robmon": {
      "source": "R/robmon.r",
      "loaded_body_and_formals_match": true
    },
    "initializeFRAN": {
      "source": "R/initializeFRAN.r",
      "loaded_body_and_formals_match": true
    },
    "simstats0c": {
      "source": "R/simstatsc.r",
      "loaded_body_and_formals_match": true
    },
    "terminateFRAN": {
      "source": "R/terminateFRAN.r",
      "loaded_body_and_formals_match": true
    },
    "phase3": {
      "source": "R/phase3.r",
      "loaded_body_and_formals_match": true
    },
    "phase3.2": {
      "source": "R/phase3.r",
      "loaded_body_and_formals_match": true
    },
    "CalculateDerivative3": {
      "source": "R/phase3.r",
      "loaded_body_and_formals_match": true
    },
    "PotentialNR": {
      "source": "R/phase3.r",
      "loaded_body_and_formals_match": true
    }
  },
  "self_tests": {
    "status": "passed",
    "checks": 13,
    "new_simulations": 0
  },
  "interpretation": "One declared repeatability cell. Prefix 1000 and full 3000 are nested, correlated samples; vectors use disjoint seed sets. Historical acceptance remains unchanged. This is conditional diagnostic variability, not fitting uncertainty, prediction quality, identification proof or search readiness."
} 
