[1] TRUE
[1] TRUE
          used  (Mb) gc trigger  (Mb) max used  (Mb)
Ncells 1946024 104.0    3797838 202.9  3797838 202.9
Vcells 3771861  28.8   19947819 152.2 31165064 237.8
  effectName                  include fix   test  initialValue parm
1 basic rate parameter dv.net TRUE    FALSE FALSE        200   0   
  effectName              include fix   test  initialValue parm
1 rate milex.beh period 1 TRUE    FALSE FALSE        200   0   
  effectName       include fix   test  initialValue parm
1 degree (density) TRUE    FALSE FALSE          0   0   
  effectName             include fix   test  initialValue parm
1 milex.beh linear shape TRUE    FALSE FALSE       -0.5   0   
[1] effectName   include      fix          test         initialValue
[6] parm        
<0 rows> (or 0-length row.names)
  effectName     include fix   test  initialValue parm
1 degree act+pop TRUE    FALSE FALSE          0   2   
  effectName        include fix   test  initialValue parm
1 transitive triads TRUE    FALSE FALSE          0   0   
  effectName      include fix   test  initialValue parm
1 milex.beh alter TRUE    FALSE FALSE          0   0   
  effectName       include fix   test  initialValue parm
1 threat.cov alter TRUE    FALSE FALSE          0   0   
  effectName include fix   test  initialValue parm
1 dyad.cov   TRUE    FALSE FALSE          0   0   
  effectName       include fix   test  initialValue parm
1 milex.beh degree TRUE    FALSE FALSE          0   0   
  effectName             include fix   test  initialValue parm
1 milex.beh dense triads TRUE    FALSE FALSE          0   6   
  effectName                        include fix   test  initialValue parm
1 milex.beh: effect from threat.cov TRUE    FALSE FALSE       0.75   0   
If you use this algorithm object, siena07 will create/use an output file output/abm/ABM_sims.txt .
  effectName                  include fix   test  initialValue parm
1 basic rate parameter dv.net TRUE    FALSE FALSE          1   0   
  effectName              include fix   test  initialValue parm
1 rate milex.beh period 1 TRUE    FALSE FALSE          1   0   
  effectName       include fix   test  initialValue parm
1 degree (density) TRUE    FALSE FALSE          0   0   
  effectName             include fix   test  initialValue parm
1 milex.beh linear shape TRUE    FALSE FALSE       -0.5   0   
[1] effectName   include      fix          test         initialValue
[6] parm        
<0 rows> (or 0-length row.names)
  effectName     include fix   test  initialValue parm
1 degree act+pop TRUE    FALSE FALSE          0   2   
  effectName        include fix   test  initialValue parm
1 transitive triads TRUE    FALSE FALSE          0   0   
  effectName      include fix   test  initialValue parm
1 milex.beh alter TRUE    FALSE FALSE          0   0   
  effectName       include fix   test  initialValue parm
1 threat.cov alter TRUE    FALSE FALSE          0   0   
  effectName include fix   test  initialValue parm
1 dyad.cov   TRUE    FALSE FALSE          0   0   
  effectName       include fix   test  initialValue parm
1 milex.beh degree TRUE    FALSE FALSE       0.01   0   
  effectName             include fix   test  initialValue parm
1 milex.beh dense triads TRUE    FALSE FALSE          0   6   
  effectName                        include fix   test  initialValue parm
1 milex.beh: effect from threat.cov TRUE    FALSE FALSE       0.75   0   
If you use this algorithm object, siena07 will create/use an output file output/abm/equilibriaModels.txt .
[1] 1
  effectName              include fix   test  initialValue parm
1 rate milex.beh period 1 TRUE    FALSE FALSE          1   0   
  effectName                  include fix   test  initialValue parm
1 basic rate parameter dv.net TRUE    FALSE FALSE          1   0   

Stochastic approximation algorithm.
Initial value for gain parameter = 0.2828427.
Reduction factor for gain parameter = 0.5.
Start of the algorithm.
Observed function values are 
  1.   84.00000   2.  347.00000   3.  574.00000   4. 5369.18099   5.  -46.37073 
  6.   19.72417   7.   45.22642   8.   34.00000   9.   -3.00000  10.   38.39623 
 11.  -75.26415  12.    3.88478
0 subphases; no estimation: only phase 3.

Start phase 0 
theta:  1.00  0.00  0.00  0.00  0.00  0.00  0.00  1.00 -0.50  0.01  0.00  0.75 
Current parameter values:
 1.00  0.00  0.00  0.00  0.00  0.00  0.00  1.00 -0.50  0.01  0.00  0.75

Start phase 3 
Simulated values, phase 3.
Phase 3 Iteration 1 Progress 99%
Time per iteration in phase 3   =  0.0544 
Correlations between scores and statistics:
0.970 0.663 0.976 0.715 0.998 0.858 0.838 0.016 0.701 0.877 0.864 0.701

Total of 10 iteration steps.


@3
Estimates and standard errors
                             
 1. rate:  basic rate parameter dv.net                             1.0000  
 2. eval:  degree (density)                                        0.0000  
 3. eval:  transitive triads                                       0.0000  
 4. eval:  degree act+pop                                          0.0000  
 5. eval:  dyad.cov                                                0.0000  
 6. eval:  threat.cov alter                                        0.0000  
 7. eval:  milex.beh alter                                         0.0000  
 8. rate:  rate milex.beh period 1                                 1.0000  
 9. eval:  milex.beh linear shape                                 -0.5000  
10. eval:  milex.beh degree                                        0.0100  
11. eval:  milex.beh dense triads                                  0.0000  
12. eval:  milex.beh: effect from threat.cov                       0.7500  

Estimated means and standard deviations, standard errors of the mean 
  1. Amount of network change                                 311.275   22.545   1.7444
  2. Number of edges                                          475.191   12.155   2.8774
  3. Number of transitive triads                              562.173   19.732   1.3637
  4. Sum of squared degrees                                  6668.318  171.572  37.9303
  5. Sum of ties x dyad.cov                                   -32.089   28.706   0.6344
  6. Sum of degrees x threat.cov                               27.506   21.583   3.5102
  7. Sum of degrees x milex.beh                                29.100   25.385   4.3812
  8. Amount of behavioral change                               64.409    5.602   1.7711
  9. milex.beh centered sum                                    19.041    7.989   1.8027
 10. milex.beh outdegrees                                     107.424   74.637  11.3450
 11. milex.beh dense triads                                   119.141  213.116  33.9753
 12. milex.beh x threat.cov                                    37.157   11.226   2.5308

[1] 5
  effectName              include fix   test  initialValue parm
1 rate milex.beh period 1 TRUE    FALSE FALSE          5   0   
  effectName                  include fix   test  initialValue parm
1 basic rate parameter dv.net TRUE    FALSE FALSE          5   0   
[1] TRUE
[1] TRUE
          used  (Mb) gc trigger  (Mb) max used  (Mb)
Ncells 1946024 104.0    3797838 202.9  3797838 202.9
Vcells 3771861  28.8   19947819 152.2 31165064 237.8
  effectName                  include fix   test  initialValue parm
1 basic rate parameter dv.net TRUE    FALSE FALSE        200   0   
  effectName              include fix   test  initialValue parm
1 rate milex.beh period 1 TRUE    FALSE FALSE        200   0   
  effectName       include fix   test  initialValue parm
1 degree (density) TRUE    FALSE FALSE          0   0   
  effectName             include fix   test  initialValue parm
1 milex.beh linear shape TRUE    FALSE FALSE       -0.5   0   
[1] effectName   include      fix          test         initialValue
[6] parm        
<0 rows> (or 0-length row.names)
  effectName     include fix   test  initialValue parm
1 degree act+pop TRUE    FALSE FALSE          0   2   
  effectName        include fix   test  initialValue parm
1 transitive triads TRUE    FALSE FALSE          0   0   
  effectName      include fix   test  initialValue parm
1 milex.beh alter TRUE    FALSE FALSE          0   0   
  effectName       include fix   test  initialValue parm
1 threat.cov alter TRUE    FALSE FALSE          0   0   
  effectName include fix   test  initialValue parm
1 dyad.cov   TRUE    FALSE FALSE          0   0   
  effectName       include fix   test  initialValue parm
1 milex.beh degree TRUE    FALSE FALSE          0   0   
  effectName             include fix   test  initialValue parm
1 milex.beh dense triads TRUE    FALSE FALSE          0   6   
  effectName                        include fix   test  initialValue parm
1 milex.beh: effect from threat.cov TRUE    FALSE FALSE       0.75   0   
If you use this algorithm object, siena07 will create/use an output file output/abm/ABM_sims.txt .
  effectName                  include fix   test  initialValue parm
1 basic rate parameter dv.net TRUE    FALSE FALSE          1   0   
  effectName              include fix   test  initialValue parm
1 rate milex.beh period 1 TRUE    FALSE FALSE          1   0   
  effectName       include fix   test  initialValue parm
1 degree (density) TRUE    FALSE FALSE          0   0   
  effectName             include fix   test  initialValue parm
1 milex.beh linear shape TRUE    FALSE FALSE       -0.5   0   
[1] effectName   include      fix          test         initialValue
[6] parm        
<0 rows> (or 0-length row.names)
  effectName     include fix   test  initialValue parm
1 degree act+pop TRUE    FALSE FALSE          0   2   
  effectName        include fix   test  initialValue parm
1 transitive triads TRUE    FALSE FALSE          0   0   
  effectName      include fix   test  initialValue parm
1 milex.beh alter TRUE    FALSE FALSE          0   0   
  effectName       include fix   test  initialValue parm
1 threat.cov alter TRUE    FALSE FALSE          0   0   
  effectName include fix   test  initialValue parm
1 dyad.cov   TRUE    FALSE FALSE          0   0   
  effectName       include fix   test  initialValue parm
1 milex.beh degree TRUE    FALSE FALSE       0.01   0   
  effectName             include fix   test  initialValue parm
1 milex.beh dense triads TRUE    FALSE FALSE          0   6   
  effectName                        include fix   test  initialValue parm
1 milex.beh: effect from threat.cov TRUE    FALSE FALSE       0.75   0   
If you use this algorithm object, siena07 will create/use an output file output/abm/equilibriaModels.txt .
[1] 1
  effectName              include fix   test  initialValue parm
1 rate milex.beh period 1 TRUE    FALSE FALSE          1   0   
  effectName                  include fix   test  initialValue parm
1 basic rate parameter dv.net TRUE    FALSE FALSE          1   0   
[1] 5
  effectName              include fix   test  initialValue parm
1 rate milex.beh period 1 TRUE    FALSE FALSE          5   0   
  effectName                  include fix   test  initialValue parm
1 basic rate parameter dv.net TRUE    FALSE FALSE          5   0   

Stochastic approximation algorithm.
Initial value for gain parameter = 0.2828427.
Reduction factor for gain parameter = 0.5.
Start of the algorithm.
Observed function values are 
  1.   84.00000   2.  347.00000   3.  574.00000   4. 5369.18099   5.  -46.37073 
  6.   19.72417   7.   45.22642   8.   34.00000   9.   -3.00000  10.   38.39623 
 11.  -75.26415  12.    3.88478
0 subphases; no estimation: only phase 3.

Start phase 0 
theta:  5.00  0.00  0.00  0.00  0.00  0.00  0.00  5.00 -0.50  0.01  0.00  0.75 
Current parameter values:
 5.00  0.00  0.00  0.00  0.00  0.00  0.00  5.00 -0.50  0.01  0.00  0.75

Start phase 3 
Simulated values, phase 3.
Phase 3 Iteration 1 Progress 99%
Time per iteration in phase 3   =  0.1008 
Correlations between scores and statistics:
0.92 0.17 0.93 0.25 1.00 0.64 0.10 0.35 0.79 0.75 0.66 0.23

Total of 10 iteration steps.


@3
Estimates and standard errors
                             
 1. rate:  basic rate parameter dv.net                             5.0000  
 2. eval:  degree (density)                                        0.0000  
 3. eval:  transitive triads                                       0.0000  
 4. eval:  degree act+pop                                          0.0000  
 5. eval:  dyad.cov                                                0.0000  
 6. eval:  threat.cov alter                                        0.0000  
 7. eval:  milex.beh alter                                         0.0000  
 8. rate:  rate milex.beh period 1                                 5.0000  
 9. eval:  milex.beh linear shape                                 -0.5000  
10. eval:  milex.beh degree                                        0.0100  
11. eval:  milex.beh dense triads                                  0.0000  
12. eval:  milex.beh: effect from threat.cov                       0.7500  

Estimated means and standard deviations, standard errors of the mean 
  1. Amount of network change                                 1492.807   39.909   5.0836
  2. Number of edges                                          1034.356   17.933   5.5883
  3. Number of transitive triads                               889.074   55.409   6.6159
  4. Sum of squared degrees                                  16386.922  375.587 114.9642
  5. Sum of ties x dyad.cov                                    -28.661   62.209   1.1895
  6. Sum of degrees x threat.cov                                29.241   30.051   7.2861
  7. Sum of degrees x milex.beh                                 39.342   37.459  11.7860
  8. Amount of behavioral change                               172.915   15.017   4.4537
  9. milex.beh centered sum                                     69.263   13.448   2.5834
 10. milex.beh outdegrees                                      423.756  124.994  26.3514
 11. milex.beh dense triads                                   1048.653  336.905  80.0510
 12. milex.beh x threat.cov                                    155.532   15.646   4.8170

[1] 10
  effectName              include fix   test  initialValue parm
1 rate milex.beh period 1 TRUE    FALSE FALSE         10   0   
  effectName                  include fix   test  initialValue parm
1 basic rate parameter dv.net TRUE    FALSE FALSE         10   0   
[1] TRUE
[1] TRUE
          used  (Mb) gc trigger  (Mb) max used  (Mb)
Ncells 1946024 104.0    3797838 202.9  3797838 202.9
Vcells 3771861  28.8   19947819 152.2 31165064 237.8
  effectName                  include fix   test  initialValue parm
1 basic rate parameter dv.net TRUE    FALSE FALSE        200   0   
  effectName              include fix   test  initialValue parm
1 rate milex.beh period 1 TRUE    FALSE FALSE        200   0   
  effectName       include fix   test  initialValue parm
1 degree (density) TRUE    FALSE FALSE          0   0   
  effectName             include fix   test  initialValue parm
1 milex.beh linear shape TRUE    FALSE FALSE       -0.5   0   
[1] effectName   include      fix          test         initialValue
[6] parm        
<0 rows> (or 0-length row.names)
  effectName     include fix   test  initialValue parm
1 degree act+pop TRUE    FALSE FALSE          0   2   
  effectName        include fix   test  initialValue parm
1 transitive triads TRUE    FALSE FALSE          0   0   
  effectName      include fix   test  initialValue parm
1 milex.beh alter TRUE    FALSE FALSE          0   0   
  effectName       include fix   test  initialValue parm
1 threat.cov alter TRUE    FALSE FALSE          0   0   
  effectName include fix   test  initialValue parm
1 dyad.cov   TRUE    FALSE FALSE          0   0   
  effectName       include fix   test  initialValue parm
1 milex.beh degree TRUE    FALSE FALSE          0   0   
  effectName             include fix   test  initialValue parm
1 milex.beh dense triads TRUE    FALSE FALSE          0   6   
  effectName                        include fix   test  initialValue parm
1 milex.beh: effect from threat.cov TRUE    FALSE FALSE       0.75   0   
If you use this algorithm object, siena07 will create/use an output file output/abm/ABM_sims.txt .
  effectName                  include fix   test  initialValue parm
1 basic rate parameter dv.net TRUE    FALSE FALSE          1   0   
  effectName              include fix   test  initialValue parm
1 rate milex.beh period 1 TRUE    FALSE FALSE          1   0   
  effectName       include fix   test  initialValue parm
1 degree (density) TRUE    FALSE FALSE          0   0   
  effectName             include fix   test  initialValue parm
1 milex.beh linear shape TRUE    FALSE FALSE       -0.5   0   
[1] effectName   include      fix          test         initialValue
[6] parm        
<0 rows> (or 0-length row.names)
  effectName     include fix   test  initialValue parm
1 degree act+pop TRUE    FALSE FALSE          0   2   
  effectName        include fix   test  initialValue parm
1 transitive triads TRUE    FALSE FALSE          0   0   
  effectName      include fix   test  initialValue parm
1 milex.beh alter TRUE    FALSE FALSE          0   0   
  effectName       include fix   test  initialValue parm
1 threat.cov alter TRUE    FALSE FALSE          0   0   
  effectName include fix   test  initialValue parm
1 dyad.cov   TRUE    FALSE FALSE          0   0   
  effectName       include fix   test  initialValue parm
1 milex.beh degree TRUE    FALSE FALSE       0.01   0   
  effectName             include fix   test  initialValue parm
1 milex.beh dense triads TRUE    FALSE FALSE          0   6   
  effectName                        include fix   test  initialValue parm
1 milex.beh: effect from threat.cov TRUE    FALSE FALSE       0.75   0   
If you use this algorithm object, siena07 will create/use an output file output/abm/equilibriaModels.txt .
[1] 1
  effectName              include fix   test  initialValue parm
1 rate milex.beh period 1 TRUE    FALSE FALSE          1   0   
  effectName                  include fix   test  initialValue parm
1 basic rate parameter dv.net TRUE    FALSE FALSE          1   0   
[1] 5
  effectName              include fix   test  initialValue parm
1 rate milex.beh period 1 TRUE    FALSE FALSE          5   0   
  effectName                  include fix   test  initialValue parm
1 basic rate parameter dv.net TRUE    FALSE FALSE          5   0   
[1] 10
  effectName              include fix   test  initialValue parm
1 rate milex.beh period 1 TRUE    FALSE FALSE         10   0   
  effectName                  include fix   test  initialValue parm
1 basic rate parameter dv.net TRUE    FALSE FALSE         10   0   

Stochastic approximation algorithm.
Initial value for gain parameter = 0.2828427.
Reduction factor for gain parameter = 0.5.
Start of the algorithm.
Observed function values are 
  1.   84.00000   2.  347.00000   3.  574.00000   4. 5369.18099   5.  -46.37073 
  6.   19.72417   7.   45.22642   8.   34.00000   9.   -3.00000  10.   38.39623 
 11.  -75.26415  12.    3.88478
0 subphases; no estimation: only phase 3.

Start phase 0 
theta: 10.00  0.00  0.00  0.00  0.00  0.00  0.00 10.00 -0.50  0.01  0.00  0.75 
Current parameter values:
10.00  0.00  0.00  0.00  0.00  0.00  0.00 10.00 -0.50  0.01  0.00  0.75

Start phase 3 
Simulated values, phase 3.
Phase 3 Iteration 1 Progress 99%
Time per iteration in phase 3   =  0.1835 
Warning: diagonal element(s) 12  of derivative matrix < 0
Correlations between scores and statistics:
 0.891  0.248  0.769  0.368  0.999  0.842  0.101  0.590  0.817  0.552  0.638 -0.076

Total of 10 iteration steps.


@3
Estimates and standard errors
                             
 1. rate:  basic rate parameter dv.net                            10.0000  
 2. eval:  degree (density)                                        0.0000  
 3. eval:  transitive triads                                       0.0000  
 4. eval:  degree act+pop                                          0.0000  
 5. eval:  dyad.cov                                                0.0000  
 6. eval:  threat.cov alter                                        0.0000  
 7. eval:  milex.beh alter                                         0.0000  
 8. rate:  rate milex.beh period 1                                10.0000  
 9. eval:  milex.beh linear shape                                 -0.5000  
10. eval:  milex.beh degree                                        0.0100  
11. eval:  milex.beh dense triads                                  0.0000  
12. eval:  milex.beh: effect from threat.cov                       0.7500  

Estimated means and standard deviations, standard errors of the mean 
  1. Amount of network change                                 2797.099   60.325   8.6683
  2. Number of edges                                          1650.261   22.231   6.8109
  3. Number of transitive triads                              1981.319   86.997  17.5878
  4. Sum of squared degrees                                  31226.652  623.686 183.3943
  5. Sum of ties x dyad.cov                                    -26.408   78.798   1.3532
  6. Sum of degrees x threat.cov                                23.341   49.515   8.4474
  7. Sum of degrees x milex.beh                                 93.053   68.211  21.4589
  8. Amount of behavioral change                               243.780   15.615   3.9854
  9. milex.beh centered sum                                    119.763   11.818   2.1563
 10. milex.beh outdegrees                                      645.325  104.025  27.4300
 11. milex.beh dense triads                                   1814.931  319.443  77.8142
 12. milex.beh x threat.cov                                    245.365   11.789   3.7172

[1] 15
  effectName              include fix   test  initialValue parm
1 rate milex.beh period 1 TRUE    FALSE FALSE         15   0   
  effectName                  include fix   test  initialValue parm
1 basic rate parameter dv.net TRUE    FALSE FALSE         15   0   

Stochastic approximation algorithm.
Initial value for gain parameter = 0.2828427.
Reduction factor for gain parameter = 0.5.
Start of the algorithm.
Observed function values are 
  1.   84.00000   2.  347.00000   3.  574.00000   4. 5369.18099   5.  -46.37073 
  6.   19.72417   7.   45.22642   8.   34.00000   9.   -3.00000  10.   38.39623 
 11.  -75.26415  12.    3.88478
0 subphases; no estimation: only phase 3.

Start phase 0 
theta: 15.00  0.00  0.00  0.00  0.00  0.00  0.00 15.00 -0.50  0.01  0.00  0.75 
Current parameter values:
15.00  0.00  0.00  0.00  0.00  0.00  0.00 15.00 -0.50  0.01  0.00  0.75

Start phase 3 
Simulated values, phase 3.
Phase 3 Iteration 1 Progress 99%
Time per iteration in phase 3   =  0.3414 
Warning: diagonal element(s) 7  of derivative matrix < 0
Correlations between scores and statistics:
 0.87  0.76  0.66  0.68  0.98  0.59 -0.17  0.69  0.84  0.22  0.30  0.69

Total of 10 iteration steps.


@3
Estimates and standard errors
                             
 1. rate:  basic rate parameter dv.net                            15.0000  
 2. eval:  degree (density)                                        0.0000  
 3. eval:  transitive triads                                       0.0000  
 4. eval:  degree act+pop                                          0.0000  
 5. eval:  dyad.cov                                                0.0000  
 6. eval:  threat.cov alter                                        0.0000  
 7. eval:  milex.beh alter                                         0.0000  
 8. rate:  rate milex.beh period 1                                15.0000  
 9. eval:  milex.beh linear shape                                 -0.5000  
10. eval:  milex.beh degree                                        0.0100  
11. eval:  milex.beh dense triads                                  0.0000  
12. eval:  milex.beh: effect from threat.cov                       0.7500  

Estimated means and standard deviations, standard errors of the mean 
  1. Amount of network change                                 3971.546  100.884  15.8624
  2. Number of edges                                          2186.943   38.093   7.8212
  3. Number of transitive triads                              3893.628  193.380  46.1457
  4. Sum of squared degrees                                  46845.588 1162.586 268.7610
  5. Sum of ties x dyad.cov                                    -19.057   70.610   4.3643
  6. Sum of degrees x threat.cov                                19.914   43.959  11.1814
  7. Sum of degrees x milex.beh                                116.089   91.623  28.5270
  8. Amount of behavioral change                               286.056   16.676   3.8273
  9. milex.beh centered sum                                    166.787   19.928   3.4179
 10. milex.beh outdegrees                                      899.231  134.568  41.4941
 11. milex.beh dense triads                                   2211.456  378.594 114.1750
 12. milex.beh x threat.cov                                    289.333   10.688   2.4456

[1] 20
  effectName              include fix   test  initialValue parm
1 rate milex.beh period 1 TRUE    FALSE FALSE         20   0   
  effectName                  include fix   test  initialValue parm
1 basic rate parameter dv.net TRUE    FALSE FALSE         20   0   

Stochastic approximation algorithm.
Initial value for gain parameter = 0.2828427.
Reduction factor for gain parameter = 0.5.
Start of the algorithm.
Observed function values are 
  1.   84.00000   2.  347.00000   3.  574.00000   4. 5369.18099   5.  -46.37073 
  6.   19.72417   7.   45.22642   8.   34.00000   9.   -3.00000  10.   38.39623 
 11.  -75.26415  12.    3.88478
0 subphases; no estimation: only phase 3.

Start phase 0 
theta: 20.00  0.00  0.00  0.00  0.00  0.00  0.00 20.00 -0.50  0.01  0.00  0.75 
Current parameter values:
20.00  0.00  0.00  0.00  0.00  0.00  0.00 20.00 -0.50  0.01  0.00  0.75

Start phase 3 
Simulated values, phase 3.
Phase 3 Iteration 1 Progress 99%
Time per iteration in phase 3   =  0.5126 
Warning: diagonal element(s) 7  of derivative matrix < 0
Correlations between scores and statistics:
 0.85  0.70  0.68  0.67  0.98  0.89 -0.20  0.42  0.58  0.17  0.06  0.54

Total of 10 iteration steps.


@3
Estimates and standard errors
                             
 1. rate:  basic rate parameter dv.net                            20.0000  
 2. eval:  degree (density)                                        0.0000  
 3. eval:  transitive triads                                       0.0000  
 4. eval:  degree act+pop                                          0.0000  
 5. eval:  dyad.cov                                                0.0000  
 6. eval:  threat.cov alter                                        0.0000  
 7. eval:  milex.beh alter                                         0.0000  
 8. rate:  rate milex.beh period 1                                20.0000  
 9. eval:  milex.beh linear shape                                 -0.5000  
10. eval:  milex.beh degree                                        0.0100  
11. eval:  milex.beh dense triads                                  0.0000  
12. eval:  milex.beh: effect from threat.cov                       0.7500  

Estimated means and standard deviations, standard errors of the mean 
  1. Amount of network change                                 4988.591  106.702  17.7445
  2. Number of edges                                          2660.822   42.628   9.6292
  3. Number of transitive triads                              6627.316  332.998  77.6240
  4. Sum of squared degrees                                  62397.843 1501.562 352.2134
  5. Sum of ties x dyad.cov                                    -22.073   87.651   5.7495
  6. Sum of degrees x threat.cov                                 8.629   46.134   6.6224
  7. Sum of degrees x milex.beh                                173.353   91.213  28.2738
  8. Amount of behavioral change                               314.094    9.019   2.5948
  9. milex.beh centered sum                                    198.315   13.985   3.5884
 10. milex.beh outdegrees                                     1005.484  127.064  39.5905
 11. milex.beh dense triads                                   2475.455  350.488 110.6339
 12. milex.beh x threat.cov                                    307.536    9.907   2.6353

[1] 25
  effectName              include fix   test  initialValue parm
1 rate milex.beh period 1 TRUE    FALSE FALSE         25   0   
  effectName                  include fix   test  initialValue parm
1 basic rate parameter dv.net TRUE    FALSE FALSE         25   0   

Stochastic approximation algorithm.
Initial value for gain parameter = 0.2828427.
Reduction factor for gain parameter = 0.5.
Start of the algorithm.
Observed function values are 
  1.   84.00000   2.  347.00000   3.  574.00000   4. 5369.18099   5.  -46.37073 
  6.   19.72417   7.   45.22642   8.   34.00000   9.   -3.00000  10.   38.39623 
 11.  -75.26415  12.    3.88478
0 subphases; no estimation: only phase 3.

Start phase 0 
theta: 25.00  0.00  0.00  0.00  0.00  0.00  0.00 25.00 -0.50  0.01  0.00  0.75 
Current parameter values:
25.00  0.00  0.00  0.00  0.00  0.00  0.00 25.00 -0.50  0.01  0.00  0.75

Start phase 3 
Simulated values, phase 3.
Phase 3 Iteration 1 Progress 99%
Time per iteration in phase 3   =  0.8011 
Correlations between scores and statistics:
0.772 0.904 0.845 0.900 0.981 0.804 0.047 0.520 0.186 0.127 0.634 0.343

Total of 10 iteration steps.


@3
Estimates and standard errors
                             
 1. rate:  basic rate parameter dv.net                            25.0000  
 2. eval:  degree (density)                                        0.0000  
 3. eval:  transitive triads                                       0.0000  
 4. eval:  degree act+pop                                          0.0000  
 5. eval:  dyad.cov                                                0.0000  
 6. eval:  threat.cov alter                                        0.0000  
 7. eval:  milex.beh alter                                         0.0000  
 8. rate:  rate milex.beh period 1                                25.0000  
 9. eval:  milex.beh linear shape                                 -0.5000  
10. eval:  milex.beh degree                                        0.0100  
11. eval:  milex.beh dense triads                                  0.0000  
12. eval:  milex.beh: effect from threat.cov                       0.7500  

Estimated means and standard deviations, standard errors of the mean 
  1. Amount of network change                                 5882.928  119.092  23.9525
  2. Number of edges                                          3085.771   59.185   7.9851
  3. Number of transitive triads                             10075.355  578.155  97.7420
  4. Sum of squared degrees                                  77675.735 2247.817 309.4578
  5. Sum of ties x dyad.cov                                    -27.495   74.157   4.5998
  6. Sum of degrees x threat.cov                                 8.220   63.206  11.8906
  7. Sum of degrees x milex.beh                                128.371   96.624  30.5214
  8. Amount of behavioral change                               340.130   11.017   2.9751
  9. milex.beh centered sum                                    228.521   11.924   3.7045
 10. milex.beh outdegrees                                     1207.901  164.155  51.4881
 11. milex.beh dense triads                                   3024.437  437.002 106.8646
 12. milex.beh x threat.cov                                    314.280    8.692   2.5819

[1] 30
  effectName              include fix   test  initialValue parm
1 rate milex.beh period 1 TRUE    FALSE FALSE         30   0   
  effectName                  include fix   test  initialValue parm
1 basic rate parameter dv.net TRUE    FALSE FALSE         30   0   
