Warning message:
package ‘jsonlite’ was built under R version 4.2.3 
Tracing function "phase1.1" in package "namespace:RSiena"
Tracing function "phase1.2" in package "namespace:RSiena"
Tracing function "phase2.1" in package "namespace:RSiena"
Tracing function "proc2subphase" in package "namespace:RSiena"
Tracing function "maxlikec" in package "namespace:RSiena"
Tracing function "phase3" in package "namespace:RSiena"
Tracing function "simstats0c" in package "namespace:RSiena"
Tracing function "phase3.2" in package "namespace:RSiena"
Tracing function "PotentialNR" in package "namespace:RSiena"
STEP3C: 250/3000 draws; theta unchanged; elapsed 67.6 s
STEP3C: 500/3000 draws; theta unchanged; elapsed 131.7 s
STEP3C: 750/3000 draws; theta unchanged; elapsed 196.3 s
STEP3C: 1000/3000 draws; theta unchanged; elapsed 260.6 s
STEP3C: 1250/3000 draws; theta unchanged; elapsed 325.1 s
STEP3C: 1500/3000 draws; theta unchanged; elapsed 389.5 s
STEP3C: 1750/3000 draws; theta unchanged; elapsed 454.1 s
STEP3C: 2000/3000 draws; theta unchanged; elapsed 518.5 s
STEP3C: 2250/3000 draws; theta unchanged; elapsed 583.3 s
STEP3C: 2500/3000 draws; theta unchanged; elapsed 647.9 s
STEP3C: 2750/3000 draws; theta unchanged; elapsed 712.4 s
STEP3C: 3000/3000 draws; theta unchanged; elapsed 777.3 s
Untracing function "PotentialNR" in package "namespace:RSiena"
Untracing function "phase3.2" in package "namespace:RSiena"
Untracing function "simstats0c" in package "namespace:RSiena"
Untracing function "phase3" in package "namespace:RSiena"
Untracing function "maxlikec" in package "namespace:RSiena"
Untracing function "proc2subphase" in package "namespace:RSiena"
Untracing function "phase2.1" in package "namespace:RSiena"
Untracing function "phase1.2" in package "namespace:RSiena"
Untracing function "phase1.1" in package "namespace:RSiena"
{
  "status": "completed",
  "stage": "3C",
  "fit": "attempt4",
  "seed": 2009402,
  "draws": 3000,
  "replications": 1,
  "training_years": [1990, 1991, 1992, 1993, 1994, 1995, 1996, 1997, 1998, 1999, 2000, 2001, 2002, 2003, 2004, 2005, 2006, 2007, 2008],
  "actors": 161,
  "parameters": 58,
  "nsub": 0,
  "simOnly": false,
  "coefficients_identical": true,
  "original_fixed_flags_preserved": true,
  "historical_attempt_accepted": true,
  "new_refits": 0,
  "new_forecasts": 0,
  "target_packets_read": 0,
  "raw_archives_read": 0,
  "step4_started": false,
  "guard": {
    "status": "completed",
    "phase3_entries": 1,
    "simulator_entries": 3000,
    "simulator_exits": 3000,
    "forbidden_entries": 0,
    "potential_nr_calls": 1,
    "postprocessing_entries": 1,
    "checked_every_simulator_call": true,
    "seed": 2009402,
    "nsub": 0,
    "n3": 3000,
    "simOnly": false,
    "warnings": [],
    "elapsed_seconds": 786.34199999999998
  },
  "original_diagnostic": {
    "draws": 3000,
    "maximum_absolute_t": 0.047248223874978804,
    "overall": 0.16104844548625449
  },
  "fresh_first_1000": {
    "draws": 1000,
    "maximum_absolute_t": 0.080443533278925117,
    "overall": 0.28294970305493511,
    "individual_pass": true,
    "overall_pass": false
  },
  "fresh_full_3000": {
    "draws": 3000,
    "maximum_absolute_t": 0.061573791636679844,
    "overall": 0.15477420963953911,
    "individual_pass": true,
    "overall_pass": true
  },
  "native_diagnostics": {
    "valid": true,
    "maximum_absolute_t_ratio": 0.061573791636679844,
    "overall_maximum_convergence": 0.15477420963953911,
    "t_ratios": [-0.013132094266413831, -0.014859679676266979, 0.038727789713166948, 0.022109787006230605, -0.020606187673057771, 0.013388202821407184, 0.014676706779844532, -0.014098792378222383, 0.025032226391159183, -0.0083527017199648782, 0.012797277642485319, 0.0042451246712141236, -0.061573791636679844, 0.011967947357939169, -0.017651271120164319, 0.021292450167625449, -0.014205472782233894, 0.011012803087717229, 0.018003825475087241, 0.012879787591337876, 0.012542362265998825, -0.01254648421411581, -0.0044811594092634723, 0.0053773730105601634, -0.0099406438284576192, -0.018417409115281537, 0.011411381672623119, -0.004391235011441637, 0.0060575718033970116, -0.028017558486905354, 0.0032143775172219862, 0.026258272965353293, 0.018032804430990604, -0.023032026570719916, -0.012063198063492063, 0.0080241264200882189, -0.026646242254861303, 0.0055165892535739914, 0.0092714535577892217, 0.0047372670475850226, 0.010745648808941554, -0.013162059844859339, 0.028161915685924011, 0.044557480749194488, 0.010426786054692291, -0.030411441334919322, -0.010324005596641818, -0.0047289004834815077, 0.023919684321017626, 0.014048869764898268, 0.023554342872364659, 0.02570936469339306, 0.001241285477367411, 0.0359382044204965, 0.019623836124129483, 0.0076148392081892575, -0.010227433500099364, 0.0070813895954011559],
    "estimates": [0.047228551700631852, 0.13894712724167596, 0.43138329905043404, 0.34847680516376489, 0.32331002575659029, 0.31942790949252314, 0.39789655697576404, 0.30930180973075816, 0.32694968740440766, 0.27493207413798876, 0.32198025420998189, 0.44627781533522487, 0.35355067589623074, 0.32341484045906521, 0.28948359321926159, 0.51574507860018926, 0.34118856821527421, 0.39652387500411845, -5.5318352434974472, 0.15717444526589988, 0.057160914487643204, -0.85460596149531631, 1.0960980971929684, -0.60464576516851665, 0.071449496281094621, -3.3719996485542429, -0.056740603173651788, 1.4529325299044273, 0.79703133338441279, 0.93194658944523345, 1.3029586100771537, 1.3565273683424375, 1.1874188735432549, 0.69368486263396723, 0.56666020604257561, 0.47549111622004087, 0.52158086631710665, 0.37508767684864996, 1.7195185905609456, 0.58627891681273536, 1.3256092445600145, 0.32286470325806815, 0.29736594439402031, 1.0851921553588089, 0.40825075673820821, 0.35544183619245578, 0.40647185885944515, -1.1721799948734326, -0.027366522388359096, 0.089259644422210765, -0.02080575523713649, -0.44828789797112684, -2.2276871085044854, 0.87323393718763542, -0.010955544779031602, 0.25955882789596713, 0.13505316593542002, 7.130302725687768],
    "standard_errors": [0.022284885860629027, 0.03422590788405297, 0.083065240142577823, 0.051301453941687752, 0.059555896267565675, 0.055750750253371249, 0.064436187842755274, 0.052643868624517837, 0.054360208373702701, 0.048878107400489194, 0.053595040829422395, 0.066077966035408317, 0.055953616919867347, 0.051278701779802753, 0.049179508325539162, 0.066553917834866139, 0.051733433388552137, 0.055340805638939519, 0.22025006171139222, 0.051176222998010439, 0.0051481306817405658, 0.069785117695666268, 0.13456264330690468, 0.070818939588297283, 0.02981131672906949, 0.34612946129482547, 0.057318372727838726, 0.23971168266926168, 0.066245045568610425, 0.18143522460685374, 0.24927136337389746, 0.24787003913205644, 0.20823455879490177, 0.12868943331680568, 0.11337901477803705, 0.10483239253811101, 0.10158015530439966, 0.082814509778009082, 0.34482705977734918, 0.11980247844228088, 0.26758441417453321, 0.077714936148059105, 0.074114004114633036, 0.20535238554991692, 0.10634475167734724, 0.098740304548651237, 0.098173215657340357, 0.077586805641155984, 0.023924162996589546, 0.023600062285110853, 0.0073037123617494615, 0.13205128081663334, 0.88709974634264011, 0.16002855452328735, 0.0035036608744041086, 0.18880965216618972, 0.090967462624591738, 2.7931232319494748],
    "native_ok": true,
    "termination": "OK",
    "phase3_complete": true,
    "phase3_iterations": 3000,
    "covariance_all_finite": true,
    "covariance_message": "",
    "divergence": {
      "present": true,
      "shape_valid": true,
      "any": false,
      "indices": []
    },
    "fixed_parameters": {
      "present": true,
      "shape_valid": true,
      "any": false,
      "indices": []
    },
    "newly_fixed_parameters": {
      "present": false,
      "shape_valid": true,
      "any": false,
      "indices": []
    },
    "covariance_minimum_eigenvalue": 3.8125347624798959e-06,
    "covariance_condition_number": 2049326.2225313266,
    "finite_identified": true
  },
  "source_function_verification": {
    "siena07": {
      "source": "R/siena07.r",
      "loaded_body_and_formals_match": true
    },
    "robmon": {
      "source": "R/robmon.r",
      "loaded_body_and_formals_match": true
    },
    "initializeFRAN": {
      "source": "R/initializeFRAN.r",
      "loaded_body_and_formals_match": true
    },
    "simstats0c": {
      "source": "R/simstatsc.r",
      "loaded_body_and_formals_match": true
    },
    "terminateFRAN": {
      "source": "R/terminateFRAN.r",
      "loaded_body_and_formals_match": true
    },
    "phase3": {
      "source": "R/phase3.r",
      "loaded_body_and_formals_match": true
    },
    "phase3.2": {
      "source": "R/phase3.r",
      "loaded_body_and_formals_match": true
    },
    "CalculateDerivative3": {
      "source": "R/phase3.r",
      "loaded_body_and_formals_match": true
    },
    "PotentialNR": {
      "source": "R/phase3.r",
      "loaded_body_and_formals_match": true
    }
  },
  "self_tests": {
    "status": "passed",
    "checks": 13,
    "new_simulations": 0
  },
  "interpretation": "One declared repeatability cell. Prefix 1000 and full 3000 are nested, correlated samples; vectors use disjoint seed sets. Historical acceptance remains unchanged. This is conditional diagnostic variability, not fitting uncertainty, prediction quality, identification proof or search readiness."
} 
