                             Parent & Context Sampling Summary - Gen 3 | Total C
┏━━━━━━━━━━━━━┳━━━━━━┳━━━━━━━━━┳━━━━━━━┳━━━━━━━━━━┳━━━━━━━━━━━━━━━━━━━━━━━━━━━━━
┃ Role        ┃ Gen  ┃ Island  ┃  ✓/✗  ┃    Score ┃ Patch Name                  
┡━━━━━━━━━━━━━╇━━━━━━╇━━━━━━━━━╇━━━━━━━╇━━━━━━━━━━╇━━━━━━━━━━━━━━━━━━━━━━━━━━━━━
│ PARENT      │  0   │   I-1   │   ✓   │    2.000 │ N/A                         
└─────────────┴──────┴─────────┴───────┴──────────┴─────────────────────────────
                             Parent & Context Sampling Summary - Gen 3 | Total C
┏━━━━━━━━━━━━━┳━━━━━━┳━━━━━━━━━┳━━━━━━━┳━━━━━━━━━━┳━━━━━━━━━━━━━━━━━━━━━━━━━━━━━
┃ Role        ┃ Gen  ┃ Island  ┃  ✓/✗  ┃    Score ┃ Patch Name                  
┡━━━━━━━━━━━━━╇━━━━━━╇━━━━━━━━━╇━━━━━━━╇━━━━━━━━━━╇━━━━━━━━━━━━━━━━━━━━━━━━━━━━━
│ PARENT      │  0   │   I-1   │   ✓   │    2.000 │ N/A                         
└─────────────┴──────┴─────────┴───────┴──────────┴─────────────────────────────
                             Parent & Context Sampling Summary - Gen 3 | Total C
┏━━━━━━━━━━━━━┳━━━━━━┳━━━━━━━━━┳━━━━━━━┳━━━━━━━━━━┳━━━━━━━━━━━━━━━━━━━━━━━━━━━━━
┃ Role        ┃ Gen  ┃ Island  ┃  ✓/✗  ┃    Score ┃ Patch Name                  
┡━━━━━━━━━━━━━╇━━━━━━╇━━━━━━━━━╇━━━━━━━╇━━━━━━━━━━╇━━━━━━━━━━━━━━━━━━━━━━━━━━━━━
│ PARENT      │  0   │   I-1   │   ✓   │    2.000 │ N/A                         
└─────────────┴──────┴─────────┴───────┴──────────┴─────────────────────────────
                             Parent & Context Sampling Summary - Gen 3 | Total C
┏━━━━━━━━━━━━━┳━━━━━━┳━━━━━━━━━┳━━━━━━━┳━━━━━━━━━━┳━━━━━━━━━━━━━━━━━━━━━━━━━━━━━
┃ Role        ┃ Gen  ┃ Island  ┃  ✓/✗  ┃    Score ┃ Patch Name                  
┡━━━━━━━━━━━━━╇━━━━━━╇━━━━━━━━━╇━━━━━━━╇━━━━━━━━━━╇━━━━━━━━━━━━━━━━━━━━━━━━━━━━━
│ PARENT      │  0   │   I-1   │   ✓   │    2.000 │ N/A                         
└─────────────┴──────┴─────────┴───────┴──────────┴─────────────────────────────
                             Parent & Context Sampling Summary - Gen 3 | Total C
┏━━━━━━━━━━━━━┳━━━━━━┳━━━━━━━━━┳━━━━━━━┳━━━━━━━━━━┳━━━━━━━━━━━━━━━━━━━━━━━━━━━━━
┃ Role        ┃ Gen  ┃ Island  ┃  ✓/✗  ┃    Score ┃ Patch Name                  
┡━━━━━━━━━━━━━╇━━━━━━╇━━━━━━━━━╇━━━━━━━╇━━━━━━━━━━╇━━━━━━━━━━━━━━━━━━━━━━━━━━━━━
│ PARENT      │  0   │   I-1   │   ✓   │    2.000 │ N/A                         
└─────────────┴──────┴─────────┴───────┴──────────┴─────────────────────────────
Traceback (most recent call last):
  File "/home/runner/work/shinka-cooperation-network/shinka-cooperation-network/scripts/verify_replicated_native.py", line 162, in <module>
    if __name__=='__main__':main()
                            ~~~~^^
  File "/home/runner/work/shinka-cooperation-network/shinka-cooperation-network/scripts/verify_replicated_native.py", line 147, in main
    asyncio.run(controller._project_resume_pending())
    ~~~~~~~~~~~^^^^^^^^^^^^^^^^^^^^^^^^^^^^^^^^^^^^^^
  File "/opt/hostedtoolcache/Python/3.13.5/x64/lib/python3.13/asyncio/runners.py", line 195, in run
    return runner.run(main)
           ~~~~~~~~~~^^^^^^
  File "/opt/hostedtoolcache/Python/3.13.5/x64/lib/python3.13/asyncio/runners.py", line 118, in run
    return self._loop.run_until_complete(task)
           ~~~~~~~~~~~~~~~~~~~~~~~~~~~~~^^^^^^
  File "/opt/hostedtoolcache/Python/3.13.5/x64/lib/python3.13/asyncio/base_events.py", line 725, in run_until_complete
    return future.result()
           ~~~~~~~~~~~~~^^
  File "/home/runner/work/shinka-cooperation-network/shinka-cooperation-network/vendor/ShinkaEvolve/shinka/core/async_runner.py", line 765, in _project_resume_pending
    self.submitted_jobs[str(job_id)] = job
    ^^^^^^^^^^^^^^^^^^^
AttributeError: 'ShinkaEvolveRunner' object has no attribute 'submitted_jobs'
