Warning message:
package ‘jsonlite’ was built under R version 4.2.3 
Tracing function "phase1.1" in package "namespace:RSiena"
Tracing function "phase1.2" in package "namespace:RSiena"
Tracing function "phase2.1" in package "namespace:RSiena"
Tracing function "proc2subphase" in package "namespace:RSiena"
Tracing function "maxlikec" in package "namespace:RSiena"
Tracing function "phase3" in package "namespace:RSiena"
Tracing function "simstats0c" in package "namespace:RSiena"
Tracing function "phase3.2" in package "namespace:RSiena"
Tracing function "PotentialNR" in package "namespace:RSiena"
STEP3C: 250/3000 draws; theta unchanged; elapsed 69.0 s
STEP3C: 500/3000 draws; theta unchanged; elapsed 134.8 s
STEP3C: 750/3000 draws; theta unchanged; elapsed 201.0 s
STEP3C: 1000/3000 draws; theta unchanged; elapsed 267.0 s
STEP3C: 1250/3000 draws; theta unchanged; elapsed 332.9 s
STEP3C: 1500/3000 draws; theta unchanged; elapsed 399.1 s
STEP3C: 1750/3000 draws; theta unchanged; elapsed 465.3 s
STEP3C: 2000/3000 draws; theta unchanged; elapsed 531.2 s
STEP3C: 2250/3000 draws; theta unchanged; elapsed 597.8 s
STEP3C: 2500/3000 draws; theta unchanged; elapsed 664.2 s
STEP3C: 2750/3000 draws; theta unchanged; elapsed 730.3 s
STEP3C: 3000/3000 draws; theta unchanged; elapsed 796.9 s
Untracing function "PotentialNR" in package "namespace:RSiena"
Untracing function "phase3.2" in package "namespace:RSiena"
Untracing function "simstats0c" in package "namespace:RSiena"
Untracing function "phase3" in package "namespace:RSiena"
Untracing function "maxlikec" in package "namespace:RSiena"
Untracing function "proc2subphase" in package "namespace:RSiena"
Untracing function "phase2.1" in package "namespace:RSiena"
Untracing function "phase1.2" in package "namespace:RSiena"
Untracing function "phase1.1" in package "namespace:RSiena"
{
  "status": "completed",
  "stage": "3C",
  "fit": "attempt4",
  "seed": 2009403,
  "draws": 3000,
  "replications": 1,
  "training_years": [1990, 1991, 1992, 1993, 1994, 1995, 1996, 1997, 1998, 1999, 2000, 2001, 2002, 2003, 2004, 2005, 2006, 2007, 2008],
  "actors": 161,
  "parameters": 58,
  "nsub": 0,
  "simOnly": false,
  "coefficients_identical": true,
  "original_fixed_flags_preserved": true,
  "historical_attempt_accepted": true,
  "new_refits": 0,
  "new_forecasts": 0,
  "target_packets_read": 0,
  "raw_archives_read": 0,
  "step4_started": false,
  "guard": {
    "status": "completed",
    "phase3_entries": 1,
    "simulator_entries": 3000,
    "simulator_exits": 3000,
    "forbidden_entries": 0,
    "potential_nr_calls": 1,
    "postprocessing_entries": 1,
    "checked_every_simulator_call": true,
    "seed": 2009403,
    "nsub": 0,
    "n3": 3000,
    "simOnly": false,
    "warnings": [],
    "elapsed_seconds": 805.01400000000001
  },
  "original_diagnostic": {
    "draws": 3000,
    "maximum_absolute_t": 0.047248223874978804,
    "overall": 0.16104844548625449
  },
  "fresh_first_1000": {
    "draws": 1000,
    "maximum_absolute_t": 0.057986949309785117,
    "overall": 0.25583437570962531,
    "individual_pass": true,
    "overall_pass": false
  },
  "fresh_full_3000": {
    "draws": 3000,
    "maximum_absolute_t": 0.042639483217803011,
    "overall": 0.15285578669325725,
    "individual_pass": true,
    "overall_pass": true
  },
  "native_diagnostics": {
    "valid": true,
    "maximum_absolute_t_ratio": 0.042639483217803011,
    "overall_maximum_convergence": 0.15285578669325725,
    "t_ratios": [-0.027149593665216833, -0.0055699998687195685, -0.028897435643398296, 0.0068971516199583865, -0.027524200810521322, 0.0053130672648493121, -0.0088634852457329018, 0.019173664241663103, 0.0016301603725915011, 0.009840415145951513, -0.027675835172236225, 0.0065115040784584953, 0.016407064353684241, 0.011355979975286621, -0.015547830819354532, -0.0086959017242424601, 0.014955237676727172, 0.0027121527704864479, 0.019169752513629925, 0.010295918179599782, 0.020723594151772492, 0.012367635460949163, 0.027198286778069989, 0.017832855663997327, 0.035970561805494593, 0.0068234667173608819, -0.00040154684621057396, 0.024839326922541632, 0.025187184644157042, -0.02068083917270359, -0.0052651137110320953, 0.036168778874955163, -0.01085342509979686, 0.01017727206290892, 0.022333765504360819, 0.042639483217803011, 0.0016345024625067353, 0.011689071165901937, -0.014656120549818775, -0.011234445615868669, 0.013589184010645348, -0.017095584975458464, 0.021423140026200067, 0.02552711820357504, 0.0039024620460565143, 0.01984095985174639, 0.0026775134555740167, 0.02669950456014028, 0.023306648188927727, 0.0030279542479313389, 0.0061866779292684771, -0.013786239151620172, -0.016553039828837046, -0.030636046417938607, 0.018669960622270262, -0.0095998367938437724, -0.025844024251185992, 0.027564993527747137],
    "estimates": [0.047228551700631852, 0.13894712724167596, 0.43138329905043404, 0.34847680516376489, 0.32331002575659029, 0.31942790949252314, 0.39789655697576404, 0.30930180973075816, 0.32694968740440766, 0.27493207413798876, 0.32198025420998189, 0.44627781533522487, 0.35355067589623074, 0.32341484045906521, 0.28948359321926159, 0.51574507860018926, 0.34118856821527421, 0.39652387500411845, -5.5318352434974472, 0.15717444526589988, 0.057160914487643204, -0.85460596149531631, 1.0960980971929684, -0.60464576516851665, 0.071449496281094621, -3.3719996485542429, -0.056740603173651788, 1.4529325299044273, 0.79703133338441279, 0.93194658944523345, 1.3029586100771537, 1.3565273683424375, 1.1874188735432549, 0.69368486263396723, 0.56666020604257561, 0.47549111622004087, 0.52158086631710665, 0.37508767684864996, 1.7195185905609456, 0.58627891681273536, 1.3256092445600145, 0.32286470325806815, 0.29736594439402031, 1.0851921553588089, 0.40825075673820821, 0.35544183619245578, 0.40647185885944515, -1.1721799948734326, -0.027366522388359096, 0.089259644422210765, -0.02080575523713649, -0.44828789797112684, -2.2276871085044854, 0.87323393718763542, -0.010955544779031602, 0.25955882789596713, 0.13505316593542002, 7.130302725687768],
    "standard_errors": [0.022277548585432537, 0.033439403355685203, 0.080982786772010609, 0.051980786529362631, 0.058200202464922156, 0.056945387568103273, 0.067030016065685774, 0.053850967257802973, 0.056313054784830188, 0.04941582347393312, 0.053365951124308475, 0.064224993160836352, 0.056559277503298797, 0.051467218662034402, 0.048062273833438036, 0.065298276219759116, 0.050353197808308423, 0.055586635942826437, 0.22313308618790323, 0.051589906846879877, 0.0050229193831924836, 0.07227170212433548, 0.13598627573394628, 0.070548427335328859, 0.029497269891208638, 0.35801367830005332, 0.056724435465915962, 0.23880248061879369, 0.066436867597967963, 0.19210854176383294, 0.26566083356621467, 0.24333829168550392, 0.22696219784072655, 0.13691122445430132, 0.1083312278580702, 0.097740228451544273, 0.1107102513615555, 0.081790311990668593, 0.30772235726123037, 0.1150823016012647, 0.24623503447445552, 0.0816427921087928, 0.079325576229954231, 0.20592583590307906, 0.099016945998207748, 0.089623714126914333, 0.098145203139968926, 0.078934590494240758, 0.023538258300142841, 0.023744022447292231, 0.0074659831469159783, 0.13209321781610917, 0.8722308671704283, 0.16235451877486176, 0.0034745454092618556, 0.19400764825835462, 0.090673829395484892, 2.7643793750028314],
    "native_ok": true,
    "termination": "OK",
    "phase3_complete": true,
    "phase3_iterations": 3000,
    "covariance_all_finite": true,
    "covariance_message": "",
    "divergence": {
      "present": true,
      "shape_valid": true,
      "any": false,
      "indices": []
    },
    "fixed_parameters": {
      "present": true,
      "shape_valid": true,
      "any": false,
      "indices": []
    },
    "newly_fixed_parameters": {
      "present": false,
      "shape_valid": true,
      "any": false,
      "indices": []
    },
    "covariance_minimum_eigenvalue": 3.7399326819856095e-06,
    "covariance_condition_number": 2047845.3425416634,
    "finite_identified": true
  },
  "source_function_verification": {
    "siena07": {
      "source": "R/siena07.r",
      "loaded_body_and_formals_match": true
    },
    "robmon": {
      "source": "R/robmon.r",
      "loaded_body_and_formals_match": true
    },
    "initializeFRAN": {
      "source": "R/initializeFRAN.r",
      "loaded_body_and_formals_match": true
    },
    "simstats0c": {
      "source": "R/simstatsc.r",
      "loaded_body_and_formals_match": true
    },
    "terminateFRAN": {
      "source": "R/terminateFRAN.r",
      "loaded_body_and_formals_match": true
    },
    "phase3": {
      "source": "R/phase3.r",
      "loaded_body_and_formals_match": true
    },
    "phase3.2": {
      "source": "R/phase3.r",
      "loaded_body_and_formals_match": true
    },
    "CalculateDerivative3": {
      "source": "R/phase3.r",
      "loaded_body_and_formals_match": true
    },
    "PotentialNR": {
      "source": "R/phase3.r",
      "loaded_body_and_formals_match": true
    }
  },
  "self_tests": {
    "status": "passed",
    "checks": 13,
    "new_simulations": 0
  },
  "interpretation": "One declared repeatability cell. Prefix 1000 and full 3000 are nested, correlated samples; vectors use disjoint seed sets. Historical acceptance remains unchanged. This is conditional diagnostic variability, not fitting uncertainty, prediction quality, identification proof or search readiness."
} 
