Warning messages:
1: package ‘jsonlite’ was built under R version 4.2.3 
2: package ‘ggplot2’ was built under R version 4.2.3 
Warning messages:
1: In grid.Call(C_textBounds, as.graphicsAnnot(x$label), x$x, x$y,  :
  conversion failure on 'Original predictive Model 3 | Training observations: 1990–2005 | Target year: 2006' in 'mbcsToSbcs': dot substituted for <e2>
2: In grid.Call(C_textBounds, as.graphicsAnnot(x$label), x$x, x$y,  :
  conversion failure on 'Original predictive Model 3 | Training observations: 1990–2005 | Target year: 2006' in 'mbcsToSbcs': dot substituted for <80>
3: In grid.Call(C_textBounds, as.graphicsAnnot(x$label), x$x, x$y,  :
  conversion failure on 'Original predictive Model 3 | Training observations: 1990–2005 | Target year: 2006' in 'mbcsToSbcs': dot substituted for <93>
4: In grid.Call.graphics(C_text, as.graphicsAnnot(x$label), x$x, x$y,  :
  conversion failure on 'Original predictive Model 3 | Training observations: 1990–2005 | Target year: 2006' in 'mbcsToSbcs': dot substituted for <e2>
5: In grid.Call.graphics(C_text, as.graphicsAnnot(x$label), x$x, x$y,  :
  conversion failure on 'Original predictive Model 3 | Training observations: 1990–2005 | Target year: 2006' in 'mbcsToSbcs': dot substituted for <80>
6: In grid.Call.graphics(C_text, as.graphicsAnnot(x$label), x$x, x$y,  :
  conversion failure on 'Original predictive Model 3 | Training observations: 1990–2005 | Target year: 2006' in 'mbcsToSbcs': dot substituted for <93>
7: In grid.Call.graphics(C_text, as.graphicsAnnot(x$label), x$x, x$y,  :
  conversion failure on 'Original predictive Model 3 | Training observations: 1990–2005 | Target year: 2006' in 'mbcsToSbcs': dot substituted for <e2>
8: In grid.Call.graphics(C_text, as.graphicsAnnot(x$label), x$x, x$y,  :
  conversion failure on 'Original predictive Model 3 | Training observations: 1990–2005 | Target year: 2006' in 'mbcsToSbcs': dot substituted for <80>
9: In grid.Call.graphics(C_text, as.graphicsAnnot(x$label), x$x, x$y,  :
  conversion failure on 'Original predictive Model 3 | Training observations: 1990–2005 | Target year: 2006' in 'mbcsToSbcs': dot substituted for <93>
Warning messages:
1: package ‘jsonlite’ was built under R version 4.2.3 
2: package ‘ggplot2’ was built under R version 4.2.3 
Fontconfig warning: using without calling FcInit()
