error    libmamba Could not open lockfile '/home/roland/.cache/mamba/proc/proc.lock'
error    libmamba Removing lock file '/home/roland/.cache/mamba/proc/proc.lock' failed
    You may need to remove it manually
critical libmamba 'mamba run' failed to lock (/home/roland/.cache/mamba/proc) or lockfile was not properly deleted - error: invocation failed : `ZN5mamba12_GLOBAL__N_119LockedFilesRegistry12acquire_lockERKNS_2fs6u8pathENSt6chrono8durationIlSt5ratioILl1ELl1EEEEEUlvE_` threw exception `N5mamba11mamba_errorE` : LockFile acquisition failed, aborting: Could not open lockfile '/home/roland/.cache/mamba/proc/proc.lock'
Command exited with non-zero status 1
	Command being timed: "environment/bin/micromamba run --prefix /home/roland/actir/shinka-cooperation-network/environment/runtime R CMD INSTALL --library=/home/roland/actir/shinka-cooperation-network/environment/R-library vendor/RSiena"
	User time (seconds): 0.00
	System time (seconds): 0.00
	Percent of CPU this job got: 70%
	Elapsed (wall clock) time (h:mm:ss or m:ss): 0:00.02
	Average shared text size (kbytes): 0
	Average unshared data size (kbytes): 0
	Average stack size (kbytes): 0
	Average total size (kbytes): 0
	Maximum resident set size (kbytes): 13444
	Average resident set size (kbytes): 0
	Major (requiring I/O) page faults: 4
	Minor (reclaiming a frame) page faults: 1003
	Voluntary context switches: 6
	Involuntary context switches: 1
	Swaps: 0
	File system inputs: 936
	File system outputs: 16
	Socket messages sent: 0
	Socket messages received: 0
	Signals delivered: 0
	Page size (bytes): 4096
	Exit status: 1
