{
  "model": "gwesp69",
  "year": 2008,
  "metrics": {
    "status": "complete",
    "pooled": {
      "pr_auc": 0.9173453700044719,
      "brier": 0.004471415657232704,
      "spending_rmse": 0.440960855902603,
      "formation_pr_auc": 0.022483956197292616,
      "dissolution_pr_auc": 0.03515025362146689
    },
    "delete_one_batch": [
      {
        "pr_auc": 0.9165074462773019,
        "brier": 0.004471926405267296,
        "spending_rmse": 0.44131000503947926,
        "formation_pr_auc": 0.022226460240053387,
        "dissolution_pr_auc": 0.03498637244577258
      },
      {
        "pr_auc": 0.9182474324605294,
        "brier": 0.004470653591784591,
        "spending_rmse": 0.4410486453150566,
        "formation_pr_auc": 0.022499617382989594,
        "dissolution_pr_auc": 0.035225301194370416
      },
      {
        "pr_auc": 0.9182481873586835,
        "brier": 0.004475298010023585,
        "spending_rmse": 0.4406761878845885,
        "formation_pr_auc": 0.022249966835826984,
        "dissolution_pr_auc": 0.0350076559326783
      },
      {
        "pr_auc": 0.9184208769624517,
        "brier": 0.004469167757468554,
        "spending_rmse": 0.4410490413200272,
        "formation_pr_auc": 0.022544925653210823,
        "dissolution_pr_auc": 0.035419670991767106
      },
      {
        "pr_auc": 0.9174022258678275,
        "brier": 0.004470901582154088,
        "spending_rmse": 0.4407531371538482,
        "formation_pr_auc": 0.022640211133763036,
        "dissolution_pr_auc": 0.03527952862014668
      }
    ],
    "batches": [
      {
        "pr_auc": 0.9193482948961573,
        "brier": 0.004472691273584906,
        "spending_rmse": 0.43968146159604327,
        "formation_pr_auc": 0.02236562376125276,
        "dissolution_pr_auc": 0.035274050590855456
      },
      {
        "pr_auc": 0.9192020538931952,
        "brier": 0.004478134276729559,
        "spending_rmse": 0.44073911302881286,
        "formation_pr_auc": 0.021405933363134098,
        "dissolution_pr_auc": 0.036201397479654236
      },
      {
        "pr_auc": 0.918939476488123,
        "brier": 0.004459086320754717,
        "spending_rmse": 0.44225261639964186,
        "formation_pr_auc": 0.022878492756752453,
        "dissolution_pr_auc": 0.0368606715507174
      },
      {
        "pr_auc": 0.9190814656204374,
        "brier": 0.00448420070754717,
        "spending_rmse": 0.4407299906490756,
        "formation_pr_auc": 0.021609378906823514,
        "dissolution_pr_auc": 0.034473747660198
      },
      {
        "pr_auc": 0.9189967402322489,
        "brier": 0.004476870676100629,
        "spending_rmse": 0.44192472085651596,
        "formation_pr_auc": 0.021015715431819276,
        "dissolution_pr_auc": 0.03526815599619599
      }
    ],
    "eligibility_sha256": "3e51b26e7feee1dda91b8fd2b9db0693e637428df9e02e9a3c2f56fbd9eef1cd",
    "dyads": 12720,
    "spending_countries": 146,
    "primary_endpoints": 5000,
    "uncertainty": "Conditional simulation precision only; five-block jackknife is approximate, especially for PR-AUC ties",
    "structural_checks": [
      {
        "scope": "Network restricted to the common eligible dyad mask; inactive and invalid edges absent in both observed and simulated graphs",
        "interpretation": "Descriptive predictive envelopes, not independent-dyad significance tests or coefficient uncertainty",
        "observed": {
          "ties": 508,
          "triangles": 789,
          "clustering": 0.26559694793536803,
          "degree_variance": 77.67795031055901
        },
        "simulated": [
          {
            "statistic": "ties",
            "finite_simulations": 1000,
            "mean": 515.255,
            "quantiles_025_50_975": [
              502,
              515,
              530
            ]
          },
          {
            "statistic": "triangles",
            "finite_simulations": 1000,
            "mean": 854.929,
            "quantiles_025_50_975": [
              806,
              854,
              919
            ]
          },
          {
            "statistic": "clustering",
            "finite_simulations": 1000,
            "mean": 0.27718721777574645,
            "quantiles_025_50_975": [
              0.26697535180881365,
              0.27700322620216766,
              0.2892936894841046
            ]
          },
          {
            "statistic": "degree_variance",
            "finite_simulations": 1000,
            "mean": 80.86664029503106,
            "quantiles_025_50_975": [
              77.31544060559006,
              80.76152950310558,
              85.07640916149069
            ]
          }
        ]
      },
      {
        "scope": "Network restricted to the common eligible dyad mask; inactive and invalid edges absent in both observed and simulated graphs",
        "interpretation": "Descriptive predictive envelopes, not independent-dyad significance tests or coefficient uncertainty",
        "observed": {
          "ties": 508,
          "triangles": 789,
          "clustering": 0.26559694793536803,
          "degree_variance": 77.67795031055901
        },
        "simulated": [
          {
            "statistic": "ties",
            "finite_simulations": 1000,
            "mean": 515.524,
            "quantiles_025_50_975": [
              502,
              515,
              530
            ]
          },
          {
            "statistic": "triangles",
            "finite_simulations": 1000,
            "mean": 855.98,
            "quantiles_025_50_975": [
              807,
              855,
              912.025
            ]
          },
          {
            "statistic": "clustering",
            "finite_simulations": 1000,
            "mean": 0.27711624929818457,
            "quantiles_025_50_975": [
              0.26709002710500246,
              0.2769451713662465,
              0.2880076852164785
            ]
          },
          {
            "statistic": "degree_variance",
            "finite_simulations": 1000,
            "mean": 80.99950023291926,
            "quantiles_025_50_975": [
              77.58695846273292,
              80.91533385093169,
              85.15999417701865
            ]
          }
        ]
      },
      {
        "scope": "Network restricted to the common eligible dyad mask; inactive and invalid edges absent in both observed and simulated graphs",
        "interpretation": "Descriptive predictive envelopes, not independent-dyad significance tests or coefficient uncertainty",
        "observed": {
          "ties": 508,
          "triangles": 789,
          "clustering": 0.26559694793536803,
          "degree_variance": 77.67795031055901
        },
        "simulated": [
          {
            "statistic": "ties",
            "finite_simulations": 1000,
            "mean": 515.254,
            "quantiles_025_50_975": [
              502,
              515,
              531
            ]
          },
          {
            "statistic": "triangles",
            "finite_simulations": 1000,
            "mean": 855.015,
            "quantiles_025_50_975": [
              802.9749999999999,
              854,
              918
            ]
          },
          {
            "statistic": "clustering",
            "finite_simulations": 1000,
            "mean": 0.27697981467965505,
            "quantiles_025_50_975": [
              0.26672653412039443,
              0.27710956915086704,
              0.28771840691121087
            ]
          },
          {
            "statistic": "degree_variance",
            "finite_simulations": 1000,
            "mean": 80.96404728260869,
            "quantiles_025_50_975": [
              77.39400621118013,
              80.92826086956522,
              85.1513198757764
            ]
          }
        ]
      },
      {
        "scope": "Network restricted to the common eligible dyad mask; inactive and invalid edges absent in both observed and simulated graphs",
        "interpretation": "Descriptive predictive envelopes, not independent-dyad significance tests or coefficient uncertainty",
        "observed": {
          "ties": 508,
          "triangles": 789,
          "clustering": 0.26559694793536803,
          "degree_variance": 77.67795031055901
        },
        "simulated": [
          {
            "statistic": "ties",
            "finite_simulations": 1000,
            "mean": 515.217,
            "quantiles_025_50_975": [
              501.975,
              515,
              530
            ]
          },
          {
            "statistic": "triangles",
            "finite_simulations": 1000,
            "mean": 855.752,
            "quantiles_025_50_975": [
              806,
              855,
              912
            ]
          },
          {
            "statistic": "clustering",
            "finite_simulations": 1000,
            "mean": 0.2773494084438669,
            "quantiles_025_50_975": [
              0.26685205097286435,
              0.27726947409079433,
              0.28855216915968424
            ]
          },
          {
            "statistic": "degree_variance",
            "finite_simulations": 1000,
            "mean": 80.91796413043478,
            "quantiles_025_50_975": [
              77.37813082298138,
              80.89258540372671,
              84.73827251552795
            ]
          }
        ]
      },
      {
        "scope": "Network restricted to the common eligible dyad mask; inactive and invalid edges absent in both observed and simulated graphs",
        "interpretation": "Descriptive predictive envelopes, not independent-dyad significance tests or coefficient uncertainty",
        "observed": {
          "ties": 508,
          "triangles": 789,
          "clustering": 0.26559694793536803,
          "degree_variance": 77.67795031055901
        },
        "simulated": [
          {
            "statistic": "ties",
            "finite_simulations": 1000,
            "mean": 515.447,
            "quantiles_025_50_975": [
              502.97499999999997,
              515,
              530
            ]
          },
          {
            "statistic": "triangles",
            "finite_simulations": 1000,
            "mean": 855.077,
            "quantiles_025_50_975": [
              808.9749999999999,
              854,
              913.05
            ]
          },
          {
            "statistic": "clustering",
            "finite_simulations": 1000,
            "mean": 0.2771349918637179,
            "quantiles_025_50_975": [
              0.26729157857289354,
              0.2768281804902174,
              0.28848210234641153
            ]
          },
          {
            "statistic": "degree_variance",
            "finite_simulations": 1000,
            "mean": 80.87827546583851,
            "quantiles_025_50_975": [
              77.5872379658385,
              80.84037267080745,
              84.8635229037267
            ]
          }
        ]
      }
    ]
  },
  "accepted": {
    "status": "accepted",
    "version": "precision-before-continuation-v1",
    "target": 2008,
    "accepted_attempt": 2,
    "authoritative_n3": 3000,
    "diagnostics": {
      "valid": true,
      "maximum_absolute_t_ratio": 0.0791225020941973,
      "overall_maximum_convergence": 0.20852677617324983,
      "t_ratios": [
        0.025105062369568932,
        -0.014873233692670513,
        -0.042845299158558024,
        -0.010300430908433163,
        -0.018092135328747688,
        -0.027656758238538887,
        0.003087535667006954,
        0.027507445134646116,
        0.0028342296486684963,
        0.014225768466493168,
        0.014256687245069432,
        -0.02417873362653413,
        -0.03539113828679316,
        -0.028649129856713442,
        0.026538829244690317,
        -0.00020479532406291931,
        -0.05059051580315267,
        -0.026837724860775,
        -0.014189557996626887,
        -0.018787960795787796,
        0.01665596759400508,
        -0.028840861723943068,
        -0.010164311116129462,
        -0.023724361431415434,
        0.01072648199987903,
        0.029211044487528433,
        0.016373875644749205,
        0.008613379984324616,
        0.017312848871054932,
        0.023376973726580243,
        0.017884924261403472,
        -0.003956062955913964,
        -0.00955316837283186,
        -0.004924673475780512,
        -0.03293688350966579,
        0.008777842475736748,
        -0.026671338380525936,
        -0.055635588068699275,
        -0.004503705516561643,
        -0.015244294835602305,
        0.03123883346605904,
        -0.004046685413799998,
        0.029767288149469103,
        -0.02643007043300724,
        0.015180042798751972,
        -0.025349884704349863,
        0.004991764694388386,
        -0.006343629066854918,
        -0.023817635601868527,
        0.01591732994596334,
        0.03204761107537069,
        0.027580448206768676,
        -0.010333197528887048,
        0.030993126739230232,
        0.0791225020941973,
        -0.009153897533640858
      ],
      "estimates": [
        0.05803587273042325,
        0.16840458065066422,
        0.5495815393385225,
        0.3979310046650228,
        0.3780386466463789,
        0.3701258106492709,
        0.4604208868851641,
        0.3539950294469999,
        0.3714874727485297,
        0.31474604345229207,
        0.36443669966096276,
        0.49953403294891396,
        0.3873401196306205,
        0.35417704266605987,
        0.3156818613071797,
        0.5651528151442698,
        0.368104034025884,
        -6.198342046279309,
        2.3130121806160773,
        0.031157132759592393,
        -0.8507271364048329,
        0.916966539699257,
        -0.5293676200293952,
        0.031927385560957915,
        -3.9613148732499766,
        -0.06633881904597969,
        1.463524612169721,
        0.800963965906083,
        0.9349467452076193,
        1.3038851699741805,
        1.354566563400927,
        1.1816125697809032,
        0.7022524783340334,
        0.5690118652924909,
        0.4762684816097579,
        0.5253669225066571,
        0.37773283226271415,
        1.7470355991796302,
        0.5928249823195926,
        1.3379092261489804,
        0.3282597560817543,
        0.2995480541996865,
        1.0952260016743605,
        0.41312094268020744,
        0.3603783653308188,
        -1.192217197240682,
        -0.03492777019312965,
        0.09624267104100621,
        -0.02459240493038924,
        -0.4916851609185783,
        -2.391413106250088,
        0.9140721750156903,
        -0.011031907125251733,
        0.27056852283470223,
        0.15454975340492974,
        7.678952628600944
      ],
      "standard_errors": [
        0.026784472839845648,
        0.042179377127240555,
        0.11395620115834579,
        0.059002847031590186,
        0.06881884114339366,
        0.06809845379330574,
        0.07639386144155187,
        0.060418234451510115,
        0.06353987114994782,
        0.056042750972514474,
        0.06000593129208808,
        0.0745854694828888,
        0.06106159641484611,
        0.05807960265812536,
        0.052380179218148686,
        0.0726037781175713,
        0.05626236796689737,
        0.2501603805060036,
        0.21796387205003923,
        0.005292432975068417,
        0.07289884447206339,
        0.14967910036450846,
        0.0747640598852039,
        0.03200818924317203,
        0.4300921796198015,
        0.06343736585719786,
        0.25550218874752273,
        0.06761713442345453,
        0.1876633756505641,
        0.26610856979287695,
        0.2542874547972486,
        0.2117935433604237,
        0.14395354461203266,
        0.1081269151229659,
        0.10343236997433809,
        0.10416891998438356,
        0.08433461257789249,
        0.3243181226723218,
        0.11381394694654241,
        0.2574639709019224,
        0.08225525975089484,
        0.07770861323115504,
        0.22133710602029708,
        0.10156772815398722,
        0.08900238029673631,
        0.08080340362544,
        0.02643287377915751,
        0.026226485394791294,
        0.008532107339357836,
        0.14046525347198155,
        0.9330236216211224,
        0.16992946071266954,
        0.0037215963878872425,
        0.19291075007733186,
        0.0931736260966633,
        2.9386254099044304
      ],
      "native_ok": true,
      "termination": "OK",
      "phase3_complete": true,
      "phase3_iterations": 3000,
      "covariance_all_finite": true,
      "covariance_message": "",
      "divergence": {
        "present": true,
        "shape_valid": true,
        "any": false,
        "indices": []
      },
      "fixed_parameters": {
        "present": true,
        "shape_valid": true,
        "any": false,
        "indices": []
      },
      "newly_fixed_parameters": {
        "present": false,
        "shape_valid": true,
        "any": false,
        "indices": []
      },
      "covariance_minimum_eigenvalue": 4.409080116503598e-06,
      "covariance_condition_number": 1966288.7270791035,
      "finite_identified": true
    },
    "new_forecasts": 0,
    "targets_read": 0
  }
}
