Warning message:
package ‘jsonlite’ was built under R version 4.2.3 
$status
[1] "complete"

$pooled
$pooled$pr_auc
[1] 0.9547989

$pooled$brier
[1] 0.003403484

$pooled$spending_rmse
[1] 0.3933363

$pooled$formation_pr_auc
[1] 0.01458751

$pooled$dissolution_pr_auc
[1] 0.04950192


$delete_one_batch
$delete_one_batch[[1]]
$delete_one_batch[[1]]$pr_auc
[1] 0.9539398

$delete_one_batch[[1]]$brier
[1] 0.003404747

$delete_one_batch[[1]]$spending_rmse
[1] 0.3934686

$delete_one_batch[[1]]$formation_pr_auc
[1] 0.01438933

$delete_one_batch[[1]]$dissolution_pr_auc
[1] 0.04879745


$delete_one_batch[[2]]
$delete_one_batch[[2]]$pr_auc
[1] 0.9552532

$delete_one_batch[[2]]$brier
[1] 0.003403872

$delete_one_batch[[2]]$spending_rmse
[1] 0.3938712

$delete_one_batch[[2]]$formation_pr_auc
[1] 0.01458956

$delete_one_batch[[2]]$dissolution_pr_auc
[1] 0.04939144


$delete_one_batch[[3]]
$delete_one_batch[[3]]$pr_auc
[1] 0.9527412

$delete_one_batch[[3]]$brier
[1] 0.003403487

$delete_one_batch[[3]]$spending_rmse
[1] 0.3931698

$delete_one_batch[[3]]$formation_pr_auc
[1] 0.01461307

$delete_one_batch[[3]]$dissolution_pr_auc
[1] 0.04943139


$delete_one_batch[[4]]
$delete_one_batch[[4]]$pr_auc
[1] 0.9548739

$delete_one_batch[[4]]$brier
[1] 0.003402992

$delete_one_batch[[4]]$spending_rmse
[1] 0.3927938

$delete_one_batch[[4]]$formation_pr_auc
[1] 0.01459362

$delete_one_batch[[4]]$dissolution_pr_auc
[1] 0.04890405


$delete_one_batch[[5]]
$delete_one_batch[[5]]$pr_auc
[1] 0.9552924

$delete_one_batch[[5]]$brier
[1] 0.003403329

$delete_one_batch[[5]]$spending_rmse
[1] 0.3934238

$delete_one_batch[[5]]$formation_pr_auc
[1] 0.01473848

$delete_one_batch[[5]]$dissolution_pr_auc
[1] 0.04956911



$batches
$batches[[1]]
$batches[[1]]$pr_auc
[1] 0.9538656

$batches[[1]]$brier
[1] 0.003402351

$batches[[1]]$spending_rmse
[1] 0.3929939

$batches[[1]]$formation_pr_auc
[1] 0.01488738

$batches[[1]]$dissolution_pr_auc
[1] 0.05053701


$batches[[2]]
$batches[[2]]$pr_auc
[1] 0.9477286

$batches[[2]]$brier
[1] 0.003405973

$batches[[2]]$spending_rmse
[1] 0.3913982

$batches[[2]]$formation_pr_auc
[1] 0.01421114

$batches[[2]]$dissolution_pr_auc
[1] 0.04852738


$batches[[3]]
$batches[[3]]$pr_auc
[1] 0.9524769

$batches[[3]]$brier
[1] 0.003407702

$batches[[3]]$spending_rmse
[1] 0.3941882

$batches[[3]]$formation_pr_auc
[1] 0.01384779

$batches[[3]]$dissolution_pr_auc
[1] 0.04794475


$batches[[4]]
$batches[[4]]$pr_auc
[1] 0.9523577

$batches[[4]]$brier
[1] 0.00340941

$batches[[4]]$spending_rmse
[1] 0.395702

$batches[[4]]$formation_pr_auc
[1] 0.01456744

$batches[[4]]$dissolution_pr_auc
[1] 0.04934625


$batches[[5]]
$batches[[5]]$pr_auc
[1] 0.9482516

$batches[[5]]$brier
[1] 0.003408099

$batches[[5]]$spending_rmse
[1] 0.3931335

$batches[[5]]$formation_pr_auc
[1] 0.01367542

$batches[[5]]$dissolution_pr_auc
[1] 0.04818035



$eligibility_sha256
[1] "3e51b26e7feee1dda91b8fd2b9db0693e637428df9e02e9a3c2f56fbd9eef1cd"

$dyads
[1] 12720

$spending_countries
[1] 151

$primary_endpoints
[1] 5000

$uncertainty
[1] "Conditional simulation precision only; five-block jackknife is approximate, especially for PR-AUC ties"

$structural_checks
$structural_checks[[1]]
$structural_checks[[1]]$scope
[1] "Network restricted to the common eligible dyad mask; inactive and invalid edges absent in both observed and simulated graphs"

$structural_checks[[1]]$interpretation
[1] "Descriptive predictive envelopes, not independent-dyad significance tests or coefficient uncertainty"

$structural_checks[[1]]$observed
$structural_checks[[1]]$observed$ties
[1] 519

$structural_checks[[1]]$observed$triangles
[1] 841

$structural_checks[[1]]$observed$clustering
[1] 0.2717579

$structural_checks[[1]]$observed$degree_variance
[1] 80.71126


$structural_checks[[1]]$simulated
$structural_checks[[1]]$simulated[[1]]
$structural_checks[[1]]$simulated[[1]]$statistic
[1] "ties"

$structural_checks[[1]]$simulated[[1]]$finite_simulations
[1] 1000

$structural_checks[[1]]$simulated[[1]]$mean
[1] 538.562

$structural_checks[[1]]$simulated[[1]]$quantiles_025_50_975
[1] 524 539 553


$structural_checks[[1]]$simulated[[2]]
$structural_checks[[1]]$simulated[[2]]$statistic
[1] "triangles"

$structural_checks[[1]]$simulated[[2]]$finite_simulations
[1] 1000

$structural_checks[[1]]$simulated[[2]]$mean
[1] 890.115

$structural_checks[[1]]$simulated[[2]]$quantiles_025_50_975
[1] 831 889 957


$structural_checks[[1]]$simulated[[3]]
$structural_checks[[1]]$simulated[[3]]$statistic
[1] "clustering"

$structural_checks[[1]]$simulated[[3]]$finite_simulations
[1] 1000

$structural_checks[[1]]$simulated[[3]]$mean
[1] 0.2672829

$structural_checks[[1]]$simulated[[3]]$quantiles_025_50_975
[1] 0.2552914 0.2671372 0.2797281


$structural_checks[[1]]$simulated[[4]]
$structural_checks[[1]]$simulated[[4]]$statistic
[1] "degree_variance"

$structural_checks[[1]]$simulated[[4]]$finite_simulations
[1] 1000

$structural_checks[[1]]$simulated[[4]]$mean
[1] 86.55925

$structural_checks[[1]]$simulated[[4]]$quantiles_025_50_975
[1] 82.45491 86.43222 91.35647




$structural_checks[[2]]
$structural_checks[[2]]$scope
[1] "Network restricted to the common eligible dyad mask; inactive and invalid edges absent in both observed and simulated graphs"

$structural_checks[[2]]$interpretation
[1] "Descriptive predictive envelopes, not independent-dyad significance tests or coefficient uncertainty"

$structural_checks[[2]]$observed
$structural_checks[[2]]$observed$ties
[1] 519

$structural_checks[[2]]$observed$triangles
[1] 841

$structural_checks[[2]]$observed$clustering
[1] 0.2717579

$structural_checks[[2]]$observed$degree_variance
[1] 80.71126


$structural_checks[[2]]$simulated
$structural_checks[[2]]$simulated[[1]]
$structural_checks[[2]]$simulated[[1]]$statistic
[1] "ties"

$structural_checks[[2]]$simulated[[1]]$finite_simulations
[1] 1000

$structural_checks[[2]]$simulated[[1]]$mean
[1] 538.432

$structural_checks[[2]]$simulated[[1]]$quantiles_025_50_975
[1] 523 538 553


$structural_checks[[2]]$simulated[[2]]
$structural_checks[[2]]$simulated[[2]]$statistic
[1] "triangles"

$structural_checks[[2]]$simulated[[2]]$finite_simulations
[1] 1000

$structural_checks[[2]]$simulated[[2]]$mean
[1] 890.627

$structural_checks[[2]]$simulated[[2]]$quantiles_025_50_975
[1] 831.0 889.5 957.0


$structural_checks[[2]]$simulated[[3]]
$structural_checks[[2]]$simulated[[3]]$statistic
[1] "clustering"

$structural_checks[[2]]$simulated[[3]]$finite_simulations
[1] 1000

$structural_checks[[2]]$simulated[[3]]$mean
[1] 0.2676858

$structural_checks[[2]]$simulated[[3]]$quantiles_025_50_975
[1] 0.2551130 0.2677536 0.2808669


$structural_checks[[2]]$simulated[[4]]
$structural_checks[[2]]$simulated[[4]]$statistic
[1] "degree_variance"

$structural_checks[[2]]$simulated[[4]]$finite_simulations
[1] 1000

$structural_checks[[2]]$simulated[[4]]$mean
[1] 86.46857

$structural_checks[[2]]$simulated[[4]]$quantiles_025_50_975
[1] 82.24121 86.41242 91.52154




$structural_checks[[3]]
$structural_checks[[3]]$scope
[1] "Network restricted to the common eligible dyad mask; inactive and invalid edges absent in both observed and simulated graphs"

$structural_checks[[3]]$interpretation
[1] "Descriptive predictive envelopes, not independent-dyad significance tests or coefficient uncertainty"

$structural_checks[[3]]$observed
$structural_checks[[3]]$observed$ties
[1] 519

$structural_checks[[3]]$observed$triangles
[1] 841

$structural_checks[[3]]$observed$clustering
[1] 0.2717579

$structural_checks[[3]]$observed$degree_variance
[1] 80.71126


$structural_checks[[3]]$simulated
$structural_checks[[3]]$simulated[[1]]
$structural_checks[[3]]$simulated[[1]]$statistic
[1] "ties"

$structural_checks[[3]]$simulated[[1]]$finite_simulations
[1] 1000

$structural_checks[[3]]$simulated[[1]]$mean
[1] 538.379

$structural_checks[[3]]$simulated[[1]]$quantiles_025_50_975
[1] 524 538 554


$structural_checks[[3]]$simulated[[2]]
$structural_checks[[3]]$simulated[[2]]$statistic
[1] "triangles"

$structural_checks[[3]]$simulated[[2]]$finite_simulations
[1] 1000

$structural_checks[[3]]$simulated[[2]]$mean
[1] 891.411

$structural_checks[[3]]$simulated[[2]]$quantiles_025_50_975
[1] 830 889 964


$structural_checks[[3]]$simulated[[3]]
$structural_checks[[3]]$simulated[[3]]$statistic
[1] "clustering"

$structural_checks[[3]]$simulated[[3]]$finite_simulations
[1] 1000

$structural_checks[[3]]$simulated[[3]]$mean
[1] 0.2678335

$structural_checks[[3]]$simulated[[3]]$quantiles_025_50_975
[1] 0.2555492 0.2676865 0.2808400


$structural_checks[[3]]$simulated[[4]]
$structural_checks[[3]]$simulated[[4]]$statistic
[1] "degree_variance"

$structural_checks[[3]]$simulated[[4]]$finite_simulations
[1] 1000

$structural_checks[[3]]$simulated[[4]]$mean
[1] 86.51127

$structural_checks[[3]]$simulated[[4]]$quantiles_025_50_975
[1] 82.20460 86.44181 91.06674




$structural_checks[[4]]
$structural_checks[[4]]$scope
[1] "Network restricted to the common eligible dyad mask; inactive and invalid edges absent in both observed and simulated graphs"

$structural_checks[[4]]$interpretation
[1] "Descriptive predictive envelopes, not independent-dyad significance tests or coefficient uncertainty"

$structural_checks[[4]]$observed
$structural_checks[[4]]$observed$ties
[1] 519

$structural_checks[[4]]$observed$triangles
[1] 841

$structural_checks[[4]]$observed$clustering
[1] 0.2717579

$structural_checks[[4]]$observed$degree_variance
[1] 80.71126


$structural_checks[[4]]$simulated
$structural_checks[[4]]$simulated[[1]]
$structural_checks[[4]]$simulated[[1]]$statistic
[1] "ties"

$structural_checks[[4]]$simulated[[1]]$finite_simulations
[1] 1000

$structural_checks[[4]]$simulated[[1]]$mean
[1] 538.45

$structural_checks[[4]]$simulated[[1]]$quantiles_025_50_975
[1] 524 538 553


$structural_checks[[4]]$simulated[[2]]
$structural_checks[[4]]$simulated[[2]]$statistic
[1] "triangles"

$structural_checks[[4]]$simulated[[2]]$finite_simulations
[1] 1000

$structural_checks[[4]]$simulated[[2]]$mean
[1] 890.968

$structural_checks[[4]]$simulated[[2]]$quantiles_025_50_975
[1] 827.975 888.000 966.000


$structural_checks[[4]]$simulated[[3]]
$structural_checks[[4]]$simulated[[3]]$statistic
[1] "clustering"

$structural_checks[[4]]$simulated[[3]]$finite_simulations
[1] 1000

$structural_checks[[4]]$simulated[[3]]$mean
[1] 0.2676285

$structural_checks[[4]]$simulated[[3]]$quantiles_025_50_975
[1] 0.2550925 0.2677439 0.2809216


$structural_checks[[4]]$simulated[[4]]
$structural_checks[[4]]$simulated[[4]]$statistic
[1] "degree_variance"

$structural_checks[[4]]$simulated[[4]]$finite_simulations
[1] 1000

$structural_checks[[4]]$simulated[[4]]$mean
[1] 86.52825

$structural_checks[[4]]$simulated[[4]]$quantiles_025_50_975
[1] 82.06130 86.35148 91.36654




$structural_checks[[5]]
$structural_checks[[5]]$scope
[1] "Network restricted to the common eligible dyad mask; inactive and invalid edges absent in both observed and simulated graphs"

$structural_checks[[5]]$interpretation
[1] "Descriptive predictive envelopes, not independent-dyad significance tests or coefficient uncertainty"

$structural_checks[[5]]$observed
$structural_checks[[5]]$observed$ties
[1] 519

$structural_checks[[5]]$observed$triangles
[1] 841

$structural_checks[[5]]$observed$clustering
[1] 0.2717579

$structural_checks[[5]]$observed$degree_variance
[1] 80.71126


$structural_checks[[5]]$simulated
$structural_checks[[5]]$simulated[[1]]
$structural_checks[[5]]$simulated[[1]]$statistic
[1] "ties"

$structural_checks[[5]]$simulated[[1]]$finite_simulations
[1] 1000

$structural_checks[[5]]$simulated[[1]]$mean
[1] 537.968

$structural_checks[[5]]$simulated[[1]]$quantiles_025_50_975
[1] 523.975 538.000 552.025


$structural_checks[[5]]$simulated[[2]]
$structural_checks[[5]]$simulated[[2]]$statistic
[1] "triangles"

$structural_checks[[5]]$simulated[[2]]$finite_simulations
[1] 1000

$structural_checks[[5]]$simulated[[2]]$mean
[1] 888.572

$structural_checks[[5]]$simulated[[2]]$quantiles_025_50_975
[1] 828.975 886.000 959.075


$structural_checks[[5]]$simulated[[3]]
$structural_checks[[5]]$simulated[[3]]$statistic
[1] "clustering"

$structural_checks[[5]]$simulated[[3]]$finite_simulations
[1] 1000

$structural_checks[[5]]$simulated[[3]]$mean
[1] 0.2673869

$structural_checks[[5]]$simulated[[3]]$quantiles_025_50_975
[1] 0.2549359 0.2672744 0.2803455


$structural_checks[[5]]$simulated[[4]]
$structural_checks[[5]]$simulated[[4]]$statistic
[1] "degree_variance"

$structural_checks[[5]]$simulated[[4]]$finite_simulations
[1] 1000

$structural_checks[[5]]$simulated[[4]]$mean
[1] 86.38728

$structural_checks[[5]]$simulated[[4]]$quantiles_025_50_975
[1] 82.20792 86.25054 90.94480





Warning message:
package ‘PRROC’ was built under R version 4.2.3 
