$target
[1] 2006

$simulations
[1] 1000

$seed
[1] 2006001

$primary
$primary$n
[1] 12720

$primary$positives
[1] 458

$primary$negatives
[1] 12262

$primary$pr_auc
[1] 0.8853079

$primary$roc_auc
[1] 0.9764984

$primary$brier
[1] 0.00548831

$primary$limitation
NULL


$formation
$formation$n
[1] 12293

$formation$positives
[1] 50

$formation$negatives
[1] 12243

$formation$pr_auc
[1] 0.01518024

$formation$roc_auc
[1] 0.7920281

$formation$brier
[1] 0.004142449

$formation$limitation
NULL


$dissolution
$dissolution$n
[1] 427

$dissolution$positives
[1] 19

$dissolution$negatives
[1] 408

$dissolution$pr_auc
[1] 0.09834986

$dissolution$roc_auc
[1] 0.5194788

$dissolution$brier
[1] 0.0442346

$dissolution$limitation
NULL


$persistence
$persistence$n
[1] 12720

$persistence$positives
[1] 458

$persistence$negatives
[1] 12262

$persistence$pr_auc
[1] 0.8638807

$persistence$roc_auc
[1] 0.9446401

$persistence$brier
[1] 0.005424528

$persistence$limitation
NULL


$spending
$spending$n
[1] 152

$spending$units
[1] "ordinal categories 1-11"

$spending$rmse
[1] 0.3712394


$network_diagnostics
$network_diagnostics$expected_ties
[1] 451.376

$network_diagnostics$observed_ties
[1] 458

$network_diagnostics$expected_density
[1] 0.03548553

$network_diagnostics$observed_density
[1] 0.03600629

$network_diagnostics$degree_rmse
[1] 1.13015


$structural_predictive_checks
$structural_predictive_checks$scope
[1] "Network restricted to the common eligible dyad mask; inactive and invalid edges absent in both observed and simulated graphs"

$structural_predictive_checks$interpretation
[1] "Descriptive predictive envelopes, not independent-dyad significance tests or coefficient uncertainty"

$structural_predictive_checks$observed
$structural_predictive_checks$observed$ties
[1] 458

$structural_predictive_checks$observed$triangles
[1] 727

$structural_predictive_checks$observed$clustering
[1] 0.2785796

$structural_predictive_checks$observed$degree_variance
[1] 71.01545


$structural_predictive_checks$simulated
$structural_predictive_checks$simulated[[1]]
$structural_predictive_checks$simulated[[1]]$statistic
[1] "ties"

$structural_predictive_checks$simulated[[1]]$finite_simulations
[1] 1000

$structural_predictive_checks$simulated[[1]]$mean
[1] 451.376

$structural_predictive_checks$simulated[[1]]$quantiles_025_50_975
[1] 439 451 464


$structural_predictive_checks$simulated[[2]]
$structural_predictive_checks$simulated[[2]]$statistic
[1] "triangles"

$structural_predictive_checks$simulated[[2]]$finite_simulations
[1] 1000

$structural_predictive_checks$simulated[[2]]$mean
[1] 753.858

$structural_predictive_checks$simulated[[2]]$quantiles_025_50_975
[1] 700.000 753.000 812.025


$structural_predictive_checks$simulated[[3]]
$structural_predictive_checks$simulated[[3]]$statistic
[1] "clustering"

$structural_predictive_checks$simulated[[3]]$finite_simulations
[1] 1000

$structural_predictive_checks$simulated[[3]]$mean
[1] 0.2875105

$structural_predictive_checks$simulated[[3]]$quantiles_025_50_975
[1] 0.2726874 0.2876326 0.3021217


$structural_predictive_checks$simulated[[4]]
$structural_predictive_checks$simulated[[4]]$statistic
[1] "degree_variance"

$structural_predictive_checks$simulated[[4]]$finite_simulations
[1] 1000

$structural_predictive_checks$simulated[[4]]$mean
[1] 72.31775

$structural_predictive_checks$simulated[[4]]$quantiles_025_50_975
[1] 68.76329 72.30528 76.43207




$eligibility
$eligibility$total_unordered_pairs
[1] 12880

$eligibility$eligible
[1] 12720

$eligibility$excluded_inactive
[1] 160

$eligibility$excluded_target_missing_or_structural
[1] 0

$eligibility$excluded_origin_missing_or_structural
[1] 0

$eligibility$origin_actors
[1] 160

$eligibility$target_present_in_sample
[1] 160

$eligibility$entered_since_origin_in_training_sample
character(0)

$eligibility$left_since_origin_in_training_sample
character(0)

$eligibility$target_actors_outside_training_sample
 [1] "40"  "110" "520" "531" "581" "620" "700" "731" "860" "910" "940"


