Warning message:
package ‘jsonlite’ was built under R version 4.2.3 
Tracing function "phase1.1" in package "namespace:RSiena"
Tracing function "phase1.2" in package "namespace:RSiena"
Tracing function "phase2.1" in package "namespace:RSiena"
Tracing function "proc2subphase" in package "namespace:RSiena"
Tracing function "maxlikec" in package "namespace:RSiena"
Tracing function "phase3" in package "namespace:RSiena"
Tracing function "simstats0c" in package "namespace:RSiena"
Tracing function "phase3.2" in package "namespace:RSiena"
Tracing function "PotentialNR" in package "namespace:RSiena"
STEP3C: 250/3000 draws; theta unchanged; elapsed 68.8 s
STEP3C: 500/3000 draws; theta unchanged; elapsed 134.6 s
STEP3C: 750/3000 draws; theta unchanged; elapsed 200.1 s
STEP3C: 1000/3000 draws; theta unchanged; elapsed 265.7 s
STEP3C: 1250/3000 draws; theta unchanged; elapsed 331.8 s
STEP3C: 1500/3000 draws; theta unchanged; elapsed 397.1 s
STEP3C: 1750/3000 draws; theta unchanged; elapsed 463.1 s
STEP3C: 2000/3000 draws; theta unchanged; elapsed 528.9 s
STEP3C: 2250/3000 draws; theta unchanged; elapsed 594.8 s
STEP3C: 2500/3000 draws; theta unchanged; elapsed 660.6 s
STEP3C: 2750/3000 draws; theta unchanged; elapsed 726.3 s
STEP3C: 3000/3000 draws; theta unchanged; elapsed 792.5 s
Untracing function "PotentialNR" in package "namespace:RSiena"
Untracing function "phase3.2" in package "namespace:RSiena"
Untracing function "simstats0c" in package "namespace:RSiena"
Untracing function "phase3" in package "namespace:RSiena"
Untracing function "maxlikec" in package "namespace:RSiena"
Untracing function "proc2subphase" in package "namespace:RSiena"
Untracing function "phase2.1" in package "namespace:RSiena"
Untracing function "phase1.2" in package "namespace:RSiena"
Untracing function "phase1.1" in package "namespace:RSiena"
{
  "status": "completed",
  "stage": "3C",
  "fit": "attempt4",
  "seed": 2009404,
  "draws": 3000,
  "replications": 1,
  "training_years": [1990, 1991, 1992, 1993, 1994, 1995, 1996, 1997, 1998, 1999, 2000, 2001, 2002, 2003, 2004, 2005, 2006, 2007, 2008],
  "actors": 161,
  "parameters": 58,
  "nsub": 0,
  "simOnly": false,
  "coefficients_identical": true,
  "original_fixed_flags_preserved": true,
  "historical_attempt_accepted": true,
  "new_refits": 0,
  "new_forecasts": 0,
  "target_packets_read": 0,
  "raw_archives_read": 0,
  "step4_started": false,
  "guard": {
    "status": "completed",
    "phase3_entries": 1,
    "simulator_entries": 3000,
    "simulator_exits": 3000,
    "forbidden_entries": 0,
    "potential_nr_calls": 1,
    "postprocessing_entries": 1,
    "checked_every_simulator_call": true,
    "seed": 2009404,
    "nsub": 0,
    "n3": 3000,
    "simOnly": false,
    "warnings": [],
    "elapsed_seconds": 800.52700000000004
  },
  "original_diagnostic": {
    "draws": 3000,
    "maximum_absolute_t": 0.047248223874978804,
    "overall": 0.16104844548625449
  },
  "fresh_first_1000": {
    "draws": 1000,
    "maximum_absolute_t": 0.1122508218689186,
    "overall": 0.25644731965929912,
    "individual_pass": false,
    "overall_pass": false
  },
  "fresh_full_3000": {
    "draws": 3000,
    "maximum_absolute_t": 0.045648577594189006,
    "overall": 0.14369850790678945,
    "individual_pass": true,
    "overall_pass": true
  },
  "native_diagnostics": {
    "valid": true,
    "maximum_absolute_t_ratio": 0.045648577594189006,
    "overall_maximum_convergence": 0.14369850790678951,
    "t_ratios": [-0.016385691213854987, 0.020128158655093691, 0.017757928551460717, -0.024317020216755164, -0.0077048293165099743, 0.0064501233175339691, -0.031697690198438704, 0.014642213474300914, -0.019543545527959942, -0.018530844561211721, 0.00063960833888617244, 0.0069308149160204465, -0.0031436996615722434, -0.0050021872761312107, 0.018896281630789134, -0.025845595365082762, 0.0058709253424402558, -0.012969920391114647, -0.0042972331326511029, -0.011494010323331871, -0.0067087367459462751, 0.022591686302541585, -0.020749922721910313, 0.041451609817308256, -0.00060380325847075519, -0.014416287042415279, 0.031288229891198123, -0.002112340526812011, 0.0025718140169084464, -0.0018410922716254774, 0.033760469236301036, 0.023224069132327302, 0.031054551308746212, -0.045648577594189006, 0.01671641823067601, 0.0025008644806457036, -0.00020132550318502194, -0.0070460417600410243, 0.015163772591400913, 0.0034185352810136172, 0.04324603497601124, 0.001472368651392235, 0.0026839222421887938, -0.010284712918865549, -0.023570588046648969, -0.0036371555551696368, -0.0078346642595014913, 0.0036397377809203563, -0.037588680010442584, 0.012733624014664009, 0.017364991013907604, 0.0067931910984203349, -0.0077713792947437226, -0.016947795737895049, -0.024762156656080721, -0.011037699275099245, -0.012454957548793595, -0.037856799399245848],
    "estimates": [0.047228551700631852, 0.13894712724167596, 0.43138329905043404, 0.34847680516376489, 0.32331002575659029, 0.31942790949252314, 0.39789655697576404, 0.30930180973075816, 0.32694968740440766, 0.27493207413798876, 0.32198025420998189, 0.44627781533522487, 0.35355067589623074, 0.32341484045906521, 0.28948359321926159, 0.51574507860018926, 0.34118856821527421, 0.39652387500411845, -5.5318352434974472, 0.15717444526589988, 0.057160914487643204, -0.85460596149531631, 1.0960980971929684, -0.60464576516851665, 0.071449496281094621, -3.3719996485542429, -0.056740603173651788, 1.4529325299044273, 0.79703133338441279, 0.93194658944523345, 1.3029586100771537, 1.3565273683424375, 1.1874188735432549, 0.69368486263396723, 0.56666020604257561, 0.47549111622004087, 0.52158086631710665, 0.37508767684864996, 1.7195185905609456, 0.58627891681273536, 1.3256092445600145, 0.32286470325806815, 0.29736594439402031, 1.0851921553588089, 0.40825075673820821, 0.35544183619245578, 0.40647185885944515, -1.1721799948734326, -0.027366522388359096, 0.089259644422210765, -0.02080575523713649, -0.44828789797112684, -2.2276871085044854, 0.87323393718763542, -0.010955544779031602, 0.25955882789596713, 0.13505316593542002, 7.130302725687768],
    "standard_errors": [0.02105487661426873, 0.033778207832137121, 0.07690586046485004, 0.051005986420910428, 0.057883964215218346, 0.056499921617542539, 0.066143736513538234, 0.055058291773339596, 0.054650338566999787, 0.0493114236107789, 0.05248933030957418, 0.063377825482166125, 0.054514294713528519, 0.05189411172606654, 0.047458050955608781, 0.068361559634262825, 0.05296494127377064, 0.055332983547751562, 0.22171124934717365, 0.051883252409690023, 0.0049688390370365172, 0.071265354422364605, 0.13686707384711136, 0.071198945138807659, 0.029304972138652723, 0.35284621097753444, 0.057948531900596928, 0.23952445312660631, 0.06795074523508586, 0.18428897065888306, 0.24381608768166335, 0.24904622268792606, 0.24039023503321744, 0.12850721552907443, 0.11168983440426852, 0.096478895488059435, 0.11094797366252397, 0.082088435618428449, 0.35080558223169006, 0.11143438441091934, 0.23956574707708456, 0.081737838740200047, 0.081017764652564078, 0.19009414869208952, 0.10338098475059722, 0.087554724682698121, 0.098059184686431405, 0.076677299860909084, 0.023859594387619261, 0.023008781619661349, 0.0071945890913636982, 0.13209570170174659, 0.87782109423089938, 0.16675638375223961, 0.0034215887918659675, 0.19029640704264777, 0.089774791645014007, 2.8223526638249532],
    "native_ok": true,
    "termination": "OK",
    "phase3_complete": true,
    "phase3_iterations": 3000,
    "covariance_all_finite": true,
    "covariance_message": "",
    "divergence": {
      "present": true,
      "shape_valid": true,
      "any": false,
      "indices": []
    },
    "fixed_parameters": {
      "present": true,
      "shape_valid": true,
      "any": false,
      "indices": []
    },
    "newly_fixed_parameters": {
      "present": false,
      "shape_valid": true,
      "any": false,
      "indices": []
    },
    "covariance_minimum_eigenvalue": 3.718580035213736e-06,
    "covariance_condition_number": 2145741.3481868692,
    "finite_identified": true
  },
  "source_function_verification": {
    "siena07": {
      "source": "R/siena07.r",
      "loaded_body_and_formals_match": true
    },
    "robmon": {
      "source": "R/robmon.r",
      "loaded_body_and_formals_match": true
    },
    "initializeFRAN": {
      "source": "R/initializeFRAN.r",
      "loaded_body_and_formals_match": true
    },
    "simstats0c": {
      "source": "R/simstatsc.r",
      "loaded_body_and_formals_match": true
    },
    "terminateFRAN": {
      "source": "R/terminateFRAN.r",
      "loaded_body_and_formals_match": true
    },
    "phase3": {
      "source": "R/phase3.r",
      "loaded_body_and_formals_match": true
    },
    "phase3.2": {
      "source": "R/phase3.r",
      "loaded_body_and_formals_match": true
    },
    "CalculateDerivative3": {
      "source": "R/phase3.r",
      "loaded_body_and_formals_match": true
    },
    "PotentialNR": {
      "source": "R/phase3.r",
      "loaded_body_and_formals_match": true
    }
  },
  "self_tests": {
    "status": "passed",
    "checks": 13,
    "new_simulations": 0
  },
  "interpretation": "One declared repeatability cell. Prefix 1000 and full 3000 are nested, correlated samples; vectors use disjoint seed sets. Historical acceptance remains unchanged. This is conditional diagnostic variability, not fitting uncertainty, prediction quality, identification proof or search readiness."
} 
