Warning message:
package ‘jsonlite’ was built under R version 4.2.3 
           used  (Mb) gc trigger  (Mb) max used  (Mb)
Ncells  1415551  75.6    2483771 132.7  2379079 127.1
Vcells 22287069 170.1   29297974 223.6 22288254 170.1
           used  (Mb) gc trigger  (Mb) max used  (Mb)
Ncells  1411711  75.4    2483771 132.7  2379079 127.1
Vcells 13997264 106.8   29297974 223.6 22305616 170.2
Prepared past-only packets and separate target packets. No forecasting or scoring performed.
	Command being timed: "environment/run-r R/audit_data.R"
	User time (seconds): 17.92
	System time (seconds): 1.42
	Percent of CPU this job got: 97%
	Elapsed (wall clock) time (h:mm:ss or m:ss): 0:19.76
	Average shared text size (kbytes): 0
	Average unshared data size (kbytes): 0
	Average stack size (kbytes): 0
	Average total size (kbytes): 0
	Maximum resident set size (kbytes): 640304
	Average resident set size (kbytes): 0
	Major (requiring I/O) page faults: 115
	Minor (reclaiming a frame) page faults: 198549
	Voluntary context switches: 200
	Involuntary context switches: 121
	Swaps: 0
	File system inputs: 43376
	File system outputs: 64248
	Socket messages sent: 0
	Socket messages received: 0
	Signals delivered: 0
	Page size (bytes): 4096
	Exit status: 0
