Warning message:
package ‘jsonlite’ was built under R version 4.2.3 
	Command being timed: "environment/run-r R/forecast.R --spec /tmp/baseline-spec.json --target 2006 --output results/audits/forward-2006 --settings configs/evaluator-v1.json --prepare"
	User time (seconds): 3.85
	System time (seconds): 0.37
	Percent of CPU this job got: 92%
	Elapsed (wall clock) time (h:mm:ss or m:ss): 0:04.55
	Average shared text size (kbytes): 0
	Average unshared data size (kbytes): 0
	Average stack size (kbytes): 0
	Average total size (kbytes): 0
	Maximum resident set size (kbytes): 289544
	Average resident set size (kbytes): 0
	Major (requiring I/O) page faults: 417
	Minor (reclaiming a frame) page faults: 79971
	Voluntary context switches: 672
	Involuntary context switches: 23
	Swaps: 0
	File system inputs: 113536
	File system outputs: 6952
	Socket messages sent: 0
	Socket messages received: 0
	Signals delivered: 0
	Page size (bytes): 4096
	Exit status: 0
