Warning message:
package ‘jsonlite’ was built under R version 4.2.3 
$inactive_indices
260 
 38 

$start_ties
[1] 0

$attrs
      [,1]  [,2]
[1,] FALSE FALSE

$exog
$exog$events
[1] event  period actor  time  
<0 rows> (or 0-length row.names)

$exog$activeStart
        [,1]  [,2]
  [1,]  TRUE  TRUE
  [2,]  TRUE  TRUE
  [3,]  TRUE  TRUE
  [4,]  TRUE  TRUE
  [5,]  TRUE  TRUE
  [6,]  TRUE  TRUE
  [7,]  TRUE  TRUE
  [8,]  TRUE  TRUE
  [9,]  TRUE  TRUE
 [10,]  TRUE  TRUE
 [11,]  TRUE  TRUE
 [12,]  TRUE  TRUE
 [13,]  TRUE  TRUE
 [14,]  TRUE  TRUE
 [15,]  TRUE  TRUE
 [16,]  TRUE  TRUE
 [17,]  TRUE  TRUE
 [18,]  TRUE  TRUE
 [19,]  TRUE  TRUE
 [20,]  TRUE  TRUE
 [21,]  TRUE  TRUE
 [22,]  TRUE  TRUE
 [23,]  TRUE  TRUE
 [24,]  TRUE  TRUE
 [25,]  TRUE  TRUE
 [26,]  TRUE  TRUE
 [27,]  TRUE  TRUE
 [28,]  TRUE  TRUE
 [29,]  TRUE  TRUE
 [30,]  TRUE  TRUE
 [31,]  TRUE  TRUE
 [32,]  TRUE  TRUE
 [33,]  TRUE  TRUE
 [34,]  TRUE  TRUE
 [35,]  TRUE  TRUE
 [36,]  TRUE  TRUE
 [37,]  TRUE  TRUE
 [38,] FALSE FALSE
 [39,]  TRUE  TRUE
 [40,]  TRUE  TRUE
 [41,]  TRUE  TRUE
 [42,]  TRUE  TRUE
 [43,]  TRUE  TRUE
 [44,]  TRUE  TRUE
 [45,]  TRUE  TRUE
 [46,]  TRUE  TRUE
 [47,]  TRUE  TRUE
 [48,]  TRUE  TRUE
 [49,]  TRUE  TRUE
 [50,]  TRUE  TRUE
 [51,]  TRUE  TRUE
 [52,]  TRUE  TRUE
 [53,]  TRUE  TRUE
 [54,]  TRUE  TRUE
 [55,]  TRUE  TRUE
 [56,]  TRUE  TRUE
 [57,]  TRUE  TRUE
 [58,]  TRUE  TRUE
 [59,]  TRUE  TRUE
 [60,]  TRUE  TRUE
 [61,]  TRUE  TRUE
 [62,]  TRUE  TRUE
 [63,]  TRUE  TRUE
 [64,]  TRUE  TRUE
 [65,]  TRUE  TRUE
 [66,]  TRUE  TRUE
 [67,]  TRUE  TRUE
 [68,]  TRUE  TRUE
 [69,]  TRUE  TRUE
 [70,]  TRUE  TRUE
 [71,]  TRUE  TRUE
 [72,]  TRUE  TRUE
 [73,]  TRUE  TRUE
 [74,]  TRUE  TRUE
 [75,]  TRUE  TRUE
 [76,]  TRUE  TRUE
 [77,]  TRUE  TRUE
 [78,]  TRUE  TRUE
 [79,]  TRUE  TRUE
 [80,]  TRUE  TRUE
 [81,]  TRUE  TRUE
 [82,]  TRUE  TRUE
 [83,]  TRUE  TRUE
 [84,]  TRUE  TRUE
 [85,]  TRUE  TRUE
 [86,]  TRUE  TRUE
 [87,]  TRUE  TRUE
 [88,]  TRUE  TRUE
 [89,]  TRUE  TRUE
 [90,]  TRUE  TRUE
 [91,]  TRUE  TRUE
 [92,]  TRUE  TRUE
 [93,]  TRUE  TRUE
 [94,]  TRUE  TRUE
 [95,]  TRUE  TRUE
 [96,]  TRUE  TRUE
 [97,]  TRUE  TRUE
 [98,]  TRUE  TRUE
 [99,]  TRUE  TRUE
[100,]  TRUE  TRUE
[101,]  TRUE  TRUE
[102,]  TRUE  TRUE
[103,]  TRUE  TRUE
[104,]  TRUE  TRUE
[105,]  TRUE  TRUE
[106,]  TRUE  TRUE
[107,]  TRUE  TRUE
[108,]  TRUE  TRUE
[109,]  TRUE  TRUE
[110,]  TRUE  TRUE
[111,]  TRUE  TRUE
[112,]  TRUE  TRUE
[113,]  TRUE  TRUE
[114,]  TRUE  TRUE
[115,]  TRUE  TRUE
[116,]  TRUE  TRUE
[117,]  TRUE  TRUE
[118,]  TRUE  TRUE
[119,]  TRUE  TRUE
[120,]  TRUE  TRUE
[121,]  TRUE  TRUE
[122,]  TRUE  TRUE
[123,]  TRUE  TRUE
[124,]  TRUE  TRUE
[125,]  TRUE  TRUE
[126,]  TRUE  TRUE
[127,]  TRUE  TRUE
[128,]  TRUE  TRUE
[129,]  TRUE  TRUE
[130,]  TRUE  TRUE
[131,]  TRUE  TRUE
[132,]  TRUE  TRUE
[133,]  TRUE  TRUE
[134,]  TRUE  TRUE
[135,]  TRUE  TRUE
[136,]  TRUE  TRUE
[137,]  TRUE  TRUE
[138,]  TRUE  TRUE
[139,]  TRUE  TRUE
[140,]  TRUE  TRUE
[141,]  TRUE  TRUE
[142,]  TRUE  TRUE
[143,]  TRUE  TRUE
[144,]  TRUE  TRUE
[145,]  TRUE  TRUE
[146,]  TRUE  TRUE
[147,]  TRUE  TRUE
[148,]  TRUE  TRUE
[149,]  TRUE  TRUE
[150,]  TRUE  TRUE
[151,]  TRUE  TRUE
[152,]  TRUE  TRUE
[153,]  TRUE  TRUE
[154,]  TRUE  TRUE
[155,]  TRUE  TRUE
[156,]  TRUE  TRUE
[157,]  TRUE  TRUE
[158,]  TRUE  TRUE
[159,]  TRUE  TRUE
[160,]  TRUE  TRUE
[161,]  TRUE  TRUE

attr(,"nodeSet")
[1] "Actors"

If you use this algorithm object, siena07 will create/use an output file /tmp/debug-native-comp.txt .
 [1] "Data1"               "pData"               "interactionEffects" 
 [4] "basicEffects"        "interactionEffectsl" "basicEffectsl"      
 [7] "pModel"              "simpleRates"         "observations"       
[10] "depNames"            "groupNames"          "nGroup"             
[13] "types"               "myeffects"          
$cc
$cc$events
[1] event  period actor  time  
<0 rows> (or 0-length row.names)

$cc$activeStart
        [,1]  [,2]
  [1,]  TRUE  TRUE
  [2,]  TRUE  TRUE
  [3,]  TRUE  TRUE
  [4,]  TRUE  TRUE
  [5,]  TRUE  TRUE
  [6,]  TRUE  TRUE
  [7,]  TRUE  TRUE
  [8,]  TRUE  TRUE
  [9,]  TRUE  TRUE
 [10,]  TRUE  TRUE
 [11,]  TRUE  TRUE
 [12,]  TRUE  TRUE
 [13,]  TRUE  TRUE
 [14,]  TRUE  TRUE
 [15,]  TRUE  TRUE
 [16,]  TRUE  TRUE
 [17,]  TRUE  TRUE
 [18,]  TRUE  TRUE
 [19,]  TRUE  TRUE
 [20,]  TRUE  TRUE
 [21,]  TRUE  TRUE
 [22,]  TRUE  TRUE
 [23,]  TRUE  TRUE
 [24,]  TRUE  TRUE
 [25,]  TRUE  TRUE
 [26,]  TRUE  TRUE
 [27,]  TRUE  TRUE
 [28,]  TRUE  TRUE
 [29,]  TRUE  TRUE
 [30,]  TRUE  TRUE
 [31,]  TRUE  TRUE
 [32,]  TRUE  TRUE
 [33,]  TRUE  TRUE
 [34,]  TRUE  TRUE
 [35,]  TRUE  TRUE
 [36,]  TRUE  TRUE
 [37,]  TRUE  TRUE
 [38,] FALSE FALSE
 [39,]  TRUE  TRUE
 [40,]  TRUE  TRUE
 [41,]  TRUE  TRUE
 [42,]  TRUE  TRUE
 [43,]  TRUE  TRUE
 [44,]  TRUE  TRUE
 [45,]  TRUE  TRUE
 [46,]  TRUE  TRUE
 [47,]  TRUE  TRUE
 [48,]  TRUE  TRUE
 [49,]  TRUE  TRUE
 [50,]  TRUE  TRUE
 [51,]  TRUE  TRUE
 [52,]  TRUE  TRUE
 [53,]  TRUE  TRUE
 [54,]  TRUE  TRUE
 [55,]  TRUE  TRUE
 [56,]  TRUE  TRUE
 [57,]  TRUE  TRUE
 [58,]  TRUE  TRUE
 [59,]  TRUE  TRUE
 [60,]  TRUE  TRUE
 [61,]  TRUE  TRUE
 [62,]  TRUE  TRUE
 [63,]  TRUE  TRUE
 [64,]  TRUE  TRUE
 [65,]  TRUE  TRUE
 [66,]  TRUE  TRUE
 [67,]  TRUE  TRUE
 [68,]  TRUE  TRUE
 [69,]  TRUE  TRUE
 [70,]  TRUE  TRUE
 [71,]  TRUE  TRUE
 [72,]  TRUE  TRUE
 [73,]  TRUE  TRUE
 [74,]  TRUE  TRUE
 [75,]  TRUE  TRUE
 [76,]  TRUE  TRUE
 [77,]  TRUE  TRUE
 [78,]  TRUE  TRUE
 [79,]  TRUE  TRUE
 [80,]  TRUE  TRUE
 [81,]  TRUE  TRUE
 [82,]  TRUE  TRUE
 [83,]  TRUE  TRUE
 [84,]  TRUE  TRUE
 [85,]  TRUE  TRUE
 [86,]  TRUE  TRUE
 [87,]  TRUE  TRUE
 [88,]  TRUE  TRUE
 [89,]  TRUE  TRUE
 [90,]  TRUE  TRUE
 [91,]  TRUE  TRUE
 [92,]  TRUE  TRUE
 [93,]  TRUE  TRUE
 [94,]  TRUE  TRUE
 [95,]  TRUE  TRUE
 [96,]  TRUE  TRUE
 [97,]  TRUE  TRUE
 [98,]  TRUE  TRUE
 [99,]  TRUE  TRUE
[100,]  TRUE  TRUE
[101,]  TRUE  TRUE
[102,]  TRUE  TRUE
[103,]  TRUE  TRUE
[104,]  TRUE  TRUE
[105,]  TRUE  TRUE
[106,]  TRUE  TRUE
[107,]  TRUE  TRUE
[108,]  TRUE  TRUE
[109,]  TRUE  TRUE
[110,]  TRUE  TRUE
[111,]  TRUE  TRUE
[112,]  TRUE  TRUE
[113,]  TRUE  TRUE
[114,]  TRUE  TRUE
[115,]  TRUE  TRUE
[116,]  TRUE  TRUE
[117,]  TRUE  TRUE
[118,]  TRUE  TRUE
[119,]  TRUE  TRUE
[120,]  TRUE  TRUE
[121,]  TRUE  TRUE
[122,]  TRUE  TRUE
[123,]  TRUE  TRUE
[124,]  TRUE  TRUE
[125,]  TRUE  TRUE
[126,]  TRUE  TRUE
[127,]  TRUE  TRUE
[128,]  TRUE  TRUE
[129,]  TRUE  TRUE
[130,]  TRUE  TRUE
[131,]  TRUE  TRUE
[132,]  TRUE  TRUE
[133,]  TRUE  TRUE
[134,]  TRUE  TRUE
[135,]  TRUE  TRUE
[136,]  TRUE  TRUE
[137,]  TRUE  TRUE
[138,]  TRUE  TRUE
[139,]  TRUE  TRUE
[140,]  TRUE  TRUE
[141,]  TRUE  TRUE
[142,]  TRUE  TRUE
[143,]  TRUE  TRUE
[144,]  TRUE  TRUE
[145,]  TRUE  TRUE
[146,]  TRUE  TRUE
[147,]  TRUE  TRUE
[148,]  TRUE  TRUE
[149,]  TRUE  TRUE
[150,]  TRUE  TRUE
[151,]  TRUE  TRUE
[152,]  TRUE  TRUE
[153,]  TRUE  TRUE
[154,]  TRUE  TRUE
[155,]  TRUE  TRUE
[156,]  TRUE  TRUE
[157,]  TRUE  TRUE
[158,]  TRUE  TRUE
[159,]  TRUE  TRUE
[160,]  TRUE  TRUE
[161,]  TRUE  TRUE

attr(,"nodeSet")
[1] "Actors"

$Actors
  [1]   1   2   3   4   5   6   7   8   9  10  11  12  13  14  15  16  17  18
 [19]  19  20  21  22  23  24  25  26  27  28  29  30  31  32  33  34  35  36
 [37]  37  38  39  40  41  42  43  44  45  46  47  48  49  50  51  52  53  54
 [55]  55  56  57  58  59  60  61  62  63  64  65  66  67  68  69  70  71  72
 [73]  73  74  75  76  77  78  79  80  81  82  83  84  85  86  87  88  89  90
 [91]  91  92  93  94  95  96  97  98  99 100 101 102 103 104 105 106 107 108
[109] 109 110 111 112 113 114 115 116 117 118 119 120 121 122 123 124 125 126
[127] 127 128 129 130 131 132 133 134 135 136 137 138 139 140 141 142 143 144
[145] 145 146 147 148 149 150 151 152 153 154 155 156 157 158 159 160 161
attr(,"class")
[1] "sienaNodeSet"
attr(,"nodeSetName")
[1] "Actors"

     [,1] [,2] [,3]
[1,]   38  159    1
[2,]  159   38    1
[1] 2
260 
  2 
