Warning message:
package ‘jsonlite’ was built under R version 4.2.3 
If you use this algorithm object, siena07 will create/use an output file results/audits/forward-leakage/all-zero-target.txt .
If you use this algorithm object, siena07 will create/use an output file results/audits/forward-leakage/all-one-target.txt .
Real-native forward leakage audit passed; reduced, unfitted, not a scientific fitness result.
	Command being timed: "environment/run-r R/audit_forward.R"
	User time (seconds): 5.30
	System time (seconds): 0.32
	Percent of CPU this job got: 99%
	Elapsed (wall clock) time (h:mm:ss or m:ss): 0:05.63
	Average shared text size (kbytes): 0
	Average unshared data size (kbytes): 0
	Average stack size (kbytes): 0
	Average total size (kbytes): 0
	Maximum resident set size (kbytes): 356808
	Average resident set size (kbytes): 0
	Major (requiring I/O) page faults: 0
	Minor (reclaiming a frame) page faults: 94874
	Voluntary context switches: 32
	Involuntary context switches: 15
	Swaps: 0
	File system inputs: 0
	File system outputs: 120
	Socket messages sent: 0
	Socket messages received: 0
	Signals delivered: 0
	Page size (bytes): 4096
	Exit status: 0
