Warning message:
package ‘jsonlite’ was built under R version 4.2.3 
If you use this algorithm object, siena07 will create/use an output file results/audits/forward-leakage/all-zero-target.txt .
If you use this algorithm object, siena07 will create/use an output file results/audits/forward-leakage/all-one-target.txt .
Error in FUN(X[[i]], ...) : 
  all(adj[!forward$origin_active, , drop = FALSE] == 0) is not TRUE
Calls: lapply -> FUN -> stopifnot
Execution halted
Command exited with non-zero status 1
	Command being timed: "environment/run-r R/audit_forward.R"
	User time (seconds): 5.48
	System time (seconds): 0.25
	Percent of CPU this job got: 99%
	Elapsed (wall clock) time (h:mm:ss or m:ss): 0:05.78
	Average shared text size (kbytes): 0
	Average unshared data size (kbytes): 0
	Average stack size (kbytes): 0
	Average total size (kbytes): 0
	Maximum resident set size (kbytes): 348232
	Average resident set size (kbytes): 0
	Major (requiring I/O) page faults: 8
	Minor (reclaiming a frame) page faults: 93678
	Voluntary context switches: 46
	Involuntary context switches: 20
	Swaps: 0
	File system inputs: 680
	File system outputs: 72
	Socket messages sent: 0
	Socket messages received: 0
	Signals delivered: 0
	Page size (bytes): 4096
	Exit status: 1
