Warning messages:
1: package ‘dplyr’ was built under R version 4.2.3 
2: package ‘tidyr’ was built under R version 4.2.3 
3: package ‘reshape2’ was built under R version 4.2.3 
4: package ‘igraph’ was built under R version 4.2.3 
5: package ‘sna’ was built under R version 4.2.3 
6: package ‘statnet.common’ was built under R version 4.2.3 
7: package ‘network’ was built under R version 4.2.3 
Warning message:
package ‘jsonlite’ was built under R version 4.2.3 
Building spatial lag term
Calculating contiguity-based alliance spillin
Calculating UNGA-weighted DCA triangles
Discretizing behavior variable
Getting monadic covariates
Getting dyadic covariates
Done building dataset
  effectName  include fix   test  initialValue parm
1 nets.ATOP_d TRUE    FALSE FALSE          0   0   
  effectName        include fix   test  initialValue parm
1 nets.lndistance_d TRUE    FALSE FALSE          0   0   
  effectName          include fix   test  initialValue parm
1 nets.absidealdiff_d TRUE    FALSE FALSE          0   0   
  effectName     include fix   test  initialValue parm
1 nets.lntrade_d TRUE    FALSE FALSE          0   0   
  effectName  include fix   test  initialValue parm
1 nets.NATO_d TRUE    FALSE FALSE          0   0   
  effectName            include fix   test  initialValue parm
1 beh.democracy_1 alter TRUE    FALSE FALSE          0   0   
  effectName         include fix   test  initialValue parm
1 beh.lncinc_1 alter TRUE    FALSE FALSE          0   0   
  effectName      include fix   test  initialValue parm
1 milex.beh alter TRUE    FALSE FALSE          0   0   
  effectName     include fix   test  initialValue parm
1 degree act+pop TRUE    FALSE FALSE          0   1   
  effectName        include fix   test  initialValue parm
1 transitive triads TRUE    FALSE FALSE          0   0   
  effectName                             include fix   test  initialValue parm
1 milex.beh: effect from beh.democracy_1 TRUE    FALSE FALSE          0   0   
  effectName                             include fix   test  initialValue parm
1 milex.beh: effect from beh.GDPgrowth_1 TRUE    FALSE FALSE          0   0   
  effectName                        include fix   test  initialValue parm
1 milex.beh: effect from beh.nato_1 TRUE    FALSE FALSE          0   0   
  effectName                          include fix   test  initialValue parm
1 milex.beh: effect from beh.allies_1 TRUE    FALSE FALSE          0   0   
  effectName                            include fix   test  initialValue parm
1 milex.beh: effect from beh.military_1 TRUE    FALSE FALSE          0   0   
  effectName                          include fix   test  initialValue parm
1 milex.beh: effect from beh.lnmids_1 TRUE    FALSE FALSE          0   0   
  effectName                              include fix   test  initialValue parm
1 milex.beh: effect from beh.milexSpLag_1 TRUE    FALSE FALSE          0   0   
  effectName       include fix   test  initialValue parm
1 milex.beh degree TRUE    FALSE FALSE          0   0   
  effectName             include fix   test  initialValue parm
1 milex.beh dense triads TRUE    FALSE FALSE          0   6   
Command terminated by signal 9
	Command being timed: "environment/run-r R/source_parity.R"
	User time (seconds): 20.87
	System time (seconds): 0.76
	Percent of CPU this job got: 99%
	Elapsed (wall clock) time (h:mm:ss or m:ss): 0:21.75
	Average shared text size (kbytes): 0
	Average unshared data size (kbytes): 0
	Average stack size (kbytes): 0
	Average total size (kbytes): 0
	Maximum resident set size (kbytes): 684412
	Average resident set size (kbytes): 0
	Major (requiring I/O) page faults: 78
	Minor (reclaiming a frame) page faults: 284450
	Voluntary context switches: 167
	Involuntary context switches: 71
	Swaps: 0
	File system inputs: 43280
	File system outputs: 24
	Socket messages sent: 0
	Socket messages received: 0
	Signals delivered: 0
	Page size (bytes): 4096
	Exit status: 0
