Warning message:
package ‘jsonlite’ was built under R version 4.2.3 
$status
[1] "complete"

$pooled
$pooled$pr_auc
[1] 0.9173454

$pooled$brier
[1] 0.004471416

$pooled$spending_rmse
[1] 0.4409609

$pooled$formation_pr_auc
[1] 0.02248396

$pooled$dissolution_pr_auc
[1] 0.03515025


$delete_one_batch
$delete_one_batch[[1]]
$delete_one_batch[[1]]$pr_auc
[1] 0.9165074

$delete_one_batch[[1]]$brier
[1] 0.004471926

$delete_one_batch[[1]]$spending_rmse
[1] 0.44131

$delete_one_batch[[1]]$formation_pr_auc
[1] 0.02222646

$delete_one_batch[[1]]$dissolution_pr_auc
[1] 0.03498637


$delete_one_batch[[2]]
$delete_one_batch[[2]]$pr_auc
[1] 0.9182474

$delete_one_batch[[2]]$brier
[1] 0.004470654

$delete_one_batch[[2]]$spending_rmse
[1] 0.4410486

$delete_one_batch[[2]]$formation_pr_auc
[1] 0.02249962

$delete_one_batch[[2]]$dissolution_pr_auc
[1] 0.0352253


$delete_one_batch[[3]]
$delete_one_batch[[3]]$pr_auc
[1] 0.9182482

$delete_one_batch[[3]]$brier
[1] 0.004475298

$delete_one_batch[[3]]$spending_rmse
[1] 0.4406762

$delete_one_batch[[3]]$formation_pr_auc
[1] 0.02224997

$delete_one_batch[[3]]$dissolution_pr_auc
[1] 0.03500766


$delete_one_batch[[4]]
$delete_one_batch[[4]]$pr_auc
[1] 0.9184209

$delete_one_batch[[4]]$brier
[1] 0.004469168

$delete_one_batch[[4]]$spending_rmse
[1] 0.441049

$delete_one_batch[[4]]$formation_pr_auc
[1] 0.02254493

$delete_one_batch[[4]]$dissolution_pr_auc
[1] 0.03541967


$delete_one_batch[[5]]
$delete_one_batch[[5]]$pr_auc
[1] 0.9174022

$delete_one_batch[[5]]$brier
[1] 0.004470902

$delete_one_batch[[5]]$spending_rmse
[1] 0.4407531

$delete_one_batch[[5]]$formation_pr_auc
[1] 0.02264021

$delete_one_batch[[5]]$dissolution_pr_auc
[1] 0.03527953



$batches
$batches[[1]]
$batches[[1]]$pr_auc
[1] 0.9193483

$batches[[1]]$brier
[1] 0.004472691

$batches[[1]]$spending_rmse
[1] 0.4396815

$batches[[1]]$formation_pr_auc
[1] 0.02236562

$batches[[1]]$dissolution_pr_auc
[1] 0.03527405


$batches[[2]]
$batches[[2]]$pr_auc
[1] 0.9192021

$batches[[2]]$brier
[1] 0.004478134

$batches[[2]]$spending_rmse
[1] 0.4407391

$batches[[2]]$formation_pr_auc
[1] 0.02140593

$batches[[2]]$dissolution_pr_auc
[1] 0.0362014


$batches[[3]]
$batches[[3]]$pr_auc
[1] 0.9189395

$batches[[3]]$brier
[1] 0.004459086

$batches[[3]]$spending_rmse
[1] 0.4422526

$batches[[3]]$formation_pr_auc
[1] 0.02287849

$batches[[3]]$dissolution_pr_auc
[1] 0.03686067


$batches[[4]]
$batches[[4]]$pr_auc
[1] 0.9190815

$batches[[4]]$brier
[1] 0.004484201

$batches[[4]]$spending_rmse
[1] 0.44073

$batches[[4]]$formation_pr_auc
[1] 0.02160938

$batches[[4]]$dissolution_pr_auc
[1] 0.03447375


$batches[[5]]
$batches[[5]]$pr_auc
[1] 0.9189967

$batches[[5]]$brier
[1] 0.004476871

$batches[[5]]$spending_rmse
[1] 0.4419247

$batches[[5]]$formation_pr_auc
[1] 0.02101572

$batches[[5]]$dissolution_pr_auc
[1] 0.03526816



$eligibility_sha256
[1] "3e51b26e7feee1dda91b8fd2b9db0693e637428df9e02e9a3c2f56fbd9eef1cd"

$dyads
[1] 12720

$spending_countries
[1] 146

$primary_endpoints
[1] 5000

$uncertainty
[1] "Conditional simulation precision only; five-block jackknife is approximate, especially for PR-AUC ties"

$structural_checks
$structural_checks[[1]]
$structural_checks[[1]]$scope
[1] "Network restricted to the common eligible dyad mask; inactive and invalid edges absent in both observed and simulated graphs"

$structural_checks[[1]]$interpretation
[1] "Descriptive predictive envelopes, not independent-dyad significance tests or coefficient uncertainty"

$structural_checks[[1]]$observed
$structural_checks[[1]]$observed$ties
[1] 508

$structural_checks[[1]]$observed$triangles
[1] 789

$structural_checks[[1]]$observed$clustering
[1] 0.2655969

$structural_checks[[1]]$observed$degree_variance
[1] 77.67795


$structural_checks[[1]]$simulated
$structural_checks[[1]]$simulated[[1]]
$structural_checks[[1]]$simulated[[1]]$statistic
[1] "ties"

$structural_checks[[1]]$simulated[[1]]$finite_simulations
[1] 1000

$structural_checks[[1]]$simulated[[1]]$mean
[1] 515.255

$structural_checks[[1]]$simulated[[1]]$quantiles_025_50_975
[1] 502 515 530


$structural_checks[[1]]$simulated[[2]]
$structural_checks[[1]]$simulated[[2]]$statistic
[1] "triangles"

$structural_checks[[1]]$simulated[[2]]$finite_simulations
[1] 1000

$structural_checks[[1]]$simulated[[2]]$mean
[1] 854.929

$structural_checks[[1]]$simulated[[2]]$quantiles_025_50_975
[1] 806 854 919


$structural_checks[[1]]$simulated[[3]]
$structural_checks[[1]]$simulated[[3]]$statistic
[1] "clustering"

$structural_checks[[1]]$simulated[[3]]$finite_simulations
[1] 1000

$structural_checks[[1]]$simulated[[3]]$mean
[1] 0.2771872

$structural_checks[[1]]$simulated[[3]]$quantiles_025_50_975
[1] 0.2669754 0.2770032 0.2892937


$structural_checks[[1]]$simulated[[4]]
$structural_checks[[1]]$simulated[[4]]$statistic
[1] "degree_variance"

$structural_checks[[1]]$simulated[[4]]$finite_simulations
[1] 1000

$structural_checks[[1]]$simulated[[4]]$mean
[1] 80.86664

$structural_checks[[1]]$simulated[[4]]$quantiles_025_50_975
[1] 77.31544 80.76153 85.07641




$structural_checks[[2]]
$structural_checks[[2]]$scope
[1] "Network restricted to the common eligible dyad mask; inactive and invalid edges absent in both observed and simulated graphs"

$structural_checks[[2]]$interpretation
[1] "Descriptive predictive envelopes, not independent-dyad significance tests or coefficient uncertainty"

$structural_checks[[2]]$observed
$structural_checks[[2]]$observed$ties
[1] 508

$structural_checks[[2]]$observed$triangles
[1] 789

$structural_checks[[2]]$observed$clustering
[1] 0.2655969

$structural_checks[[2]]$observed$degree_variance
[1] 77.67795


$structural_checks[[2]]$simulated
$structural_checks[[2]]$simulated[[1]]
$structural_checks[[2]]$simulated[[1]]$statistic
[1] "ties"

$structural_checks[[2]]$simulated[[1]]$finite_simulations
[1] 1000

$structural_checks[[2]]$simulated[[1]]$mean
[1] 515.524

$structural_checks[[2]]$simulated[[1]]$quantiles_025_50_975
[1] 502 515 530


$structural_checks[[2]]$simulated[[2]]
$structural_checks[[2]]$simulated[[2]]$statistic
[1] "triangles"

$structural_checks[[2]]$simulated[[2]]$finite_simulations
[1] 1000

$structural_checks[[2]]$simulated[[2]]$mean
[1] 855.98

$structural_checks[[2]]$simulated[[2]]$quantiles_025_50_975
[1] 807.000 855.000 912.025


$structural_checks[[2]]$simulated[[3]]
$structural_checks[[2]]$simulated[[3]]$statistic
[1] "clustering"

$structural_checks[[2]]$simulated[[3]]$finite_simulations
[1] 1000

$structural_checks[[2]]$simulated[[3]]$mean
[1] 0.2771162

$structural_checks[[2]]$simulated[[3]]$quantiles_025_50_975
[1] 0.2670900 0.2769452 0.2880077


$structural_checks[[2]]$simulated[[4]]
$structural_checks[[2]]$simulated[[4]]$statistic
[1] "degree_variance"

$structural_checks[[2]]$simulated[[4]]$finite_simulations
[1] 1000

$structural_checks[[2]]$simulated[[4]]$mean
[1] 80.9995

$structural_checks[[2]]$simulated[[4]]$quantiles_025_50_975
[1] 77.58696 80.91533 85.15999




$structural_checks[[3]]
$structural_checks[[3]]$scope
[1] "Network restricted to the common eligible dyad mask; inactive and invalid edges absent in both observed and simulated graphs"

$structural_checks[[3]]$interpretation
[1] "Descriptive predictive envelopes, not independent-dyad significance tests or coefficient uncertainty"

$structural_checks[[3]]$observed
$structural_checks[[3]]$observed$ties
[1] 508

$structural_checks[[3]]$observed$triangles
[1] 789

$structural_checks[[3]]$observed$clustering
[1] 0.2655969

$structural_checks[[3]]$observed$degree_variance
[1] 77.67795


$structural_checks[[3]]$simulated
$structural_checks[[3]]$simulated[[1]]
$structural_checks[[3]]$simulated[[1]]$statistic
[1] "ties"

$structural_checks[[3]]$simulated[[1]]$finite_simulations
[1] 1000

$structural_checks[[3]]$simulated[[1]]$mean
[1] 515.254

$structural_checks[[3]]$simulated[[1]]$quantiles_025_50_975
[1] 502 515 531


$structural_checks[[3]]$simulated[[2]]
$structural_checks[[3]]$simulated[[2]]$statistic
[1] "triangles"

$structural_checks[[3]]$simulated[[2]]$finite_simulations
[1] 1000

$structural_checks[[3]]$simulated[[2]]$mean
[1] 855.015

$structural_checks[[3]]$simulated[[2]]$quantiles_025_50_975
[1] 802.975 854.000 918.000


$structural_checks[[3]]$simulated[[3]]
$structural_checks[[3]]$simulated[[3]]$statistic
[1] "clustering"

$structural_checks[[3]]$simulated[[3]]$finite_simulations
[1] 1000

$structural_checks[[3]]$simulated[[3]]$mean
[1] 0.2769798

$structural_checks[[3]]$simulated[[3]]$quantiles_025_50_975
[1] 0.2667265 0.2771096 0.2877184


$structural_checks[[3]]$simulated[[4]]
$structural_checks[[3]]$simulated[[4]]$statistic
[1] "degree_variance"

$structural_checks[[3]]$simulated[[4]]$finite_simulations
[1] 1000

$structural_checks[[3]]$simulated[[4]]$mean
[1] 80.96405

$structural_checks[[3]]$simulated[[4]]$quantiles_025_50_975
[1] 77.39401 80.92826 85.15132




$structural_checks[[4]]
$structural_checks[[4]]$scope
[1] "Network restricted to the common eligible dyad mask; inactive and invalid edges absent in both observed and simulated graphs"

$structural_checks[[4]]$interpretation
[1] "Descriptive predictive envelopes, not independent-dyad significance tests or coefficient uncertainty"

$structural_checks[[4]]$observed
$structural_checks[[4]]$observed$ties
[1] 508

$structural_checks[[4]]$observed$triangles
[1] 789

$structural_checks[[4]]$observed$clustering
[1] 0.2655969

$structural_checks[[4]]$observed$degree_variance
[1] 77.67795


$structural_checks[[4]]$simulated
$structural_checks[[4]]$simulated[[1]]
$structural_checks[[4]]$simulated[[1]]$statistic
[1] "ties"

$structural_checks[[4]]$simulated[[1]]$finite_simulations
[1] 1000

$structural_checks[[4]]$simulated[[1]]$mean
[1] 515.217

$structural_checks[[4]]$simulated[[1]]$quantiles_025_50_975
[1] 501.975 515.000 530.000


$structural_checks[[4]]$simulated[[2]]
$structural_checks[[4]]$simulated[[2]]$statistic
[1] "triangles"

$structural_checks[[4]]$simulated[[2]]$finite_simulations
[1] 1000

$structural_checks[[4]]$simulated[[2]]$mean
[1] 855.752

$structural_checks[[4]]$simulated[[2]]$quantiles_025_50_975
[1] 806 855 912


$structural_checks[[4]]$simulated[[3]]
$structural_checks[[4]]$simulated[[3]]$statistic
[1] "clustering"

$structural_checks[[4]]$simulated[[3]]$finite_simulations
[1] 1000

$structural_checks[[4]]$simulated[[3]]$mean
[1] 0.2773494

$structural_checks[[4]]$simulated[[3]]$quantiles_025_50_975
[1] 0.2668521 0.2772695 0.2885522


$structural_checks[[4]]$simulated[[4]]
$structural_checks[[4]]$simulated[[4]]$statistic
[1] "degree_variance"

$structural_checks[[4]]$simulated[[4]]$finite_simulations
[1] 1000

$structural_checks[[4]]$simulated[[4]]$mean
[1] 80.91796

$structural_checks[[4]]$simulated[[4]]$quantiles_025_50_975
[1] 77.37813 80.89259 84.73827




$structural_checks[[5]]
$structural_checks[[5]]$scope
[1] "Network restricted to the common eligible dyad mask; inactive and invalid edges absent in both observed and simulated graphs"

$structural_checks[[5]]$interpretation
[1] "Descriptive predictive envelopes, not independent-dyad significance tests or coefficient uncertainty"

$structural_checks[[5]]$observed
$structural_checks[[5]]$observed$ties
[1] 508

$structural_checks[[5]]$observed$triangles
[1] 789

$structural_checks[[5]]$observed$clustering
[1] 0.2655969

$structural_checks[[5]]$observed$degree_variance
[1] 77.67795


$structural_checks[[5]]$simulated
$structural_checks[[5]]$simulated[[1]]
$structural_checks[[5]]$simulated[[1]]$statistic
[1] "ties"

$structural_checks[[5]]$simulated[[1]]$finite_simulations
[1] 1000

$structural_checks[[5]]$simulated[[1]]$mean
[1] 515.447

$structural_checks[[5]]$simulated[[1]]$quantiles_025_50_975
[1] 502.975 515.000 530.000


$structural_checks[[5]]$simulated[[2]]
$structural_checks[[5]]$simulated[[2]]$statistic
[1] "triangles"

$structural_checks[[5]]$simulated[[2]]$finite_simulations
[1] 1000

$structural_checks[[5]]$simulated[[2]]$mean
[1] 855.077

$structural_checks[[5]]$simulated[[2]]$quantiles_025_50_975
[1] 808.975 854.000 913.050


$structural_checks[[5]]$simulated[[3]]
$structural_checks[[5]]$simulated[[3]]$statistic
[1] "clustering"

$structural_checks[[5]]$simulated[[3]]$finite_simulations
[1] 1000

$structural_checks[[5]]$simulated[[3]]$mean
[1] 0.277135

$structural_checks[[5]]$simulated[[3]]$quantiles_025_50_975
[1] 0.2672916 0.2768282 0.2884821


$structural_checks[[5]]$simulated[[4]]
$structural_checks[[5]]$simulated[[4]]$statistic
[1] "degree_variance"

$structural_checks[[5]]$simulated[[4]]$finite_simulations
[1] 1000

$structural_checks[[5]]$simulated[[4]]$mean
[1] 80.87828

$structural_checks[[5]]$simulated[[4]]$quantiles_025_50_975
[1] 77.58724 80.84037 84.86352





Warning message:
package ‘PRROC’ was built under R version 4.2.3 
