Warning message:
package ‘jsonlite’ was built under R version 4.2.3 
Tracing function "phase1.1" in package "namespace:RSiena"
Tracing function "phase1.2" in package "namespace:RSiena"
Tracing function "phase2.1" in package "namespace:RSiena"
Tracing function "proc2subphase" in package "namespace:RSiena"
Tracing function "maxlikec" in package "namespace:RSiena"
Tracing function "phase3" in package "namespace:RSiena"
Tracing function "simstats0c" in package "namespace:RSiena"
Tracing function "phase3.2" in package "namespace:RSiena"
Tracing function "PotentialNR" in package "namespace:RSiena"
STEP3C: 250/3000 draws; theta unchanged; elapsed 70.6 s
STEP3C: 500/3000 draws; theta unchanged; elapsed 137.4 s
STEP3C: 750/3000 draws; theta unchanged; elapsed 203.2 s
STEP3C: 1000/3000 draws; theta unchanged; elapsed 269.2 s
STEP3C: 1250/3000 draws; theta unchanged; elapsed 335.9 s
STEP3C: 1500/3000 draws; theta unchanged; elapsed 403.0 s
STEP3C: 1750/3000 draws; theta unchanged; elapsed 469.9 s
STEP3C: 2000/3000 draws; theta unchanged; elapsed 536.4 s
STEP3C: 2250/3000 draws; theta unchanged; elapsed 604.6 s
STEP3C: 2500/3000 draws; theta unchanged; elapsed 672.1 s
STEP3C: 2750/3000 draws; theta unchanged; elapsed 738.5 s
STEP3C: 3000/3000 draws; theta unchanged; elapsed 805.5 s
Untracing function "PotentialNR" in package "namespace:RSiena"
Untracing function "phase3.2" in package "namespace:RSiena"
Untracing function "simstats0c" in package "namespace:RSiena"
Untracing function "phase3" in package "namespace:RSiena"
Untracing function "maxlikec" in package "namespace:RSiena"
Untracing function "proc2subphase" in package "namespace:RSiena"
Untracing function "phase2.1" in package "namespace:RSiena"
Untracing function "phase1.2" in package "namespace:RSiena"
Untracing function "phase1.1" in package "namespace:RSiena"
{
  "status": "completed",
  "stage": "3C",
  "fit": "attempt4",
  "seed": 2009401,
  "draws": 3000,
  "replications": 1,
  "training_years": [1990, 1991, 1992, 1993, 1994, 1995, 1996, 1997, 1998, 1999, 2000, 2001, 2002, 2003, 2004, 2005, 2006, 2007, 2008],
  "actors": 161,
  "parameters": 58,
  "nsub": 0,
  "simOnly": false,
  "coefficients_identical": true,
  "original_fixed_flags_preserved": true,
  "historical_attempt_accepted": true,
  "new_refits": 0,
  "new_forecasts": 0,
  "target_packets_read": 0,
  "raw_archives_read": 0,
  "step4_started": false,
  "guard": {
    "status": "completed",
    "phase3_entries": 1,
    "simulator_entries": 3000,
    "simulator_exits": 3000,
    "forbidden_entries": 0,
    "potential_nr_calls": 1,
    "postprocessing_entries": 1,
    "checked_every_simulator_call": true,
    "seed": 2009401,
    "nsub": 0,
    "n3": 3000,
    "simOnly": false,
    "warnings": [],
    "elapsed_seconds": 813.52800000000002
  },
  "original_diagnostic": {
    "draws": 3000,
    "maximum_absolute_t": 0.047248223874978804,
    "overall": 0.16104844548625449
  },
  "fresh_first_1000": {
    "draws": 1000,
    "maximum_absolute_t": 0.07865426417903075,
    "overall": 0.26809365411914332,
    "individual_pass": true,
    "overall_pass": false
  },
  "fresh_full_3000": {
    "draws": 3000,
    "maximum_absolute_t": 0.046468724236101169,
    "overall": 0.15466152118748874,
    "individual_pass": true,
    "overall_pass": true
  },
  "native_diagnostics": {
    "valid": true,
    "maximum_absolute_t_ratio": 0.046468724236101169,
    "overall_maximum_convergence": 0.15466152118748885,
    "t_ratios": [-0.013730532752004244, -0.022091025174271257, -0.015239279969053042, 0.046468724236101169, -0.022816208841462644, -0.017449212206974075, -0.037077986537541012, -0.010566684821380554, 0.0021782044289599838, 0.0084528340229283825, -0.020553665427249755, -0.009189844505005795, 0.0017754942443590704, 0.015696931067243215, 0.02667682689183358, -0.033623341973831683, -0.024784217600577748, -0.015868264405770948, -0.024322347358591279, 0.002977235033768537, -0.024327144017207036, 0.019288714679028329, -0.0042457829871115349, -0.00069083648901290234, -0.023413760092112153, 0.010552505926228679, 0.003073098853175331, -0.037756105618428286, 0.0017120151201491561, -0.014156244615596041, -0.0084020779951674944, -0.0063523319877196683, -0.0081784367816545751, -0.022499416644024349, -0.032242897626999611, 0.00177994348795002, 0.0092757384497553323, -0.014873655648567137, -0.0020567128137473352, 0.011123269165146978, 0.022098730679064586, -0.020414759720331573, 0.021282445534894723, 0.037401342515356713, -0.016898067244164774, 0.035642584524694952, 0.040920496296593237, 0.025534133968601172, 0.020093432095523854, 0.0049369625681784319, -0.0022032658074875645, -0.0011163149164837665, 0.0056201240131509254, -0.0050380130945008586, -0.0087821705949448371, 0.0076297820511211228, -0.012411291807062937, 0.035877144776553113],
    "estimates": [0.047228551700631852, 0.13894712724167596, 0.43138329905043404, 0.34847680516376489, 0.32331002575659029, 0.31942790949252314, 0.39789655697576404, 0.30930180973075816, 0.32694968740440766, 0.27493207413798876, 0.32198025420998189, 0.44627781533522487, 0.35355067589623074, 0.32341484045906521, 0.28948359321926159, 0.51574507860018926, 0.34118856821527421, 0.39652387500411845, -5.5318352434974472, 0.15717444526589988, 0.057160914487643204, -0.85460596149531631, 1.0960980971929684, -0.60464576516851665, 0.071449496281094621, -3.3719996485542429, -0.056740603173651788, 1.4529325299044273, 0.79703133338441279, 0.93194658944523345, 1.3029586100771537, 1.3565273683424375, 1.1874188735432549, 0.69368486263396723, 0.56666020604257561, 0.47549111622004087, 0.52158086631710665, 0.37508767684864996, 1.7195185905609456, 0.58627891681273536, 1.3256092445600145, 0.32286470325806815, 0.29736594439402031, 1.0851921553588089, 0.40825075673820821, 0.35544183619245578, 0.40647185885944515, -1.1721799948734326, -0.027366522388359096, 0.089259644422210765, -0.02080575523713649, -0.44828789797112684, -2.2276871085044854, 0.87323393718763542, -0.010955544779031602, 0.25955882789596713, 0.13505316593542002, 7.130302725687768],
    "standard_errors": [0.021595507684742096, 0.034764485586932792, 0.080213924739014439, 0.050310514980047238, 0.059751391046154685, 0.058517526237032796, 0.06722165482829548, 0.056247280709797044, 0.053774844162999595, 0.049674068632151368, 0.051887677835595954, 0.066486355711061706, 0.055982224712946699, 0.051784070120092368, 0.047635091241754461, 0.066412159733567774, 0.052239788100746642, 0.055309914356437548, 0.22036021495241165, 0.05229626341970571, 0.0051084221907837027, 0.068953722651153057, 0.13619619105828232, 0.06983956174397736, 0.029859160711116779, 0.36063181203280231, 0.057998983782954261, 0.24220902674429262, 0.066814024090822724, 0.17831630646960644, 0.24893646734986061, 0.24340618031369143, 0.21176807996584279, 0.13380341287269754, 0.12099437062076213, 0.09708912820833776, 0.10426151150216494, 0.080445673226422418, 0.33381685914818487, 0.11444876450962155, 0.23708860903180035, 0.080471382355187943, 0.074706482945305075, 0.20571414434556179, 0.10406854797221352, 0.088158202297121263, 0.095270178655603735, 0.077313848527644211, 0.023711393843877125, 0.02294247140127265, 0.0071379454791386356, 0.13481229378329382, 0.8640925971905502, 0.16643969039293802, 0.0034977626233386894, 0.18757628481102864, 0.090024235365354283, 2.8212098769797826],
    "native_ok": true,
    "termination": "OK",
    "phase3_complete": true,
    "phase3_iterations": 3000,
    "covariance_all_finite": true,
    "covariance_message": "",
    "divergence": {
      "present": true,
      "shape_valid": true,
      "any": false,
      "indices": []
    },
    "fixed_parameters": {
      "present": true,
      "shape_valid": true,
      "any": false,
      "indices": []
    },
    "newly_fixed_parameters": {
      "present": false,
      "shape_valid": true,
      "any": false,
      "indices": []
    },
    "covariance_minimum_eigenvalue": 3.773678456321306e-06,
    "covariance_condition_number": 2114450.8670805413,
    "finite_identified": true
  },
  "source_function_verification": {
    "siena07": {
      "source": "R/siena07.r",
      "loaded_body_and_formals_match": true
    },
    "robmon": {
      "source": "R/robmon.r",
      "loaded_body_and_formals_match": true
    },
    "initializeFRAN": {
      "source": "R/initializeFRAN.r",
      "loaded_body_and_formals_match": true
    },
    "simstats0c": {
      "source": "R/simstatsc.r",
      "loaded_body_and_formals_match": true
    },
    "terminateFRAN": {
      "source": "R/terminateFRAN.r",
      "loaded_body_and_formals_match": true
    },
    "phase3": {
      "source": "R/phase3.r",
      "loaded_body_and_formals_match": true
    },
    "phase3.2": {
      "source": "R/phase3.r",
      "loaded_body_and_formals_match": true
    },
    "CalculateDerivative3": {
      "source": "R/phase3.r",
      "loaded_body_and_formals_match": true
    },
    "PotentialNR": {
      "source": "R/phase3.r",
      "loaded_body_and_formals_match": true
    }
  },
  "self_tests": {
    "status": "passed",
    "checks": 13,
    "new_simulations": 0
  },
  "interpretation": "One declared repeatability cell. Prefix 1000 and full 3000 are nested, correlated samples; vectors use disjoint seed sets. Historical acceptance remains unchanged. This is conditional diagnostic variability, not fitting uncertainty, prediction quality, identification proof or search readiness."
} 
