Warning messages:
1: package ‘jsonlite’ was built under R version 4.2.3 
2: package ‘PRROC’ was built under R version 4.2.3 
$`reference/2006`
$`reference/2006`$recomputed_valid
[1] TRUE

$`reference/2006`$recorded_valid
[1] TRUE

$`reference/2006`$authoritative_n3
[1] 3000

$`reference/2006`$differences
list()


$`reference/2007`
$`reference/2007`$recomputed_valid
[1] TRUE

$`reference/2007`$recorded_valid
[1] TRUE

$`reference/2007`$authoritative_n3
[1] 3000

$`reference/2007`$differences
$`reference/2007`$differences$covariance_minimum_eigenvalue
$`reference/2007`$differences$covariance_minimum_eigenvalue$actual
[1] 5.277238e-06

$`reference/2007`$differences$covariance_minimum_eigenvalue$recorded
[1] 5.277238e-06

$`reference/2007`$differences$covariance_minimum_eigenvalue$all_equal
[1] TRUE

$`reference/2007`$differences$covariance_minimum_eigenvalue$actual_type
[1] "double"

$`reference/2007`$differences$covariance_minimum_eigenvalue$recorded_type
[1] "double"


$`reference/2007`$differences$covariance_condition_number
$`reference/2007`$differences$covariance_condition_number$actual
[1] 1705374

$`reference/2007`$differences$covariance_condition_number$recorded
[1] 1705374

$`reference/2007`$differences$covariance_condition_number$all_equal
[1] TRUE

$`reference/2007`$differences$covariance_condition_number$actual_type
[1] "double"

$`reference/2007`$differences$covariance_condition_number$recorded_type
[1] "double"




$`reference/2008`
$`reference/2008`$recomputed_valid
[1] TRUE

$`reference/2008`$recorded_valid
[1] TRUE

$`reference/2008`$authoritative_n3
[1] 3000

$`reference/2008`$differences
list()


$`reference/2009`
$`reference/2009`$recomputed_valid
[1] TRUE

$`reference/2009`$recorded_valid
[1] TRUE

$`reference/2009`$authoritative_n3
[1] 3000

$`reference/2009`$differences
$`reference/2009`$differences$covariance_minimum_eigenvalue
$`reference/2009`$differences$covariance_minimum_eigenvalue$actual
[1] 3.865691e-06

$`reference/2009`$differences$covariance_minimum_eigenvalue$recorded
[1] 3.865691e-06

$`reference/2009`$differences$covariance_minimum_eigenvalue$all_equal
[1] TRUE

$`reference/2009`$differences$covariance_minimum_eigenvalue$actual_type
[1] "double"

$`reference/2009`$differences$covariance_minimum_eigenvalue$recorded_type
[1] "double"


$`reference/2009`$differences$covariance_condition_number
$`reference/2009`$differences$covariance_condition_number$actual
[1] 1920931

$`reference/2009`$differences$covariance_condition_number$recorded
[1] 1920931

$`reference/2009`$differences$covariance_condition_number$all_equal
[1] TRUE

$`reference/2009`$differences$covariance_condition_number$actual_type
[1] "double"

$`reference/2009`$differences$covariance_condition_number$recorded_type
[1] "double"




$`gwesp69/2006`
$`gwesp69/2006`$recomputed_valid
[1] TRUE

$`gwesp69/2006`$recorded_valid
[1] TRUE

$`gwesp69/2006`$authoritative_n3
[1] 3000

$`gwesp69/2006`$differences
list()


$`gwesp69/2007`
$`gwesp69/2007`$recomputed_valid
[1] TRUE

$`gwesp69/2007`$recorded_valid
[1] TRUE

$`gwesp69/2007`$authoritative_n3
[1] 3000

$`gwesp69/2007`$differences
list()


$`gwesp69/2008`
$`gwesp69/2008`$recomputed_valid
[1] TRUE

$`gwesp69/2008`$recorded_valid
[1] TRUE

$`gwesp69/2008`$authoritative_n3
[1] 3000

$`gwesp69/2008`$differences
list()


$`gwesp69/2009`
$`gwesp69/2009`$recomputed_valid
[1] TRUE

$`gwesp69/2009`$recorded_valid
[1] TRUE

$`gwesp69/2009`$authoritative_n3
[1] 3000

$`gwesp69/2009`$differences
list()


