$target
[1] 2009

$simulations
[1] 1000

$seed
[1] 2009103

$primary
$primary$n
[1] 12720

$primary$positives
[1] 519

$primary$negatives
[1] 12201

$primary$pr_auc
[1] 0.9495399

$primary$roc_auc
[1] 0.9920418

$primary$brier
[1] 0.003404407

$primary$limitation
NULL


$formation
$formation$n
[1] 12212

$formation$positives
[1] 26

$formation$negatives
[1] 12186

$formation$pr_auc
[1] 0.01338882

$formation$roc_auc
[1] 0.8510649

$formation$brier
[1] 0.002260129

$formation$limitation
NULL


$dissolution
$dissolution$n
[1] 508

$dissolution$positives
[1] 15

$dissolution$negatives
[1] 493

$dissolution$pr_auc
[1] 0.04913244

$dissolution$roc_auc
[1] 0.6192022

$dissolution$brier
[1] 0.03091212

$dissolution$limitation
NULL


$persistence
$persistence$n
[1] 12720

$persistence$positives
[1] 519

$persistence$negatives
[1] 12201

$persistence$pr_auc
[1] 0.9284607

$persistence$roc_auc
[1] 0.9743371

$persistence$brier
[1] 0.00322327

$persistence$limitation
NULL


$spending
$spending$n
[1] 151

$spending$units
[1] "ordinal categories 1-11"

$spending$rmse
[1] 0.3958532


$network_diagnostics
$network_diagnostics$expected_ties
[1] 538.581

$network_diagnostics$observed_ties
[1] 519

$network_diagnostics$expected_density
[1] 0.04234127

$network_diagnostics$observed_density
[1] 0.04080189

$network_diagnostics$degree_rmse
[1] 1.064277


$structural_predictive_checks
$structural_predictive_checks$scope
[1] "Network restricted to the common eligible dyad mask; inactive and invalid edges absent in both observed and simulated graphs"

$structural_predictive_checks$interpretation
[1] "Descriptive predictive envelopes, not independent-dyad significance tests or coefficient uncertainty"

$structural_predictive_checks$observed
$structural_predictive_checks$observed$ties
[1] 519

$structural_predictive_checks$observed$triangles
[1] 841

$structural_predictive_checks$observed$clustering
[1] 0.2717579

$structural_predictive_checks$observed$degree_variance
[1] 80.71126


$structural_predictive_checks$simulated
$structural_predictive_checks$simulated[[1]]
$structural_predictive_checks$simulated[[1]]$statistic
[1] "ties"

$structural_predictive_checks$simulated[[1]]$finite_simulations
[1] 1000

$structural_predictive_checks$simulated[[1]]$mean
[1] 538.581

$structural_predictive_checks$simulated[[1]]$quantiles_025_50_975
[1] 524 538 554


$structural_predictive_checks$simulated[[2]]
$structural_predictive_checks$simulated[[2]]$statistic
[1] "triangles"

$structural_predictive_checks$simulated[[2]]$finite_simulations
[1] 1000

$structural_predictive_checks$simulated[[2]]$mean
[1] 890.73

$structural_predictive_checks$simulated[[2]]$quantiles_025_50_975
[1] 831.925 889.000 963.025


$structural_predictive_checks$simulated[[3]]
$structural_predictive_checks$simulated[[3]]$statistic
[1] "clustering"

$structural_predictive_checks$simulated[[3]]$finite_simulations
[1] 1000

$structural_predictive_checks$simulated[[3]]$mean
[1] 0.2675886

$structural_predictive_checks$simulated[[3]]$quantiles_025_50_975
[1] 0.2545849 0.2678408 0.2810907


$structural_predictive_checks$simulated[[4]]
$structural_predictive_checks$simulated[[4]]$statistic
[1] "degree_variance"

$structural_predictive_checks$simulated[[4]]$finite_simulations
[1] 1000

$structural_predictive_checks$simulated[[4]]$mean
[1] 86.49925

$structural_predictive_checks$simulated[[4]]$quantiles_025_50_975
[1] 82.30952 86.34670 91.48827




$eligibility
$eligibility$total_unordered_pairs
[1] 12880

$eligibility$eligible
[1] 12720

$eligibility$excluded_inactive
[1] 160

$eligibility$excluded_target_missing_or_structural
[1] 0

$eligibility$excluded_origin_missing_or_structural
[1] 0

$eligibility$origin_actors
[1] 160

$eligibility$target_present_in_sample
[1] 160

$eligibility$entered_since_origin_in_training_sample
character(0)

$eligibility$left_since_origin_in_training_sample
character(0)

$eligibility$target_actors_outside_training_sample
 [1] "40"  "110" "520" "531" "581" "620" "700" "731" "860" "910" "940"


